Archive member included because of file (symbol)

c:/program files (x86)/atmel/atmel toolchain/avr8 gcc/native/3.4.1061/avr8-gnu-toolchain/bin/../lib/gcc/avr/4.8.1/../../../../avr/lib/avr5\libm.a(divsf3.o)
                              GccApplication1.o (__divsf3)
c:/program files (x86)/atmel/atmel toolchain/avr8 gcc/native/3.4.1061/avr8-gnu-toolchain/bin/../lib/gcc/avr/4.8.1/../../../../avr/lib/avr5\libm.a(divsf3x.o)
                              c:/program files (x86)/atmel/atmel toolchain/avr8 gcc/native/3.4.1061/avr8-gnu-toolchain/bin/../lib/gcc/avr/4.8.1/../../../../avr/lib/avr5\libm.a(divsf3.o) (__divsf3x)
c:/program files (x86)/atmel/atmel toolchain/avr8 gcc/native/3.4.1061/avr8-gnu-toolchain/bin/../lib/gcc/avr/4.8.1/../../../../avr/lib/avr5\libm.a(fixunssfsi.o)
                              GccApplication1.o (__fixunssfsi)
c:/program files (x86)/atmel/atmel toolchain/avr8 gcc/native/3.4.1061/avr8-gnu-toolchain/bin/../lib/gcc/avr/4.8.1/../../../../avr/lib/avr5\libm.a(floatsisf.o)
                              GccApplication1.o (__floatunsisf)
c:/program files (x86)/atmel/atmel toolchain/avr8 gcc/native/3.4.1061/avr8-gnu-toolchain/bin/../lib/gcc/avr/4.8.1/../../../../avr/lib/avr5\libm.a(fp_inf.o)
                              c:/program files (x86)/atmel/atmel toolchain/avr8 gcc/native/3.4.1061/avr8-gnu-toolchain/bin/../lib/gcc/avr/4.8.1/../../../../avr/lib/avr5\libm.a(divsf3x.o) (__fp_inf)
c:/program files (x86)/atmel/atmel toolchain/avr8 gcc/native/3.4.1061/avr8-gnu-toolchain/bin/../lib/gcc/avr/4.8.1/../../../../avr/lib/avr5\libm.a(fp_nan.o)
                              c:/program files (x86)/atmel/atmel toolchain/avr8 gcc/native/3.4.1061/avr8-gnu-toolchain/bin/../lib/gcc/avr/4.8.1/../../../../avr/lib/avr5\libm.a(divsf3x.o) (__fp_nan)
c:/program files (x86)/atmel/atmel toolchain/avr8 gcc/native/3.4.1061/avr8-gnu-toolchain/bin/../lib/gcc/avr/4.8.1/../../../../avr/lib/avr5\libm.a(fp_pscA.o)
                              c:/program files (x86)/atmel/atmel toolchain/avr8 gcc/native/3.4.1061/avr8-gnu-toolchain/bin/../lib/gcc/avr/4.8.1/../../../../avr/lib/avr5\libm.a(divsf3x.o) (__fp_pscA)
c:/program files (x86)/atmel/atmel toolchain/avr8 gcc/native/3.4.1061/avr8-gnu-toolchain/bin/../lib/gcc/avr/4.8.1/../../../../avr/lib/avr5\libm.a(fp_pscB.o)
                              c:/program files (x86)/atmel/atmel toolchain/avr8 gcc/native/3.4.1061/avr8-gnu-toolchain/bin/../lib/gcc/avr/4.8.1/../../../../avr/lib/avr5\libm.a(divsf3x.o) (__fp_pscB)
c:/program files (x86)/atmel/atmel toolchain/avr8 gcc/native/3.4.1061/avr8-gnu-toolchain/bin/../lib/gcc/avr/4.8.1/../../../../avr/lib/avr5\libm.a(fp_round.o)
                              c:/program files (x86)/atmel/atmel toolchain/avr8 gcc/native/3.4.1061/avr8-gnu-toolchain/bin/../lib/gcc/avr/4.8.1/../../../../avr/lib/avr5\libm.a(divsf3.o) (__fp_round)
c:/program files (x86)/atmel/atmel toolchain/avr8 gcc/native/3.4.1061/avr8-gnu-toolchain/bin/../lib/gcc/avr/4.8.1/../../../../avr/lib/avr5\libm.a(fp_split3.o)
                              c:/program files (x86)/atmel/atmel toolchain/avr8 gcc/native/3.4.1061/avr8-gnu-toolchain/bin/../lib/gcc/avr/4.8.1/../../../../avr/lib/avr5\libm.a(divsf3x.o) (__fp_split3)
c:/program files (x86)/atmel/atmel toolchain/avr8 gcc/native/3.4.1061/avr8-gnu-toolchain/bin/../lib/gcc/avr/4.8.1/../../../../avr/lib/avr5\libm.a(fp_zero.o)
                              c:/program files (x86)/atmel/atmel toolchain/avr8 gcc/native/3.4.1061/avr8-gnu-toolchain/bin/../lib/gcc/avr/4.8.1/../../../../avr/lib/avr5\libm.a(fixunssfsi.o) (__fp_zero)
../../../../../Programming/Libraries/capi324v221-v2.05.000R\libcapi324v221.a(ADC_open.o)
                              GccApplication1.o (ADC_open)
../../../../../Programming/Libraries/capi324v221-v2.05.000R\libcapi324v221.a(ADC_sample.o)
                              GccApplication1.o (ADC_sample)
../../../../../Programming/Libraries/capi324v221-v2.05.000R\libcapi324v221.a(ADC_set_VREF.o)
                              GccApplication1.o (ADC_set_VREF)
../../../../../Programming/Libraries/capi324v221-v2.05.000R\libcapi324v221.a(ADC_set_channel.o)
                              GccApplication1.o (ADC_set_channel)
../../../../../Programming/Libraries/capi324v221-v2.05.000R\libcapi324v221.a(__ADC_init.o)
                              ../../../../../Programming/Libraries/capi324v221-v2.05.000R\libcapi324v221.a(ADC_open.o) (__ADC_init)
../../../../../Programming/Libraries/capi324v221-v2.05.000R\libcapi324v221.a(CBOT_main.o)
                              c:/program files (x86)/atmel/atmel toolchain/avr8 gcc/native/3.4.1061/avr8-gnu-toolchain/bin/../lib/gcc/avr/4.8.1/../../../../avr/lib/avr5/crtm324p.o (main)
../../../../../Programming/Libraries/capi324v221-v2.05.000R\libcapi324v221.a(LCD_open.o)
                              GccApplication1.o (LCD_open)
../../../../../Programming/Libraries/capi324v221-v2.05.000R\libcapi324v221.a(LCD_set_PGC_addr.o)
[...]
Memory Configuration

Name             Origin             Length             Attributes
text             0x00000000         0x00020000         xr
data             0x00800060         0x0000ffa0         rw !x
eeprom           0x00810000         0x00010000         rw !x
fuse             0x00820000         0x00000400         rw !x
lock             0x00830000         0x00000400         rw !x
signature        0x00840000         0x00000400         rw !x
user_signatures  0x00850000         0x00000400         rw !x
*default*        0x00000000         0xffffffff

Linker script and memory map

Address of section .data set to 0x800100
LOAD c:/program files (x86)/atmel/atmel toolchain/avr8 gcc/native/3.4.1061/avr8-gnu-toolchain/bin/../lib/gcc/avr/4.8.1/../../../../avr/lib/avr5/crtm324p.o
LOAD GccApplication1.o
START GROUP
LOAD c:/program files (x86)/atmel/atmel toolchain/avr8 gcc/native/3.4.1061/avr8-gnu-toolchain/bin/../lib/gcc/avr/4.8.1/../../../../avr/lib/avr5\libm.a
LOAD ../../../../../Programming/Libraries/capi324v221-v2.05.000R\libcapi324v221.a
END GROUP
START GROUP
LOAD c:/program files (x86)/atmel/atmel toolchain/avr8 gcc/native/3.4.1061/avr8-gnu-toolchain/bin/../lib/gcc/avr/4.8.1/avr5\libgcc.a
LOAD c:/program files (x86)/atmel/atmel toolchain/avr8 gcc/native/3.4.1061/avr8-gnu-toolchain/bin/../lib/gcc/avr/4.8.1/../../../../avr/lib/avr5\libm.a
LOAD c:/program files (x86)/atmel/atmel toolchain/avr8 gcc/native/3.4.1061/avr8-gnu-toolchain/bin/../lib/gcc/avr/4.8.1/../../../../avr/lib/avr5\libc.a
END GROUP

.hash
 *(.hash)

.dynsym
 *(.dynsym)

.dynstr
 *(.dynstr)

.gnu.version
 *(.gnu.version)

.gnu.version_d
 *(.gnu.version_d)

.gnu.version_r
 *(.gnu.version_r)

.rel.init
 *(.rel.init)

.rela.init
 *(.rela.init)

.rel.text
 *(.rel.text)
 *(.rel.text.*)
 *(.rel.gnu.linkonce.t*)

.rela.text
 *(.rela.text)
 *(.rela.text.*)
 *(.rela.gnu.linkonce.t*)

.rel.fini
 *(.rel.fini)

.rela.fini
 *(.rela.fini)

.rel.rodata
 *(.rel.rodata)
 *(.rel.rodata.*)
 *(.rel.gnu.linkonce.r*)

.rela.rodata
 *(.rela.rodata)
 *(.rela.rodata.*)
 *(.rela.gnu.linkonce.r*)

.rel.data
 *(.rel.data)
 *(.rel.data.*)
 *(.rel.gnu.linkonce.d*)

.rela.data
 *(.rela.data)
 *(.rela.data.*)
 *(.rela.gnu.linkonce.d*)

.rel.ctors
 *(.rel.ctors)

.rela.ctors
 *(.rela.ctors)

.rel.dtors
 *(.rel.dtors)

.rela.dtors
 *(.rela.dtors)

.rel.got
 *(.rel.got)

.rela.got
 *(.rela.got)

.rel.bss
 *(.rel.bss)

.rela.bss
 *(.rela.bss)

.rel.plt
 *(.rel.plt)

.rela.plt
 *(.rela.plt)

.text           0x00000000     0x3ea2
 *(.vectors)
 .vectors       0x00000000       0x7c c:/program files (x86)/atmel/atmel toolchain/avr8 gcc/native/3.4.1061/avr8-gnu-toolchain/bin/../lib/gcc/avr/4.8.1/../../../../avr/lib/avr5/crtm324p.o
                0x00000000                __vector_default
                0x00000000                __vectors
 *(.vectors)
 *(.progmem.gcc*)
 .progmem.gcc_fplib
                0x0000007c       0x28 c:/program files (x86)/atmel/atmel toolchain/avr8 gcc/native/3.4.1061/avr8-gnu-toolchain/bin/../lib/gcc/avr/4.8.1/../../../../avr/lib/avr5\libm.a(exp.o)
 .progmem.gcc_fplib
                0x000000a4       0x5a c:/program files (x86)/atmel/atmel toolchain/avr8 gcc/native/3.4.1061/avr8-gnu-toolchain/bin/../lib/gcc/avr/4.8.1/../../../../avr/lib/avr5\libm.a(log.o)
                0x000000fe                . = ALIGN (0x2)
                0x000000fe                __trampolines_start = .
 *(.trampolines)
 .trampolines   0x000000fe        0x0 linker stubs
 *(.trampolines*)
                0x000000fe                __trampolines_end = .
 *(.progmem*)
 .progmem.data  0x000000fe      0x415 ../../../../../Programming/Libraries/capi324v221-v2.05.000R\libcapi324v221.a(LCD_globals.o)
                0x000000fe                char_bitmap
                0x00000313                CEENBoT_Inc_logo_bitmap
                0x00000514                . = ALIGN (0x2)
 *fill*         0x00000513        0x1 
 *(.jumptables)
 *(.jumptables*)
 *(.lowtext)
 *(.lowtext*)
                0x00000514                __ctors_start = .
 *(.ctors)
                0x00000514                __ctors_end = .
                0x00000514                __dtors_start = .
 *(.dtors)
                0x00000514                __dtors_end = .
 SORT(*)(.ctors)
 SORT(*)(.dtors)
 *(.init0)
 .init0         0x00000514        0x0 c:/program files (x86)/atmel/atmel toolchain/avr8 gcc/native/3.4.1061/avr8-gnu-toolchain/bin/../lib/gcc/avr/4.8.1/../../../../avr/lib/avr5/crtm324p.o
                0x00000514                __init
 *(.init0)
 *(.init1)
 *(.init1)
 *(.init2)
 .init2         0x00000514        0xc c:/program files (x86)/atmel/atmel toolchain/avr8 gcc/native/3.4.1061/avr8-gnu-toolchain/bin/../lib/gcc/avr/4.8.1/../../../../avr/lib/avr5/crtm324p.o
 *(.init2)
 *(.init3)
 *(.init3)
 *(.init4)
 .init4         0x00000520       0x16 c:/program files (x86)/atmel/atmel toolchain/avr8 gcc/native/3.4.1061/avr8-gnu-toolchain/bin/../lib/gcc/avr/4.8.1/avr5\libgcc.a(_copy_data.o)
                0x00000520                __do_copy_data
 .init4         0x00000536       0x10 c:/program files (x86)/atmel/atmel toolchain/avr8 gcc/native/3.4.1061/avr8-gnu-toolchain/bin/../lib/gcc/avr/4.8.1/avr5\libgcc.a(_clear_bss.o)
                0x00000536                __do_clear_bss
 *(.init4)
 *(.init5)
 *(.init5)
 *(.init6)
 *(.init6)
 *(.init7)
 *(.init7)
 *(.init8)
 *(.init8)
 *(.init9)
 .init9         0x00000546        0x8 c:/program files (x86)/atmel/atmel toolchain/avr8 gcc/native/3.4.1061/avr8-gnu-toolchain/bin/../lib/gcc/avr/4.8.1/../../../../avr/lib/avr5/crtm324p.o
 *(.init9)
 *(.text)
 .text          0x0000054e        0x4 c:/program files (x86)/atmel/atmel toolchain/avr8 gcc/native/3.4.1061/avr8-gnu-toolchain/bin/../lib/gcc/avr/4.8.1/../../../../avr/lib/avr5/crtm324p.o
                0x0000054e                __vector_22
                0x0000054e                __vector_28
                0x0000054e                __vector_1
                0x0000054e                __vector_24
                0x0000054e                __bad_interrupt
                0x0000054e                __vector_3
                0x0000054e                __vector_23
                0x0000054e                __vector_30
                0x0000054e                __vector_25
                0x0000054e                __vector_19
                0x0000054e                __vector_27
                0x0000054e                __vector_2
                0x0000054e                __vector_21
                0x0000054e                __vector_29
                0x0000054e                __vector_8
                0x0000054e                __vector_26
                0x0000054e                __vector_20
 .text          0x00000552       0x18 ../../../../../Programming/Libraries/capi324v221-v2.05.000R\libcapi324v221.a(ADC_open.o)
                0x00000552                ADC_open
 .text          0x0000056a       0x40 ../../../../../Programming/Libraries/capi324v221-v2.05.000R\libcapi324v221.a(ADC_sample.o)
                0x0000056a                ADC_sample
 .text          0x000005aa       0x16 ../../../../../Programming/Libraries/capi324v221-v2.05.000R\libcapi324v221.a(ADC_set_VREF.o)
                0x000005aa                ADC_set_VREF
 .text          0x000005c0       0x6e ../../../../../Programming/Libraries/capi324v221-v2.05.000R\libcapi324v221.a(ADC_set_channel.o)
                0x000005c0                ADC_set_channel
 .text          0x0000062e       0x16 ../../../../../Programming/Libraries/capi324v221-v2.05.000R\libcapi324v221.a(__ADC_init.o)
                0x0000062e                __ADC_init
 .text          0x00000644       0x12 ../../../../../Programming/Libraries/capi324v221-v2.05.000R\libcapi324v221.a(CBOT_main.o)
                0x00000644                main
 .text          0x00000656      0x110 ../../../../../Programming/Libraries/capi324v221-v2.05.000R\libcapi324v221.a(LCD_open.o)
                0x00000656                LCD_open
 .text          0x00000766       0x44 ../../../../../Programming/Libraries/capi324v221-v2.05.000R\libcapi324v221.a(LCD_set_PGC_addr.o)
                0x00000766                LCD_set_PGC_addr
 .text          0x000007aa       0x2e ../../../../../Programming/Libraries/capi324v221-v2.05.000R\libcapi324v221.a(LCD_set_RC.o)
                0x000007aa                LCD_set_RC
 .text          0x000007d8       0x42 ../../../../../Programming/Libraries/capi324v221-v2.05.000R\libcapi324v221.a(LCD_set_backlight.o)
                0x000007d8                LCD_set_backlight
 .text          0x0000081a       0x24 ../../../../../Programming/Libraries/capi324v221-v2.05.000R\libcapi324v221.a(LCD_set_next_PGC.o)
                0x0000081a                LCD_set_next_PGC
 .text          0x0000083e       0x36 ../../../../../Programming/Libraries/capi324v221-v2.05.000R\libcapi324v221.a(LCD_write.o)
                0x0000083e                LCD_write
 .text          0x00000874        0x4 ../../../../../Programming/Libraries/capi324v221-v2.05.000R\libcapi324v221.a(__LCD_init.o)
                0x00000874                __LCD_init
 .text          0x00000878       0x74 ../../../../../Programming/Libraries/capi324v221-v2.05.000R\libcapi324v221.a(SPI_open.o)
                0x00000878                SPI_open
 .text          0x000008ec       0x12 ../../../../../Programming/Libraries/capi324v221-v2.05.000R\libcapi324v221.a(SPI_set_config_func.o)
                0x000008ec                SPI_set_config_func
 .text          0x000008fe       0xbe ../../../../../Programming/Libraries/capi324v221-v2.05.000R\libcapi324v221.a(SPI_set_slave_addr.o)
                0x000008fe                SPI_set_slave_addr
 .text          0x000009bc       0x1e ../../../../../Programming/Libraries/capi324v221-v2.05.000R\libcapi324v221.a(SPI_transmit.o)
                0x000009bc                SPI_transmit
 .text          0x000009da        0xe ../../../../../Programming/Libraries/capi324v221-v2.05.000R\libcapi324v221.a(__SPI_init.o)
                0x000009da                __SPI_init
 .text          0x000009e8      0x244 ../../../../../Programming/Libraries/capi324v221-v2.05.000R\libcapi324v221.a(STEPPER_move.o)
                0x00000b3c                STEPPER_move
 .text          0x00000c2c       0xec ../../../../../Programming/Libraries/capi324v221-v2.05.000R\libcapi324v221.a(STEPPER_open.o)
                0x00000c2c                STEPPER_open
 .text          0x00000d18       0x2e ../../../../../Programming/Libraries/capi324v221-v2.05.000R\libcapi324v221.a(STEPPER_run.o)
                0x00000d18                STEPPER_run
 .text          0x00000d46       0x3a ../../../../../Programming/Libraries/capi324v221-v2.05.000R\libcapi324v221.a(STEPPER_run2.o)
                0x00000d46                STEPPER_run2
 .text          0x00000d80       0x42 ../../../../../Programming/Libraries/capi324v221-v2.05.000R\libcapi324v221.a(STEPPER_set_accel.o)
                0x00000d80                STEPPER_set_accel
 .text          0x00000dc2       0x38 ../../../../../Programming/Libraries/capi324v221-v2.05.000R\libcapi324v221.a(STEPPER_set_accel2.o)
                0x00000dc2                STEPPER_set_accel2
 .text          0x00000dfa       0x2a ../../../../../Programming/Libraries/capi324v221-v2.05.000R\libcapi324v221.a(STEPPER_set_dir.o)
                0x00000dfa                STEPPER_set_dir
 .text          0x00000e24       0x14 ../../../../../Programming/Libraries/capi324v221-v2.05.000R\libcapi324v221.a(STEPPER_set_dir2.o)
                0x00000e24                STEPPER_set_dir2
 .text          0x00000e38       0x2a ../../../../../Programming/Libraries/capi324v221-v2.05.000R\libcapi324v221.a(STEPPER_set_mode.o)
                0x00000e38                STEPPER_set_mode
 .text          0x00000e62       0x58 ../../../../../Programming/Libraries/capi324v221-v2.05.000R\libcapi324v221.a(STEPPER_set_speed.o)
                0x00000e62                STEPPER_set_speed
 .text          0x00000eba       0x3c ../../../../../Programming/Libraries/capi324v221-v2.05.000R\libcapi324v221.a(STEPPER_set_speed2.o)
                0x00000eba                STEPPER_set_speed2
 .text          0x00000ef6      0x124 ../../../../../Programming/Libraries/capi324v221-v2.05.000R\libcapi324v221.a(STEPPER_step.o)
                0x00000ef6                STEPPER_step
 .text          0x0000101a      0x10a ../../../../../Programming/Libraries/capi324v221-v2.05.000R\libcapi324v221.a(STEPPER_step2.o)
                0x0000101a                STEPPER_step2
 .text          0x00001124       0xde ../../../../../Programming/Libraries/capi324v221-v2.05.000R\libcapi324v221.a(STEPPER_wait_and_then.o)
                0x00001124                STEPPER_wait_and_then
 .text          0x00001202       0x14 ../../../../../Programming/Libraries/capi324v221-v2.05.000R\libcapi324v221.a(__STEPPER_init.o)
                0x00001202                __STEPPER_init
 .text          0x00001216       0x22 ../../../../../Programming/Libraries/capi324v221-v2.05.000R\libcapi324v221.a(SYS_decrement_refcount.o)
                0x00001216                SYS_decrement_refcount
 .text          0x00001238       0x1c ../../../../../Programming/Libraries/capi324v221-v2.05.000R\libcapi324v221.a(SYS_increment_refcount.o)
                0x00001238                SYS_increment_refcount
 .text          0x00001254       0x1a ../../../../../Programming/Libraries/capi324v221-v2.05.000R\libcapi324v221.a(SYS_isOpen.o)
                0x00001254                SYS_isOpen
 .text          0x0000126e       0x58 ../../../../../Programming/Libraries/capi324v221-v2.05.000R\libcapi324v221.a(ATTINY_open.o)
                0x0000126e                ATTINY_open
 .text          0x000012c6       0x82 ../../../../../Programming/Libraries/capi324v221-v2.05.000R\libcapi324v221.a(ATTINY_set_RC_servo.o)
                0x000012c6                ATTINY_set_RC_servo
 .text          0x00001348      0x1a4 ../../../../../Programming/Libraries/capi324v221-v2.05.000R\libcapi324v221.a(ATTINY_set_RC_servos.o)
                0x00001348                ATTINY_set_RC_servos
 .text          0x000014ec       0x82 ../../../../../Programming/Libraries/capi324v221-v2.05.000R\libcapi324v221.a(__ATTINY_initialize_params.o)
                0x000014ec                __ATTINY_initialize_params
 .text          0x0000156e       0x1c ../../../../../Programming/Libraries/capi324v221-v2.05.000R\libcapi324v221.a(CBOT_init.o)
                0x0000156e                CBOT_init
 .text          0x0000158a      0x480 ../../../../../Programming/Libraries/capi324v221-v2.05.000R\libcapi324v221.a(CBOT_isr.o)
                0x0000158a                CBOT_ISR_init
                0x0000158e                __vector_16
                0x000015e0                __vector_17
                0x00001632                __vector_18
                0x00001684                __vector_9
                0x000016d6                __vector_10
                0x00001728                __vector_11
                0x0000177a                __vector_13
                0x000017cc                __vector_14
                0x0000181e                __vector_12
                0x00001870                __vector_15
                0x000018c2                __vector_4
                0x00001914                __vector_5
                0x00001966                __vector_6
                0x000019b8                __vector_7
 .text          0x00001a0a       0x24 ../../../../../Programming/Libraries/capi324v221-v2.05.000R\libcapi324v221.a(ISR_open.o)
                0x00001a0a                ISR_open
 .text          0x00001a2e       0x4c ../../../../../Programming/Libraries/capi324v221-v2.05.000R\libcapi324v221.a(LCD_clear.o)
                0x00001a2e                LCD_clear
 .text          0x00001a7a      0x168 ../../../../../Programming/Libraries/capi324v221-v2.05.000R\libcapi324v221.a(__LCD_putchar.o)
                0x00001a7a                __LCD_putchar
 .text          0x00001be2       0x12 ../../../../../Programming/Libraries/capi324v221-v2.05.000R\libcapi324v221.a(ATMEGA_open.o)
                0x00001be2                ATMEGA_open
 .text          0x00001bf4       0xac ../../../../../Programming/Libraries/capi324v221-v2.05.000R\libcapi324v221.a(ATMEGA_set_clk_mode.o)
                0x00001bf4                ATMEGA_set_clk_mode
 .text          0x00001ca0        0x6 ../../../../../Programming/Libraries/capi324v221-v2.05.000R\libcapi324v221.a(__ATMEGA_init.o)
                0x00001ca0                __ATMEGA_init
 .text          0x00001ca6       0x52 ../../../../../Programming/Libraries/capi324v221-v2.05.000R\libcapi324v221.a(SPI_cfgrs.o)
                0x00001ca6                SPI_FLASH_config
                0x00001cb8                SPI_default_config
                0x00001cc8                SPI_ATtiny0_config
                0x00001cd8                SPI_PSXC_config
                0x00001ce8                SPI_LCD_config
 .text          0x00001cf8       0x64 ../../../../../Programming/Libraries/capi324v221-v2.05.000R\libcapi324v221.a(SPKR_close.o)
                0x00001cf8                __SPKR_close_beep_mode
                0x00001d0e                __SPKR_close_tone_mode
                0x00001d48                SPKR_close
 .text          0x00001d5c      0x164 ../../../../../Programming/Libraries/capi324v221-v2.05.000R\libcapi324v221.a(SPKR_open.o)
                0x00001d5c                __SPKR_set_up_freq_LUT
                0x00001e22                __SPKR_open_beep_mode
                0x00001e48                __SPKR_open_tone_mode
                0x00001ea6                SPKR_open
 .text          0x00001ec0       0xac ../../../../../Programming/Libraries/capi324v221-v2.05.000R\libcapi324v221.a(SPKR_play_beep.o)
                0x00001ec0                SPKR_play_beep
 .text          0x00001f6c       0x38 ../../../../../Programming/Libraries/capi324v221-v2.05.000R\libcapi324v221.a(__SPKR_close.o)
                0x00001f6c                __SPKR_close
 .text          0x00001fa4       0x54 ../../../../../Programming/Libraries/capi324v221-v2.05.000R\libcapi324v221.a(__SPKR_init.o)
                0x00001fa4                __SPKR_init
 .text          0x00001ff8        0xc ../../../../../Programming/Libraries/capi324v221-v2.05.000R\libcapi324v221.a(__SPKR_stop.o)
                0x00001ff8                __SPKR_stop
 .text          0x00002004       0x2a ../../../../../Programming/Libraries/capi324v221-v2.05.000R\libcapi324v221.a(STEPPER_go.o)
                0x00002004                STEPPER_go
 .text          0x0000202e       0x36 ../../../../../Programming/Libraries/capi324v221-v2.05.000R\libcapi324v221.a(STEPPER_set_steps.o)
                0x0000202e                STEPPER_set_steps
 .text          0x00002064       0x1c ../../../../../Programming/Libraries/capi324v221-v2.05.000R\libcapi324v221.a(STEPPER_set_steps2.o)
                0x00002064                STEPPER_set_steps2
 .text          0x00002080       0x2a ../../../../../Programming/Libraries/capi324v221-v2.05.000R\libcapi324v221.a(STEPPER_set_stop_mode.o)
                0x00002080                STEPPER_set_stop_mode
 .text          0x000020aa       0x7a ../../../../../Programming/Libraries/capi324v221-v2.05.000R\libcapi324v221.a(STEPPER_setup_decels.o)
                0x000020aa                STEPPER_setup_decels
 .text          0x00002124       0x1e ../../../../../Programming/Libraries/capi324v221-v2.05.000R\libcapi324v221.a(SYS_init.o)
                0x00002124                SYS_init
 .text          0x00002142       0x10 ../../../../../Programming/Libraries/capi324v221-v2.05.000R\libcapi324v221.a(SYS_set_refcount.o)
                0x00002142                SYS_set_refcount
 .text          0x00002152       0x7a ../../../../../Programming/Libraries/capi324v221-v2.05.000R\libcapi324v221.a(ATTINY_get_firm_rev.o)
                0x00002152                ATTINY_get_firm_rev
 .text          0x000021cc       0x5c ../../../../../Programming/Libraries/capi324v221-v2.05.000R\libcapi324v221.a(TMRSRVC_delay.o)
                0x000021cc                TMRSRVC_delay
 .text          0x00002228       0x7e ../../../../../Programming/Libraries/capi324v221-v2.05.000R\libcapi324v221.a(TMRSRVC_new.o)
                0x00002228                TMRSRVC_new
 .text          0x000022a6       0x3a ../../../../../Programming/Libraries/capi324v221-v2.05.000R\libcapi324v221.a(TMRSRVC_open.o)
                0x000022a6                TMRSRVC_open
 .text          0x000022e0       0x12 ../../../../../Programming/Libraries/capi324v221-v2.05.000R\libcapi324v221.a(__TMRSRVC_init.o)
                0x000022e0                __TMRSRVC_init
 .text          0x000022f2       0xd2 ../../../../../Programming/Libraries/capi324v221-v2.05.000R\libcapi324v221.a(__TMRSRVC_insert.o)
                0x000022f2                TMRSRVC_insert
 .text          0x000023c4        0xc ../../../../../Programming/Libraries/capi324v221-v2.05.000R\libcapi324v221.a(__TMRSRVC_start.o)
                0x000023c4                __TMRSRVC_start
 .text          0x000023d0       0x26 ../../../../../Programming/Libraries/capi324v221-v2.05.000R\libcapi324v221.a(ISR_attach.o)
                0x000023d0                ISR_attach
 .text          0x000023f6       0x20 ../../../../../Programming/Libraries/capi324v221-v2.05.000R\libcapi324v221.a(__ISR_attach.o)
                0x000023f6                __ISR_attach
 .text          0x00002416       0x22 ../../../../../Programming/Libraries/capi324v221-v2.05.000R\libcapi324v221.a(SPI_receive.o)
                0x00002416                SPI_receive
 .text          0x00002438        0x6 ../../../../../Programming/Libraries/capi324v221-v2.05.000R\libcapi324v221.a(ISR__SPKR__TIMER1_COMPA_vect.o)
                0x00002438                __SPKR_TIMER1_COMPA_vect
 .text          0x0000243e       0x48 ../../../../../Programming/Libraries/capi324v221-v2.05.000R\libcapi324v221.a(SPKR_beep.o)
                0x0000243e                SPKR_beep
 .text          0x00002486       0x82 ../../../../../Programming/Libraries/capi324v221-v2.05.000R\libcapi324v221.a(SPKR_clk.o)
                0x00002486                SPKR_clk
 .text          0x00002508       0xd6 ../../../../../Programming/Libraries/capi324v221-v2.05.000R\libcapi324v221.a(STEPPER_set_decel_step_values.o)
                0x00002508                STEPPER_set_decel_step_values
 .text          0x000025de        0xe ../../../../../Programming/Libraries/capi324v221-v2.05.000R\libcapi324v221.a(ISR__TIMER0_COMPA_vect.o)
                0x000025de                __TIMER0_COMPA_vect
 .text          0x000025ec        0x8 ../../../../../Programming/Libraries/capi324v221-v2.05.000R\libcapi324v221.a(TMRSRVC_start.o)
                0x000025ec                TMRSRVC_start
 .text          0x000025f4       0x34 ../../../../../Programming/Libraries/capi324v221-v2.05.000R\libcapi324v221.a(TMRSRVC_tick.o)
                0x000025f4                TMRSRVC_tick
 .text          0x00002628       0x4e ../../../../../Programming/Libraries/capi324v221-v2.05.000R\libcapi324v221.a(SPKR_beep_clk.o)
                0x00002628                SPKR_beep_clk
 .text          0x00002676      0x162 ../../../../../Programming/Libraries/capi324v221-v2.05.000R\libcapi324v221.a(STEPPER_clk.o)
                0x00002676                STEPPER_clk
 .text          0x000027d8       0x8a ../../../../../Programming/Libraries/capi324v221-v2.05.000R\libcapi324v221.a(STEPPER_process_accel.o)
                0x000027d8                STEPPER_process_accel
 .text          0x00002862      0x1fe ../../../../../Programming/Libraries/capi324v221-v2.05.000R\libcapi324v221.a(STEPPER_process_run_mode.o)
                0x00002862                STEPPER_process_run_mode
 .text          0x00002a60       0xac ../../../../../Programming/Libraries/capi324v221-v2.05.000R\libcapi324v221.a(STEPPER_process_step_mode.o)
                0x00002a60                STEPPER_process_step_mode
 .text          0x00002b0c       0x4a ../../../../../Programming/Libraries/capi324v221-v2.05.000R\libcapi324v221.a(STEPPER_stop.o)
                0x00002b0c                STEPPER_stop
 .text          0x00002b56       0xd8 ../../../../../Programming/Libraries/capi324v221-v2.05.000R\libcapi324v221.a(TMRSRVC_process.o)
                0x00002b56                TMRSRVC_process
 .text          0x00002c2e        0x6 ../../../../../Programming/Libraries/capi324v221-v2.05.000R\libcapi324v221.a(TMRSRVC_stop.o)
                0x00002c2e                TMRSRVC_stop
 .text          0x00002c34      0x130 ../../../../../Programming/Libraries/capi324v221-v2.05.000R\libcapi324v221.a(STEPPER_process_pwm.o)
                0x00002c34                STEPPER_process_pwm
                0x00002d64                . = ALIGN (0x2)
 *(.text.*)
 .text.check_ADCl
                0x00002d64       0x10 GccApplication1.o
                0x00002d64                check_ADCl
 .text.check_ADCr
                0x00002d74       0x10 GccApplication1.o
                0x00002d74                check_ADCr
 .text.motor_move
                0x00002d84       0x3c GccApplication1.o
                0x00002d84                motor_move
 .text.CBOT_main
                0x00002dc0      0x160 GccApplication1.o
                0x00002dc0                CBOT_main
 .text.avr-libc.fplib
                0x00002f20        0x4 c:/program files (x86)/atmel/atmel toolchain/avr8 gcc/native/3.4.1061/avr8-gnu-toolchain/bin/../lib/gcc/avr/4.8.1/../../../../avr/lib/avr5\libm.a(divsf3.o)
                0x00002f20                __divsf3
 .text.avr-libc.fplib
                0x00002f24       0xcc c:/program files (x86)/atmel/atmel toolchain/avr8 gcc/native/3.4.1061/avr8-gnu-toolchain/bin/../lib/gcc/avr/4.8.1/../../../../avr/lib/avr5\libm.a(divsf3x.o)
                0x00002f3a                __divsf3x
                0x00002f3e                __divsf3_pse
 .text.avr-libc.fplib
                0x00002ff0       0x58 c:/program files (x86)/atmel/atmel toolchain/avr8 gcc/native/3.4.1061/avr8-gnu-toolchain/bin/../lib/gcc/avr/4.8.1/../../../../avr/lib/avr5\libm.a(fixunssfsi.o)
                0x00002ff0                __fixunssfsi
 .text.avr-libc.fplib
                0x00003048       0x7a c:/program files (x86)/atmel/atmel toolchain/avr8 gcc/native/3.4.1061/avr8-gnu-toolchain/bin/../lib/gcc/avr/4.8.1/../../../../avr/lib/avr5\libm.a(floatsisf.o)
                0x00003048                __floatunsisf
                0x0000304c                __floatsisf
 .text.avr-libc.fplib
                0x000030c2        0xc c:/program files (x86)/atmel/atmel toolchain/avr8 gcc/native/3.4.1061/avr8-gnu-toolchain/bin/../lib/gcc/avr/4.8.1/../../../../avr/lib/avr5\libm.a(fp_inf.o)
                0x000030c2                __fp_inf
 .text.avr-libc.fplib
                0x000030ce        0x6 c:/program files (x86)/atmel/atmel toolchain/avr8 gcc/native/3.4.1061/avr8-gnu-toolchain/bin/../lib/gcc/avr/4.8.1/../../../../avr/lib/avr5\libm.a(fp_nan.o)
                0x000030ce                __fp_nan
 .text.avr-libc.fplib
                0x000030d4        0xe c:/program files (x86)/atmel/atmel toolchain/avr8 gcc/native/3.4.1061/avr8-gnu-toolchain/bin/../lib/gcc/avr/4.8.1/../../../../avr/lib/avr5\libm.a(fp_pscA.o)
                0x000030d4                __fp_pscA
 .text.avr-libc.fplib
                0x000030e2        0xe c:/program files (x86)/atmel/atmel toolchain/avr8 gcc/native/3.4.1061/avr8-gnu-toolchain/bin/../lib/gcc/avr/4.8.1/../../../../avr/lib/avr5\libm.a(fp_pscB.o)
                0x000030e2                __fp_pscB
 .text.avr-libc.fplib
                0x000030f0       0x22 c:/program files (x86)/atmel/atmel toolchain/avr8 gcc/native/3.4.1061/avr8-gnu-toolchain/bin/../lib/gcc/avr/4.8.1/../../../../avr/lib/avr5\libm.a(fp_round.o)
                0x000030f0                __fp_round
 .text.avr-libc.fplib
                0x00003112       0x44 c:/program files (x86)/atmel/atmel toolchain/avr8 gcc/native/3.4.1061/avr8-gnu-toolchain/bin/../lib/gcc/avr/4.8.1/../../../../avr/lib/avr5\libm.a(fp_split3.o)
                0x00003112                __fp_split3
                0x00003122                __fp_splitA
 .text.avr-libc.fplib
                0x00003156        0xe c:/program files (x86)/atmel/atmel toolchain/avr8 gcc/native/3.4.1061/avr8-gnu-toolchain/bin/../lib/gcc/avr/4.8.1/../../../../avr/lib/avr5\libm.a(fp_zero.o)
                0x00003156                __fp_zero
                0x00003158                __fp_szero
 .text.avr-libc.fplib
                0x00003164        0xa c:/program files (x86)/atmel/atmel toolchain/avr8 gcc/native/3.4.1061/avr8-gnu-toolchain/bin/../lib/gcc/avr/4.8.1/../../../../avr/lib/avr5\libm.a(addsf3.o)
                0x00003164                __subsf3
                0x00003166                __addsf3
 .text.avr-libc.fplib
                0x0000316e       0xc0 c:/program files (x86)/atmel/atmel toolchain/avr8 gcc/native/3.4.1061/avr8-gnu-toolchain/bin/../lib/gcc/avr/4.8.1/../../../../avr/lib/avr5\libm.a(addsf3x.o)
                0x00003188                __addsf3x
 .text.avr-libc.fplib
                0x0000322e       0x74 c:/program files (x86)/atmel/atmel toolchain/avr8 gcc/native/3.4.1061/avr8-gnu-toolchain/bin/../lib/gcc/avr/4.8.1/../../../../avr/lib/avr5\libm.a(lrint.o)
                0x0000322e                lrint
 .text.avr-libc.fplib
                0x000032a2        0x4 c:/program files (x86)/atmel/atmel toolchain/avr8 gcc/native/3.4.1061/avr8-gnu-toolchain/bin/../lib/gcc/avr/4.8.1/../../../../avr/lib/avr5\libm.a(mulsf3.o)
                0x000032a2                __mulsf3
 .text.avr-libc.fplib
                0x000032a6       0xc2 c:/program files (x86)/atmel/atmel toolchain/avr8 gcc/native/3.4.1061/avr8-gnu-toolchain/bin/../lib/gcc/avr/4.8.1/../../../../avr/lib/avr5\libm.a(mulsf3x.o)
                0x000032ba                __mulsf3x
                0x000032be                __mulsf3_pse
 .text.avr-libc.fplib
                0x00003368       0x98 c:/program files (x86)/atmel/atmel toolchain/avr8 gcc/native/3.4.1061/avr8-gnu-toolchain/bin/../lib/gcc/avr/4.8.1/../../../../avr/lib/avr5\libm.a(pow.o)
                0x00003368                pow
 .text.avr-libc.fplib
                0x00003400       0x62 c:/program files (x86)/atmel/atmel toolchain/avr8 gcc/native/3.4.1061/avr8-gnu-toolchain/bin/../lib/gcc/avr/4.8.1/../../../../avr/lib/avr5\libm.a(exp.o)
                0x0000340a                exp
 .text.avr-libc.fplib
                0x00003462       0x4a c:/program files (x86)/atmel/atmel toolchain/avr8 gcc/native/3.4.1061/avr8-gnu-toolchain/bin/../lib/gcc/avr/4.8.1/../../../../avr/lib/avr5\libm.a(fp_powser.o)
                0x00003462                __fp_powser
 .text.avr-libc.fplib
                0x000034ac        0xe c:/program files (x86)/atmel/atmel toolchain/avr8 gcc/native/3.4.1061/avr8-gnu-toolchain/bin/../lib/gcc/avr/4.8.1/../../../../avr/lib/avr5\libm.a(inverse.o)
                0x000034ac                inverse
 .text.avr-libc.fplib
                0x000034ba       0x6c c:/program files (x86)/atmel/atmel toolchain/avr8 gcc/native/3.4.1061/avr8-gnu-toolchain/bin/../lib/gcc/avr/4.8.1/../../../../avr/lib/avr5\libm.a(ldexp.o)
                0x000034be                ldexp
 .text.avr-libc.fplib
                0x00003526       0x8a c:/program files (x86)/atmel/atmel toolchain/avr8 gcc/native/3.4.1061/avr8-gnu-toolchain/bin/../lib/gcc/avr/4.8.1/../../../../avr/lib/avr5\libm.a(log.o)
                0x00003530                log
 .text.avr-libc.fplib
                0x000035b0       0x66 c:/program files (x86)/atmel/atmel toolchain/avr8 gcc/native/3.4.1061/avr8-gnu-toolchain/bin/../lib/gcc/avr/4.8.1/../../../../avr/lib/avr5\libm.a(modf.o)
                0x000035b0                modf
                0x000035b0                modff
 .text.avr-libc.fplib
                0x00003616       0x1c c:/program files (x86)/atmel/atmel toolchain/avr8 gcc/native/3.4.1061/avr8-gnu-toolchain/bin/../lib/gcc/avr/4.8.1/../../../../avr/lib/avr5\libm.a(fp_mpack.o)
                0x00003616                __fp_mpack
                0x0000361a                __fp_mpack_finite
 .text.libgcc.mul
                0x00003632       0x20 c:/program files (x86)/atmel/atmel toolchain/avr8 gcc/native/3.4.1061/avr8-gnu-toolchain/bin/../lib/gcc/avr/4.8.1/avr5\libgcc.a(_mulsi3.o)
                0x00003632                __mulsi3
 .text.libgcc.div
                0x00003652       0x44 c:/program files (x86)/atmel/atmel toolchain/avr8 gcc/native/3.4.1061/avr8-gnu-toolchain/bin/../lib/gcc/avr/4.8.1/avr5\libgcc.a(_udivmodsi4.o)
                0x00003652                __udivmodsi4
 .text.libgcc.mul
                0x00003696       0x16 c:/program files (x86)/atmel/atmel toolchain/avr8 gcc/native/3.4.1061/avr8-gnu-toolchain/bin/../lib/gcc/avr/4.8.1/avr5\libgcc.a(_muluhisi3.o)
                0x00003696                __muluhisi3
 .text.libgcc.mul
                0x000036ac       0x1e c:/program files (x86)/atmel/atmel toolchain/avr8 gcc/native/3.4.1061/avr8-gnu-toolchain/bin/../lib/gcc/avr/4.8.1/avr5\libgcc.a(_umulhisi3.o)
                0x000036ac                __umulhisi3
 .text.avr-libc
                0x000036ca      0x24e c:/program files (x86)/atmel/atmel toolchain/avr8 gcc/native/3.4.1061/avr8-gnu-toolchain/bin/../lib/gcc/avr/4.8.1/../../../../avr/lib/avr5\libc.a(malloc.o)
                0x000036ca                malloc
                0x000037fa                free
 .text.avr-libc
                0x00003918       0x28 c:/program files (x86)/atmel/atmel toolchain/avr8 gcc/native/3.4.1061/avr8-gnu-toolchain/bin/../lib/gcc/avr/4.8.1/../../../../avr/lib/avr5\libc.a(printf.o)
                0x00003918                printf
 .text.avr-libc
                0x00003940      0x3a4 c:/program files (x86)/atmel/atmel toolchain/avr8 gcc/native/3.4.1061/avr8-gnu-toolchain/bin/../lib/gcc/avr/4.8.1/../../../../avr/lib/avr5\libc.a(vfprintf_std.o)
                0x00003940                vfprintf
 .text.avr-libc
                0x00003ce4       0x16 c:/program files (x86)/atmel/atmel toolchain/avr8 gcc/native/3.4.1061/avr8-gnu-toolchain/bin/../lib/gcc/avr/4.8.1/../../../../avr/lib/avr5\libc.a(strnlen_P.o)
                0x00003ce4                strnlen_P
 .text.avr-libc
                0x00003cfa       0x16 c:/program files (x86)/atmel/atmel toolchain/avr8 gcc/native/3.4.1061/avr8-gnu-toolchain/bin/../lib/gcc/avr/4.8.1/../../../../avr/lib/avr5\libc.a(strnlen.o)
                0x00003cfa                strnlen
 .text.avr-libc
                0x00003d10       0x64 c:/program files (x86)/atmel/atmel toolchain/avr8 gcc/native/3.4.1061/avr8-gnu-toolchain/bin/../lib/gcc/avr/4.8.1/../../../../avr/lib/avr5\libc.a(fputc.o)
                0x00003d10                fputc
 .text.avr-libc
                0x00003d74       0xbc c:/program files (x86)/atmel/atmel toolchain/avr8 gcc/native/3.4.1061/avr8-gnu-toolchain/bin/../lib/gcc/avr/4.8.1/../../../../avr/lib/avr5\libc.a(ultoa_invert.o)
                0x00003d74                __ultoa_invert
 .text.libgcc.prologue
                0x00003e30       0x38 c:/program files (x86)/atmel/atmel toolchain/avr8 gcc/native/3.4.1061/avr8-gnu-toolchain/bin/../lib/gcc/avr/4.8.1/avr5\libgcc.a(_prologue.o)
                0x00003e30                __prologue_saves__
 .text.libgcc.prologue
                0x00003e68       0x36 c:/program files (x86)/atmel/atmel toolchain/avr8 gcc/native/3.4.1061/avr8-gnu-toolchain/bin/../lib/gcc/avr/4.8.1/avr5\libgcc.a(_epilogue.o)
                0x00003e68                __epilogue_restores__
                0x00003e9e                . = ALIGN (0x2)
 *(.fini9)
 .fini9         0x00003e9e        0x0 c:/program files (x86)/atmel/atmel toolchain/avr8 gcc/native/3.4.1061/avr8-gnu-toolchain/bin/../lib/gcc/avr/4.8.1/avr5\libgcc.a(_exit.o)
                0x00003e9e                _exit
                0x00003e9e                exit
 *(.fini9)
 *(.fini8)
 *(.fini8)
 *(.fini7)
 *(.fini7)
 *(.fini6)
 *(.fini6)
 *(.fini5)
 *(.fini5)
 *(.fini4)
 *(.fini4)
 *(.fini3)
 *(.fini3)
 *(.fini2)
 *(.fini2)
 *(.fini1)
 *(.fini1)
 *(.fini0)
 .fini0         0x00003e9e        0x4 c:/program files (x86)/atmel/atmel toolchain/avr8 gcc/native/3.4.1061/avr8-gnu-toolchain/bin/../lib/gcc/avr/4.8.1/avr5\libgcc.a(_exit.o)
 *(.fini0)
                0x00003ea2                _etext = .

.data           0x00800100       0x3a load address 0x00003ea2
                0x00800100                PROVIDE (__data_start, .)
 *(.data)
 .data          0x00800100        0x1 ../../../../../Programming/Libraries/capi324v221-v2.05.000R\libcapi324v221.a(ADC_set_channel.o)
 .data          0x00800101        0xe ../../../../../Programming/Libraries/capi324v221-v2.05.000R\libcapi324v221.a(LCD_globals.o)
                0x00800101                LCD_stdout
 .data          0x0080010f        0x8 ../../../../../Programming/Libraries/capi324v221-v2.05.000R\libcapi324v221.a(STEPPER_globals.o)
                0x0080010f                Motor_L_LUT
                0x00800113                Motor_R_LUT
 .data          0x00800117        0x6 c:/program files (x86)/atmel/atmel toolchain/avr8 gcc/native/3.4.1061/avr8-gnu-toolchain/bin/../lib/gcc/avr/4.8.1/../../../../avr/lib/avr5\libc.a(malloc.o)
                0x00800117                __malloc_heap_end
                0x00800119                __malloc_heap_start
                0x0080011b                __malloc_margin
 *(.data*)
 *(.rodata)
 *(.rodata*)
 .rodata.str1.1
                0x0080011d       0x1d GccApplication1.o
 *(.gnu.linkonce.d*)
                0x0080013a                . = ALIGN (0x2)
                0x0080013a                _edata = .
                0x0080013a                PROVIDE (__data_end, .)

.bss            0x0080013a       0xea
                0x0080013a                PROVIDE (__bss_start, .)
 *(.bss)
 .bss           0x0080013a        0x2 ../../../../../Programming/Libraries/capi324v221-v2.05.000R\libcapi324v221.a(STEPPER_step.o)
 .bss           0x0080013c        0x2 ../../../../../Programming/Libraries/capi324v221-v2.05.000R\libcapi324v221.a(STEPPER_step2.o)
 .bss           0x0080013e       0x40 ../../../../../Programming/Libraries/capi324v221-v2.05.000R\libcapi324v221.a(ISR_globals.o)
                0x0080013e                CBOT_ISR_vtable
 .bss           0x0080017e       0x10 ../../../../../Programming/Libraries/capi324v221-v2.05.000R\libcapi324v221.a(SPI_globals.o)
                0x0080017e                spi_config_func_LUT
 .bss           0x0080018e       0x10 ../../../../../Programming/Libraries/capi324v221-v2.05.000R\libcapi324v221.a(SPKR_globals.o)
                0x0080018e                tone_mode_active
                0x0080018f                beep_mode_active
                0x00800190                spkr_accum32
                0x00800194                spkr_freq
                0x00800198                beep_accum16
                0x0080019a                beep_freq
                0x0080019c                p_Freq_LUT
 .bss           0x0080019e        0x2 ../../../../../Programming/Libraries/capi324v221-v2.05.000R\libcapi324v221.a(TMRSRVC_globals.o)
                0x0080019e                timer_busy_status
                0x0080019f                timer_run_status
 .bss           0x008001a0        0x1 ../../../../../Programming/Libraries/capi324v221-v2.05.000R\libcapi324v221.a(STEPPER_process_run_mode.o)
 .bss           0x008001a1        0x4 ../../../../../Programming/Libraries/capi324v221-v2.05.000R\libcapi324v221.a(STEPPER_process_pwm.o)
 *(.bss*)
 *(COMMON)
 COMMON         0x008001a5       0x15 ../../../../../Programming/Libraries/capi324v221-v2.05.000R\libcapi324v221.a(SYS_globals.o)
                0x008001a5                CBOT_SYSTEM_refcount
 COMMON         0x008001ba        0x5 ../../../../../Programming/Libraries/capi324v221-v2.05.000R\libcapi324v221.a(LCD_globals.o)
                0x008001ba                LCD_params
 COMMON         0x008001bf        0x1 ../../../../../Programming/Libraries/capi324v221-v2.05.000R\libcapi324v221.a(SPI_globals.o)
                0x008001bf                curr_spi_addr
 COMMON         0x008001c0       0x39 ../../../../../Programming/Libraries/capi324v221-v2.05.000R\libcapi324v221.a(STEPPER_globals.o)
                0x008001c0                STEPPER_params
                0x008001f7                step_done
 COMMON         0x008001f9       0x1e ../../../../../Programming/Libraries/capi324v221-v2.05.000R\libcapi324v221.a(ATTINY_globals.o)
                0x008001f9                ATTINY_params
 COMMON         0x00800217        0x3 ../../../../../Programming/Libraries/capi324v221-v2.05.000R\libcapi324v221.a(TMRSRVC_globals.o)
                0x00800217                tmrNodes
 COMMON         0x0080021a        0x4 c:/program files (x86)/atmel/atmel toolchain/avr8 gcc/native/3.4.1061/avr8-gnu-toolchain/bin/../lib/gcc/avr/4.8.1/../../../../avr/lib/avr5\libc.a(malloc.o)
                0x0080021a                __brkval
                0x0080021c                __flp
 COMMON         0x0080021e        0x6 c:/program files (x86)/atmel/atmel toolchain/avr8 gcc/native/3.4.1061/avr8-gnu-toolchain/bin/../lib/gcc/avr/4.8.1/../../../../avr/lib/avr5\libc.a(iob.o)
                0x0080021e                __iob
                0x00800224                PROVIDE (__bss_end, .)
                0x00003ea2                __data_load_start = LOADADDR (.data)
                0x00003edc                __data_load_end = (__data_load_start + SIZEOF (.data))

.noinit         0x00800224        0x0
                0x00800224                PROVIDE (__noinit_start, .)
 *(.noinit*)
                0x00800224                PROVIDE (__noinit_end, .)
                0x00800224                _end = .
                0x00800224                PROVIDE (__heap_start, .)

.eeprom         0x00810000        0x0
 *(.eeprom*)
                0x00810000                __eeprom_end = .

.fuse
 *(.fuse)
 *(.lfuse)
 *(.hfuse)
 *(.efuse)

.lock
 *(.lock*)

.signature
 *(.signature*)

.user_signatures
 *(.user_signatures*)

.stab
 *(.stab)

.stabstr
 *(.stabstr)

.stab.excl
 *(.stab.excl)

.stab.exclstr
 *(.stab.exclstr)

.stab.index
 *(.stab.index)

.stab.indexstr
 *(.stab.indexstr)

.comment        0x00000000       0x5c
 *(.comment)
 .comment       0x00000000       0x30 GccApplication1.o
                                 0x31 (size before relaxing)
 .comment       0x00000000       0x31 c:/program files (x86)/atmel/atmel toolchain/avr8 gcc/native/3.4.1061/avr8-gnu-toolchain/bin/../lib/gcc/avr/4.8.1/../../../../avr/lib/avr5\libc.a(malloc.o)
 .comment       0x00000000       0x31 c:/program files (x86)/atmel/atmel toolchain/avr8 gcc/native/3.4.1061/avr8-gnu-toolchain/bin/../lib/gcc/avr/4.8.1/../../../../avr/lib/avr5\libc.a(iob.o)
 .comment       0x00000000       0x31 c:/program files (x86)/atmel/atmel toolchain/avr8 gcc/native/3.4.1061/avr8-gnu-toolchain/bin/../lib/gcc/avr/4.8.1/../../../../avr/lib/avr5\libc.a(printf.o)
 .comment       0x00000030       0x2c c:/program files (x86)/atmel/atmel toolchain/avr8 gcc/native/3.4.1061/avr8-gnu-toolchain/bin/../lib/gcc/avr/4.8.1/../../../../avr/lib/avr5\libc.a(vfprintf_std.o)
                                 0x2d (size before relaxing)
 .comment       0x00000000       0x31 c:/program files (x86)/atmel/atmel toolchain/avr8 gcc/native/3.4.1061/avr8-gnu-toolchain/bin/../lib/gcc/avr/4.8.1/../../../../avr/lib/avr5\libc.a(fputc.o)

.note.gnu.build-id
 *(.note.gnu.build-id)

.debug
 *(.debug)

.line
 *(.line)

.debug_srcinfo
 *(.debug_srcinfo)

.debug_sfnames
 *(.debug_sfnames)

.debug_aranges  0x00000000       0x38
 *(.debug_aranges)
 .debug_aranges
                0x00000000       0x38 GccApplication1.o

.debug_pubnames
 *(.debug_pubnames)

.debug_info     0x00000000      0x4cd
 *(.debug_info .gnu.linkonce.wi.*)
 .debug_info    0x00000000      0x4cd GccApplication1.o

.debug_abbrev   0x00000000      0x176
 *(.debug_abbrev)
 .debug_abbrev  0x00000000      0x176 GccApplication1.o

.debug_line     0x00000000      0x1ab
 *(.debug_line .debug_line.* .debug_line_end)
 .debug_line    0x00000000      0x1ab GccApplication1.o

.debug_frame    0x00000000       0xbc
 *(.debug_frame)
 .debug_frame   0x00000000       0xbc GccApplication1.o

.debug_str      0x00000000      0x569
 *(.debug_str)
 .debug_str     0x00000000      0x569 GccApplication1.o
                                0x5ad (size before relaxing)

.debug_loc      0x00000000      0x238
 *(.debug_loc)
 .debug_loc     0x00000000      0x238 GccApplication1.o

.debug_macinfo
 *(.debug_macinfo)

.debug_weaknames
 *(.debug_weaknames)

.debug_funcnames
 *(.debug_funcnames)

.debug_typenames
 *(.debug_typenames)

.debug_varnames
 *(.debug_varnames)

.debug_pubtypes
 *(.debug_pubtypes)

.debug_ranges   0x00000000       0x28
 *(.debug_ranges)
 .debug_ranges  0x00000000       0x28 GccApplication1.o

.debug_macro
 *(.debug_macro)
OUTPUT(Light Follower and Claw.elf elf32-avr)
LOAD linker stubs
