Archive member included because of file (symbol)

../../../../../Programming/Libraries/capi324v221-v2.05.000R\libcapi324v221.a(CBOT_main.o)
                              c:/program files (x86)/atmel/atmel toolchain/avr8 gcc/native/3.4.1061/avr8-gnu-toolchain/bin/../lib/gcc/avr/4.8.1/../../../../avr/lib/avr5/crtm324p.o (main)
../../../../../Programming/Libraries/capi324v221-v2.05.000R\libcapi324v221.a(LCD_open.o)
                              GccApplication1.o (LCD_open)
../../../../../Programming/Libraries/capi324v221-v2.05.000R\libcapi324v221.a(LCD_set_PGC_addr.o)
                              ../../../../../Programming/Libraries/capi324v221-v2.05.000R\libcapi324v221.a(LCD_open.o) (LCD_set_PGC_addr)
../../../../../Programming/Libraries/capi324v221-v2.05.000R\libcapi324v221.a(LCD_set_backlight.o)
                              ../../../../../Programming/Libraries/capi324v221-v2.05.000R\libcapi324v221.a(LCD_open.o) (LCD_set_backlight)
../../../../../Programming/Libraries/capi324v221-v2.05.000R\libcapi324v221.a(LCD_set_next_PGC.o)
                              ../../../../../Programming/Libraries/capi324v221-v2.05.000R\libcapi324v221.a(LCD_open.o) (LCD_set_next_PGC)
../../../../../Programming/Libraries/capi324v221-v2.05.000R\libcapi324v221.a(LCD_write.o)
                              ../../../../../Programming/Libraries/capi324v221-v2.05.000R\libcapi324v221.a(LCD_open.o) (LCD_write)
../../../../../Programming/Libraries/capi324v221-v2.05.000R\libcapi324v221.a(__LCD_init.o)
                              ../../../../../Programming/Libraries/capi324v221-v2.05.000R\libcapi324v221.a(LCD_open.o) (__LCD_init)
../../../../../Programming/Libraries/capi324v221-v2.05.000R\libcapi324v221.a(PSXC_open.o)
                              GccApplication1.o (PSXC_open)
../../../../../Programming/Libraries/capi324v221-v2.05.000R\libcapi324v221.a(PSXC_read.o)
                              GccApplication1.o (PSXC_read)
../../../../../Programming/Libraries/capi324v221-v2.05.000R\libcapi324v221.a(SPI_open.o)
                              ../../../../../Programming/Libraries/capi324v221-v2.05.000R\libcapi324v221.a(LCD_open.o) (SPI_open)
../../../../../Programming/Libraries/capi324v221-v2.05.000R\libcapi324v221.a(SPI_receive.o)
                              ../../../../../Programming/Libraries/capi324v221-v2.05.000R\libcapi324v221.a(PSXC_read.o) (SPI_receive)
../../../../../Programming/Libraries/capi324v221-v2.05.000R\libcapi324v221.a(SPI_set_config_func.o)
                              ../../../../../Programming/Libraries/capi324v221-v2.05.000R\libcapi324v221.a(SPI_open.o) (SPI_set_config_func)
../../../../../Programming/Libraries/capi324v221-v2.05.000R\libcapi324v221.a(SPI_set_slave_addr.o)
                              ../../../../../Programming/Libraries/capi324v221-v2.05.000R\libcapi324v221.a(LCD_set_backlight.o) (SPI_set_slave_addr)
../../../../../Programming/Libraries/capi324v221-v2.05.000R\libcapi324v221.a(SPI_transmit.o)
                              ../../../../../Programming/Libraries/capi324v221-v2.05.000R\libcapi324v221.a(LCD_set_backlight.o) (SPI_transmit)
../../../../../Programming/Libraries/capi324v221-v2.05.000R\libcapi324v221.a(__SPI_init.o)
                              ../../../../../Programming/Libraries/capi324v221-v2.05.000R\libcapi324v221.a(SPI_open.o) (__SPI_init)
../../../../../Programming/Libraries/capi324v221-v2.05.000R\libcapi324v221.a(STEPPER_move.o)
                              GccApplication1.o (STEPPER_move)
../../../../../Programming/Libraries/capi324v221-v2.05.000R\libcapi324v221.a(STEPPER_run.o)
                              ../../../../../Programming/Libraries/capi324v221-v2.05.000R\libcapi324v221.a(STEPPER_move.o) (STEPPER_run)
../../../../../Programming/Libraries/capi324v221-v2.05.000R\libcapi324v221.a(STEPPER_run2.o)
                              ../../../../../Programming/Libraries/capi324v221-v2.05.000R\libcapi324v221.a(STEPPER_move.o) (STEPPER_run2)
../../../../../Programming/Libraries/capi324v221-v2.05.000R\libcapi324v221.a(STEPPER_set_accel.o)
                              ../../../../../Programming/Libraries/capi324v221-v2.05.000R\libcapi324v221.a(STEPPER_move.o) (STEPPER_set_accel)
../../../../../Programming/Libraries/capi324v221-v2.05.000R\libcapi324v221.a(STEPPER_set_accel2.o)
                              ../../../../../Programming/Libraries/capi324v221-v2.05.000R\libcapi324v221.a(STEPPER_move.o) (STEPPER_set_accel2)
../../../../../Programming/Libraries/capi324v221-v2.05.000R\libcapi324v221.a(STEPPER_set_dir.o)
                              ../../../../../Programming/Libraries/capi324v221-v2.05.000R\libcapi324v221.a(STEPPER_run.o) (STEPPER_set_dir)
../../../../../Programming/Libraries/capi324v221-v2.05.000R\libcapi324v221.a(STEPPER_set_dir2.o)
                              ../../../../../Programming/Libraries/capi324v221-v2.05.000R\libcapi324v221.a(STEPPER_run2.o) (STEPPER_set_dir2)
[...]
Memory Configuration

Name             Origin             Length             Attributes
text             0x00000000         0x00020000         xr
data             0x00800060         0x0000ffa0         rw !x
eeprom           0x00810000         0x00010000         rw !x
fuse             0x00820000         0x00000400         rw !x
lock             0x00830000         0x00000400         rw !x
signature        0x00840000         0x00000400         rw !x
user_signatures  0x00850000         0x00000400         rw !x
*default*        0x00000000         0xffffffff

Linker script and memory map

Address of section .data set to 0x800100
LOAD c:/program files (x86)/atmel/atmel toolchain/avr8 gcc/native/3.4.1061/avr8-gnu-toolchain/bin/../lib/gcc/avr/4.8.1/../../../../avr/lib/avr5/crtm324p.o
LOAD GccApplication1.o
START GROUP
LOAD c:/program files (x86)/atmel/atmel toolchain/avr8 gcc/native/3.4.1061/avr8-gnu-toolchain/bin/../lib/gcc/avr/4.8.1/../../../../avr/lib/avr5\libm.a
LOAD ../../../../../Programming/Libraries/capi324v221-v2.05.000R\libcapi324v221.a
END GROUP
START GROUP
LOAD c:/program files (x86)/atmel/atmel toolchain/avr8 gcc/native/3.4.1061/avr8-gnu-toolchain/bin/../lib/gcc/avr/4.8.1/avr5\libgcc.a
LOAD c:/program files (x86)/atmel/atmel toolchain/avr8 gcc/native/3.4.1061/avr8-gnu-toolchain/bin/../lib/gcc/avr/4.8.1/../../../../avr/lib/avr5\libm.a
LOAD c:/program files (x86)/atmel/atmel toolchain/avr8 gcc/native/3.4.1061/avr8-gnu-toolchain/bin/../lib/gcc/avr/4.8.1/../../../../avr/lib/avr5\libc.a
END GROUP

.hash
 *(.hash)

.dynsym
 *(.dynsym)

.dynstr
 *(.dynstr)

.gnu.version
 *(.gnu.version)

.gnu.version_d
 *(.gnu.version_d)

.gnu.version_r
 *(.gnu.version_r)

.rel.init
 *(.rel.init)

.rela.init
 *(.rela.init)

.rel.text
 *(.rel.text)
 *(.rel.text.*)
 *(.rel.gnu.linkonce.t*)

.rela.text
 *(.rela.text)
 *(.rela.text.*)
 *(.rela.gnu.linkonce.t*)

.rel.fini
 *(.rel.fini)

.rela.fini
 *(.rela.fini)

.rel.rodata
 *(.rel.rodata)
 *(.rel.rodata.*)
 *(.rel.gnu.linkonce.r*)

.rela.rodata
 *(.rela.rodata)
 *(.rela.rodata.*)
 *(.rela.gnu.linkonce.r*)

.rel.data
 *(.rel.data)
 *(.rel.data.*)
 *(.rel.gnu.linkonce.d*)

.rela.data
 *(.rela.data)
 *(.rela.data.*)
 *(.rela.gnu.linkonce.d*)

.rel.ctors
 *(.rel.ctors)

.rela.ctors
 *(.rela.ctors)

.rel.dtors
 *(.rel.dtors)

.rela.dtors
 *(.rela.dtors)

.rel.got
 *(.rel.got)

.rela.got
 *(.rela.got)

.rel.bss
 *(.rel.bss)

.rela.bss
 *(.rela.bss)

.rel.plt
 *(.rel.plt)

.rela.plt
 *(.rela.plt)

.text           0x00000000     0x3f48
 *(.vectors)
 .vectors       0x00000000       0x7c c:/program files (x86)/atmel/atmel toolchain/avr8 gcc/native/3.4.1061/avr8-gnu-toolchain/bin/../lib/gcc/avr/4.8.1/../../../../avr/lib/avr5/crtm324p.o
                0x00000000                __vector_default
                0x00000000                __vectors
 *(.vectors)
 *(.progmem.gcc*)
 .progmem.gcc_fplib
                0x0000007c       0x28 c:/program files (x86)/atmel/atmel toolchain/avr8 gcc/native/3.4.1061/avr8-gnu-toolchain/bin/../lib/gcc/avr/4.8.1/../../../../avr/lib/avr5\libm.a(exp.o)
 .progmem.gcc_fplib
                0x000000a4       0x5a c:/program files (x86)/atmel/atmel toolchain/avr8 gcc/native/3.4.1061/avr8-gnu-toolchain/bin/../lib/gcc/avr/4.8.1/../../../../avr/lib/avr5\libm.a(log.o)
                0x000000fe                . = ALIGN (0x2)
                0x000000fe                __trampolines_start = .
 *(.trampolines)
 .trampolines   0x000000fe        0x0 linker stubs
 *(.trampolines*)
                0x000000fe                __trampolines_end = .
 *(.progmem*)
 .progmem.data  0x000000fe      0x415 ../../../../../Programming/Libraries/capi324v221-v2.05.000R\libcapi324v221.a(LCD_globals.o)
                0x000000fe                char_bitmap
                0x00000313                CEENBoT_Inc_logo_bitmap
                0x00000514                . = ALIGN (0x2)
 *fill*         0x00000513        0x1 
 *(.jumptables)
 *(.jumptables*)
 *(.lowtext)
 *(.lowtext*)
                0x00000514                __ctors_start = .
 *(.ctors)
                0x00000514                __ctors_end = .
                0x00000514                __dtors_start = .
 *(.dtors)
                0x00000514                __dtors_end = .
 SORT(*)(.ctors)
 SORT(*)(.dtors)
 *(.init0)
 .init0         0x00000514        0x0 c:/program files (x86)/atmel/atmel toolchain/avr8 gcc/native/3.4.1061/avr8-gnu-toolchain/bin/../lib/gcc/avr/4.8.1/../../../../avr/lib/avr5/crtm324p.o
                0x00000514                __init
 *(.init0)
 *(.init1)
 *(.init1)
 *(.init2)
 .init2         0x00000514        0xc c:/program files (x86)/atmel/atmel toolchain/avr8 gcc/native/3.4.1061/avr8-gnu-toolchain/bin/../lib/gcc/avr/4.8.1/../../../../avr/lib/avr5/crtm324p.o
 *(.init2)
 *(.init3)
 *(.init3)
 *(.init4)
 .init4         0x00000520       0x16 c:/program files (x86)/atmel/atmel toolchain/avr8 gcc/native/3.4.1061/avr8-gnu-toolchain/bin/../lib/gcc/avr/4.8.1/avr5\libgcc.a(_copy_data.o)
                0x00000520                __do_copy_data
 .init4         0x00000536       0x10 c:/program files (x86)/atmel/atmel toolchain/avr8 gcc/native/3.4.1061/avr8-gnu-toolchain/bin/../lib/gcc/avr/4.8.1/avr5\libgcc.a(_clear_bss.o)
                0x00000536                __do_clear_bss
 *(.init4)
 *(.init5)
 *(.init5)
 *(.init6)
 *(.init6)
 *(.init7)
 *(.init7)
 *(.init8)
 *(.init8)
 *(.init9)
 .init9         0x00000546        0x8 c:/program files (x86)/atmel/atmel toolchain/avr8 gcc/native/3.4.1061/avr8-gnu-toolchain/bin/../lib/gcc/avr/4.8.1/../../../../avr/lib/avr5/crtm324p.o
 *(.init9)
 *(.text)
 .text          0x0000054e        0x4 c:/program files (x86)/atmel/atmel toolchain/avr8 gcc/native/3.4.1061/avr8-gnu-toolchain/bin/../lib/gcc/avr/4.8.1/../../../../avr/lib/avr5/crtm324p.o
                0x0000054e                __vector_22
                0x0000054e                __vector_28
                0x0000054e                __vector_1
                0x0000054e                __vector_24
                0x0000054e                __bad_interrupt
                0x0000054e                __vector_3
                0x0000054e                __vector_23
                0x0000054e                __vector_30
                0x0000054e                __vector_25
                0x0000054e                __vector_19
                0x0000054e                __vector_27
                0x0000054e                __vector_2
                0x0000054e                __vector_21
                0x0000054e                __vector_29
                0x0000054e                __vector_8
                0x0000054e                __vector_26
                0x0000054e                __vector_20
 .text          0x00000552       0x12 ../../../../../Programming/Libraries/capi324v221-v2.05.000R\libcapi324v221.a(CBOT_main.o)
                0x00000552                main
 .text          0x00000564      0x110 ../../../../../Programming/Libraries/capi324v221-v2.05.000R\libcapi324v221.a(LCD_open.o)
                0x00000564                LCD_open
 .text          0x00000674       0x44 ../../../../../Programming/Libraries/capi324v221-v2.05.000R\libcapi324v221.a(LCD_set_PGC_addr.o)
                0x00000674                LCD_set_PGC_addr
 .text          0x000006b8       0x42 ../../../../../Programming/Libraries/capi324v221-v2.05.000R\libcapi324v221.a(LCD_set_backlight.o)
                0x000006b8                LCD_set_backlight
 .text          0x000006fa       0x24 ../../../../../Programming/Libraries/capi324v221-v2.05.000R\libcapi324v221.a(LCD_set_next_PGC.o)
                0x000006fa                LCD_set_next_PGC
 .text          0x0000071e       0x36 ../../../../../Programming/Libraries/capi324v221-v2.05.000R\libcapi324v221.a(LCD_write.o)
                0x0000071e                LCD_write
 .text          0x00000754        0x4 ../../../../../Programming/Libraries/capi324v221-v2.05.000R\libcapi324v221.a(__LCD_init.o)
                0x00000754                __LCD_init
 .text          0x00000758       0x3e ../../../../../Programming/Libraries/capi324v221-v2.05.000R\libcapi324v221.a(PSXC_open.o)
                0x00000758                PSXC_open
 .text          0x00000796      0x140 ../../../../../Programming/Libraries/capi324v221-v2.05.000R\libcapi324v221.a(PSXC_read.o)
                0x00000796                PSXC_read
 .text          0x000008d6       0x74 ../../../../../Programming/Libraries/capi324v221-v2.05.000R\libcapi324v221.a(SPI_open.o)
                0x000008d6                SPI_open
 .text          0x0000094a       0x22 ../../../../../Programming/Libraries/capi324v221-v2.05.000R\libcapi324v221.a(SPI_receive.o)
                0x0000094a                SPI_receive
 .text          0x0000096c       0x12 ../../../../../Programming/Libraries/capi324v221-v2.05.000R\libcapi324v221.a(SPI_set_config_func.o)
                0x0000096c                SPI_set_config_func
 .text          0x0000097e       0xbe ../../../../../Programming/Libraries/capi324v221-v2.05.000R\libcapi324v221.a(SPI_set_slave_addr.o)
                0x0000097e                SPI_set_slave_addr
 .text          0x00000a3c       0x1e ../../../../../Programming/Libraries/capi324v221-v2.05.000R\libcapi324v221.a(SPI_transmit.o)
                0x00000a3c                SPI_transmit
 .text          0x00000a5a        0xe ../../../../../Programming/Libraries/capi324v221-v2.05.000R\libcapi324v221.a(__SPI_init.o)
                0x00000a5a                __SPI_init
 .text          0x00000a68      0x244 ../../../../../Programming/Libraries/capi324v221-v2.05.000R\libcapi324v221.a(STEPPER_move.o)
                0x00000bbc                STEPPER_move
 .text          0x00000cac       0x2e ../../../../../Programming/Libraries/capi324v221-v2.05.000R\libcapi324v221.a(STEPPER_run.o)
                0x00000cac                STEPPER_run
 .text          0x00000cda       0x3a ../../../../../Programming/Libraries/capi324v221-v2.05.000R\libcapi324v221.a(STEPPER_run2.o)
                0x00000cda                STEPPER_run2
 .text          0x00000d14       0x42 ../../../../../Programming/Libraries/capi324v221-v2.05.000R\libcapi324v221.a(STEPPER_set_accel.o)
                0x00000d14                STEPPER_set_accel
 .text          0x00000d56       0x38 ../../../../../Programming/Libraries/capi324v221-v2.05.000R\libcapi324v221.a(STEPPER_set_accel2.o)
                0x00000d56                STEPPER_set_accel2
 .text          0x00000d8e       0x2a ../../../../../Programming/Libraries/capi324v221-v2.05.000R\libcapi324v221.a(STEPPER_set_dir.o)
                0x00000d8e                STEPPER_set_dir
 .text          0x00000db8       0x14 ../../../../../Programming/Libraries/capi324v221-v2.05.000R\libcapi324v221.a(STEPPER_set_dir2.o)
                0x00000db8                STEPPER_set_dir2
 .text          0x00000dcc       0x2a ../../../../../Programming/Libraries/capi324v221-v2.05.000R\libcapi324v221.a(STEPPER_set_mode.o)
                0x00000dcc                STEPPER_set_mode
 .text          0x00000df6       0x58 ../../../../../Programming/Libraries/capi324v221-v2.05.000R\libcapi324v221.a(STEPPER_set_speed.o)
                0x00000df6                STEPPER_set_speed
 .text          0x00000e4e       0x3c ../../../../../Programming/Libraries/capi324v221-v2.05.000R\libcapi324v221.a(STEPPER_set_speed2.o)
                0x00000e4e                STEPPER_set_speed2
 .text          0x00000e8a      0x124 ../../../../../Programming/Libraries/capi324v221-v2.05.000R\libcapi324v221.a(STEPPER_step.o)
                0x00000e8a                STEPPER_step
 .text          0x00000fae      0x10a ../../../../../Programming/Libraries/capi324v221-v2.05.000R\libcapi324v221.a(STEPPER_step2.o)
                0x00000fae                STEPPER_step2
 .text          0x000010b8       0xde ../../../../../Programming/Libraries/capi324v221-v2.05.000R\libcapi324v221.a(STEPPER_wait_and_then.o)
                0x000010b8                STEPPER_wait_and_then
 .text          0x00001196       0x22 ../../../../../Programming/Libraries/capi324v221-v2.05.000R\libcapi324v221.a(SYS_decrement_refcount.o)
                0x00001196                SYS_decrement_refcount
 .text          0x000011b8       0x1c ../../../../../Programming/Libraries/capi324v221-v2.05.000R\libcapi324v221.a(SYS_increment_refcount.o)
                0x000011b8                SYS_increment_refcount
 .text          0x000011d4       0x1a ../../../../../Programming/Libraries/capi324v221-v2.05.000R\libcapi324v221.a(SYS_isOpen.o)
                0x000011d4                SYS_isOpen
 .text          0x000011ee       0x58 ../../../../../Programming/Libraries/capi324v221-v2.05.000R\libcapi324v221.a(ATTINY_open.o)
                0x000011ee                ATTINY_open
 .text          0x00001246       0x82 ../../../../../Programming/Libraries/capi324v221-v2.05.000R\libcapi324v221.a(__ATTINY_initialize_params.o)
                0x00001246                __ATTINY_initialize_params
 .text          0x000012c8      0x20c ../../../../../Programming/Libraries/capi324v221-v2.05.000R\libcapi324v221.a(UART_configure.o)
                0x0000138e                UART_configure
 .text          0x000014d4       0x7e ../../../../../Programming/Libraries/capi324v221-v2.05.000R\libcapi324v221.a(UART_open.o)
                0x000014d4                UART_open
 .text          0x00001552       0x96 ../../../../../Programming/Libraries/capi324v221-v2.05.000R\libcapi324v221.a(UART_set_TX_state.o)
                0x00001552                UART_set_TX_state
 .text          0x000015e8       0x32 ../../../../../Programming/Libraries/capi324v221-v2.05.000R\libcapi324v221.a(UART_set_timeout.o)
                0x000015e8                UART_set_timeout
 .text          0x0000161a       0x9a ../../../../../Programming/Libraries/capi324v221-v2.05.000R\libcapi324v221.a(UART_transmit.o)
                0x0000161a                UART_transmit
 .text          0x000016b4       0x1a ../../../../../Programming/Libraries/capi324v221-v2.05.000R\libcapi324v221.a(__UART_init.o)
                0x000016b4                __UART_init
 .text          0x000016ce       0x1c ../../../../../Programming/Libraries/capi324v221-v2.05.000R\libcapi324v221.a(CBOT_init.o)
                0x000016ce                CBOT_init
 .text          0x000016ea      0x480 ../../../../../Programming/Libraries/capi324v221-v2.05.000R\libcapi324v221.a(CBOT_isr.o)
                0x000016ea                CBOT_ISR_init
                0x000016ee                __vector_16
                0x00001740                __vector_17
                0x00001792                __vector_18
                0x000017e4                __vector_9
                0x00001836                __vector_10
                0x00001888                __vector_11
                0x000018da                __vector_13
                0x0000192c                __vector_14
                0x0000197e                __vector_12
                0x000019d0                __vector_15
                0x00001a22                __vector_4
                0x00001a74                __vector_5
                0x00001ac6                __vector_6
                0x00001b18                __vector_7
 .text          0x00001b6a       0x24 ../../../../../Programming/Libraries/capi324v221-v2.05.000R\libcapi324v221.a(ISR_open.o)
                0x00001b6a                ISR_open
 .text          0x00001b8e       0x4c ../../../../../Programming/Libraries/capi324v221-v2.05.000R\libcapi324v221.a(LCD_clear.o)
                0x00001b8e                LCD_clear
 .text          0x00001bda      0x168 ../../../../../Programming/Libraries/capi324v221-v2.05.000R\libcapi324v221.a(__LCD_putchar.o)
                0x00001bda                __LCD_putchar
 .text          0x00001d42       0x12 ../../../../../Programming/Libraries/capi324v221-v2.05.000R\libcapi324v221.a(ATMEGA_open.o)
                0x00001d42                ATMEGA_open
 .text          0x00001d54       0xac ../../../../../Programming/Libraries/capi324v221-v2.05.000R\libcapi324v221.a(ATMEGA_set_clk_mode.o)
                0x00001d54                ATMEGA_set_clk_mode
 .text          0x00001e00        0x6 ../../../../../Programming/Libraries/capi324v221-v2.05.000R\libcapi324v221.a(__ATMEGA_init.o)
                0x00001e00                __ATMEGA_init
 .text          0x00001e06       0x52 ../../../../../Programming/Libraries/capi324v221-v2.05.000R\libcapi324v221.a(SPI_cfgrs.o)
                0x00001e06                SPI_FLASH_config
                0x00001e18                SPI_default_config
                0x00001e28                SPI_ATtiny0_config
                0x00001e38                SPI_PSXC_config
                0x00001e48                SPI_LCD_config
 .text          0x00001e58       0x64 ../../../../../Programming/Libraries/capi324v221-v2.05.000R\libcapi324v221.a(SPKR_close.o)
                0x00001e58                __SPKR_close_beep_mode
                0x00001e6e                __SPKR_close_tone_mode
                0x00001ea8                SPKR_close
 .text          0x00001ebc      0x164 ../../../../../Programming/Libraries/capi324v221-v2.05.000R\libcapi324v221.a(SPKR_open.o)
                0x00001ebc                __SPKR_set_up_freq_LUT
                0x00001f82                __SPKR_open_beep_mode
                0x00001fa8                __SPKR_open_tone_mode
                0x00002006                SPKR_open
 .text          0x00002020       0xac ../../../../../Programming/Libraries/capi324v221-v2.05.000R\libcapi324v221.a(SPKR_play_beep.o)
                0x00002020                SPKR_play_beep
 .text          0x000020cc       0x38 ../../../../../Programming/Libraries/capi324v221-v2.05.000R\libcapi324v221.a(__SPKR_close.o)
                0x000020cc                __SPKR_close
 .text          0x00002104       0x54 ../../../../../Programming/Libraries/capi324v221-v2.05.000R\libcapi324v221.a(__SPKR_init.o)
                0x00002104                __SPKR_init
 .text          0x00002158        0xc ../../../../../Programming/Libraries/capi324v221-v2.05.000R\libcapi324v221.a(__SPKR_stop.o)
                0x00002158                __SPKR_stop
 .text          0x00002164       0x2a ../../../../../Programming/Libraries/capi324v221-v2.05.000R\libcapi324v221.a(STEPPER_go.o)
                0x00002164                STEPPER_go
 .text          0x0000218e       0x36 ../../../../../Programming/Libraries/capi324v221-v2.05.000R\libcapi324v221.a(STEPPER_set_steps.o)
                0x0000218e                STEPPER_set_steps
 .text          0x000021c4       0x1c ../../../../../Programming/Libraries/capi324v221-v2.05.000R\libcapi324v221.a(STEPPER_set_steps2.o)
                0x000021c4                STEPPER_set_steps2
 .text          0x000021e0       0x2a ../../../../../Programming/Libraries/capi324v221-v2.05.000R\libcapi324v221.a(STEPPER_set_stop_mode.o)
                0x000021e0                STEPPER_set_stop_mode
 .text          0x0000220a       0x7a ../../../../../Programming/Libraries/capi324v221-v2.05.000R\libcapi324v221.a(STEPPER_setup_decels.o)
                0x0000220a                STEPPER_setup_decels
 .text          0x00002284       0x1e ../../../../../Programming/Libraries/capi324v221-v2.05.000R\libcapi324v221.a(SYS_init.o)
                0x00002284                SYS_init
 .text          0x000022a2       0x10 ../../../../../Programming/Libraries/capi324v221-v2.05.000R\libcapi324v221.a(SYS_set_refcount.o)
                0x000022a2                SYS_set_refcount
 .text          0x000022b2       0x7a ../../../../../Programming/Libraries/capi324v221-v2.05.000R\libcapi324v221.a(ATTINY_get_firm_rev.o)
                0x000022b2                ATTINY_get_firm_rev
 .text          0x0000232c       0x5c ../../../../../Programming/Libraries/capi324v221-v2.05.000R\libcapi324v221.a(TMRSRVC_delay.o)
                0x0000232c                TMRSRVC_delay
 .text          0x00002388       0x7e ../../../../../Programming/Libraries/capi324v221-v2.05.000R\libcapi324v221.a(TMRSRVC_new.o)
                0x00002388                TMRSRVC_new
 .text          0x00002406       0x3a ../../../../../Programming/Libraries/capi324v221-v2.05.000R\libcapi324v221.a(TMRSRVC_open.o)
                0x00002406                TMRSRVC_open
 .text          0x00002440       0x12 ../../../../../Programming/Libraries/capi324v221-v2.05.000R\libcapi324v221.a(__TMRSRVC_init.o)
                0x00002440                __TMRSRVC_init
 .text          0x00002452       0xd2 ../../../../../Programming/Libraries/capi324v221-v2.05.000R\libcapi324v221.a(__TMRSRVC_insert.o)
                0x00002452                TMRSRVC_insert
 .text          0x00002524        0xc ../../../../../Programming/Libraries/capi324v221-v2.05.000R\libcapi324v221.a(__TMRSRVC_start.o)
                0x00002524                __TMRSRVC_start
 .text          0x00002530       0x26 ../../../../../Programming/Libraries/capi324v221-v2.05.000R\libcapi324v221.a(ISR_attach.o)
                0x00002530                ISR_attach
 .text          0x00002556       0x20 ../../../../../Programming/Libraries/capi324v221-v2.05.000R\libcapi324v221.a(__ISR_attach.o)
                0x00002556                __ISR_attach
 .text          0x00002576        0x6 ../../../../../Programming/Libraries/capi324v221-v2.05.000R\libcapi324v221.a(ISR__SPKR__TIMER1_COMPA_vect.o)
                0x00002576                __SPKR_TIMER1_COMPA_vect
 .text          0x0000257c       0x48 ../../../../../Programming/Libraries/capi324v221-v2.05.000R\libcapi324v221.a(SPKR_beep.o)
                0x0000257c                SPKR_beep
 .text          0x000025c4       0x82 ../../../../../Programming/Libraries/capi324v221-v2.05.000R\libcapi324v221.a(SPKR_clk.o)
                0x000025c4                SPKR_clk
 .text          0x00002646       0xd6 ../../../../../Programming/Libraries/capi324v221-v2.05.000R\libcapi324v221.a(STEPPER_set_decel_step_values.o)
                0x00002646                STEPPER_set_decel_step_values
 .text          0x0000271c        0xe ../../../../../Programming/Libraries/capi324v221-v2.05.000R\libcapi324v221.a(ISR__TIMER0_COMPA_vect.o)
                0x0000271c                __TIMER0_COMPA_vect
 .text          0x0000272a        0x8 ../../../../../Programming/Libraries/capi324v221-v2.05.000R\libcapi324v221.a(TMRSRVC_start.o)
                0x0000272a                TMRSRVC_start
 .text          0x00002732       0x34 ../../../../../Programming/Libraries/capi324v221-v2.05.000R\libcapi324v221.a(TMRSRVC_tick.o)
                0x00002732                TMRSRVC_tick
 .text          0x00002766       0x4e ../../../../../Programming/Libraries/capi324v221-v2.05.000R\libcapi324v221.a(SPKR_beep_clk.o)
                0x00002766                SPKR_beep_clk
 .text          0x000027b4      0x162 ../../../../../Programming/Libraries/capi324v221-v2.05.000R\libcapi324v221.a(STEPPER_clk.o)
                0x000027b4                STEPPER_clk
 .text          0x00002916       0x8a ../../../../../Programming/Libraries/capi324v221-v2.05.000R\libcapi324v221.a(STEPPER_process_accel.o)
                0x00002916                STEPPER_process_accel
 .text          0x000029a0      0x1fe ../../../../../Programming/Libraries/capi324v221-v2.05.000R\libcapi324v221.a(STEPPER_process_run_mode.o)
                0x000029a0                STEPPER_process_run_mode
 .text          0x00002b9e       0xac ../../../../../Programming/Libraries/capi324v221-v2.05.000R\libcapi324v221.a(STEPPER_process_step_mode.o)
                0x00002b9e                STEPPER_process_step_mode
 .text          0x00002c4a       0x4a ../../../../../Programming/Libraries/capi324v221-v2.05.000R\libcapi324v221.a(STEPPER_stop.o)
                0x00002c4a                STEPPER_stop
 .text          0x00002c94       0xd8 ../../../../../Programming/Libraries/capi324v221-v2.05.000R\libcapi324v221.a(TMRSRVC_process.o)
                0x00002c94                TMRSRVC_process
 .text          0x00002d6c        0x6 ../../../../../Programming/Libraries/capi324v221-v2.05.000R\libcapi324v221.a(TMRSRVC_stop.o)
                0x00002d6c                TMRSRVC_stop
 .text          0x00002d72      0x130 ../../../../../Programming/Libraries/capi324v221-v2.05.000R\libcapi324v221.a(STEPPER_process_pwm.o)
                0x00002d72                STEPPER_process_pwm
                0x00002ea2                . = ALIGN (0x2)
 *(.text.*)
 .text.CBOT_main
                0x00002ea2      0x17c GccApplication1.o
                0x00002ea2                CBOT_main
 .text.avr-libc.fplib
                0x0000301e        0xa c:/program files (x86)/atmel/atmel toolchain/avr8 gcc/native/3.4.1061/avr8-gnu-toolchain/bin/../lib/gcc/avr/4.8.1/../../../../avr/lib/avr5\libm.a(addsf3.o)
                0x0000301e                __subsf3
                0x00003020                __addsf3
 .text.avr-libc.fplib
                0x00003028       0xc0 c:/program files (x86)/atmel/atmel toolchain/avr8 gcc/native/3.4.1061/avr8-gnu-toolchain/bin/../lib/gcc/avr/4.8.1/../../../../avr/lib/avr5\libm.a(addsf3x.o)
                0x00003042                __addsf3x
 .text.avr-libc.fplib
                0x000030e8        0x4 c:/program files (x86)/atmel/atmel toolchain/avr8 gcc/native/3.4.1061/avr8-gnu-toolchain/bin/../lib/gcc/avr/4.8.1/../../../../avr/lib/avr5\libm.a(divsf3.o)
                0x000030e8                __divsf3
 .text.avr-libc.fplib
                0x000030ec       0xcc c:/program files (x86)/atmel/atmel toolchain/avr8 gcc/native/3.4.1061/avr8-gnu-toolchain/bin/../lib/gcc/avr/4.8.1/../../../../avr/lib/avr5\libm.a(divsf3x.o)
                0x00003102                __divsf3x
                0x00003106                __divsf3_pse
 .text.avr-libc.fplib
                0x000031b8       0x7a c:/program files (x86)/atmel/atmel toolchain/avr8 gcc/native/3.4.1061/avr8-gnu-toolchain/bin/../lib/gcc/avr/4.8.1/../../../../avr/lib/avr5\libm.a(floatsisf.o)
                0x000031b8                __floatunsisf
                0x000031bc                __floatsisf
 .text.avr-libc.fplib
                0x00003232        0xc c:/program files (x86)/atmel/atmel toolchain/avr8 gcc/native/3.4.1061/avr8-gnu-toolchain/bin/../lib/gcc/avr/4.8.1/../../../../avr/lib/avr5\libm.a(fp_inf.o)
                0x00003232                __fp_inf
 .text.avr-libc.fplib
                0x0000323e        0x6 c:/program files (x86)/atmel/atmel toolchain/avr8 gcc/native/3.4.1061/avr8-gnu-toolchain/bin/../lib/gcc/avr/4.8.1/../../../../avr/lib/avr5\libm.a(fp_nan.o)
                0x0000323e                __fp_nan
 .text.avr-libc.fplib
                0x00003244        0xe c:/program files (x86)/atmel/atmel toolchain/avr8 gcc/native/3.4.1061/avr8-gnu-toolchain/bin/../lib/gcc/avr/4.8.1/../../../../avr/lib/avr5\libm.a(fp_pscA.o)
                0x00003244                __fp_pscA
 .text.avr-libc.fplib
                0x00003252        0xe c:/program files (x86)/atmel/atmel toolchain/avr8 gcc/native/3.4.1061/avr8-gnu-toolchain/bin/../lib/gcc/avr/4.8.1/../../../../avr/lib/avr5\libm.a(fp_pscB.o)
                0x00003252                __fp_pscB
 .text.avr-libc.fplib
                0x00003260       0x22 c:/program files (x86)/atmel/atmel toolchain/avr8 gcc/native/3.4.1061/avr8-gnu-toolchain/bin/../lib/gcc/avr/4.8.1/../../../../avr/lib/avr5\libm.a(fp_round.o)
                0x00003260                __fp_round
 .text.avr-libc.fplib
                0x00003282       0x44 c:/program files (x86)/atmel/atmel toolchain/avr8 gcc/native/3.4.1061/avr8-gnu-toolchain/bin/../lib/gcc/avr/4.8.1/../../../../avr/lib/avr5\libm.a(fp_split3.o)
                0x00003282                __fp_split3
                0x00003292                __fp_splitA
 .text.avr-libc.fplib
                0x000032c6        0xe c:/program files (x86)/atmel/atmel toolchain/avr8 gcc/native/3.4.1061/avr8-gnu-toolchain/bin/../lib/gcc/avr/4.8.1/../../../../avr/lib/avr5\libm.a(fp_zero.o)
                0x000032c6                __fp_zero
                0x000032c8                __fp_szero
 .text.avr-libc.fplib
                0x000032d4       0x74 c:/program files (x86)/atmel/atmel toolchain/avr8 gcc/native/3.4.1061/avr8-gnu-toolchain/bin/../lib/gcc/avr/4.8.1/../../../../avr/lib/avr5\libm.a(lrint.o)
                0x000032d4                lrint
 .text.avr-libc.fplib
                0x00003348        0x4 c:/program files (x86)/atmel/atmel toolchain/avr8 gcc/native/3.4.1061/avr8-gnu-toolchain/bin/../lib/gcc/avr/4.8.1/../../../../avr/lib/avr5\libm.a(mulsf3.o)
                0x00003348                __mulsf3
 .text.avr-libc.fplib
                0x0000334c       0xc2 c:/program files (x86)/atmel/atmel toolchain/avr8 gcc/native/3.4.1061/avr8-gnu-toolchain/bin/../lib/gcc/avr/4.8.1/../../../../avr/lib/avr5\libm.a(mulsf3x.o)
                0x00003360                __mulsf3x
                0x00003364                __mulsf3_pse
 .text.avr-libc.fplib
                0x0000340e       0x98 c:/program files (x86)/atmel/atmel toolchain/avr8 gcc/native/3.4.1061/avr8-gnu-toolchain/bin/../lib/gcc/avr/4.8.1/../../../../avr/lib/avr5\libm.a(pow.o)
                0x0000340e                pow
 .text.avr-libc.fplib
                0x000034a6       0x62 c:/program files (x86)/atmel/atmel toolchain/avr8 gcc/native/3.4.1061/avr8-gnu-toolchain/bin/../lib/gcc/avr/4.8.1/../../../../avr/lib/avr5\libm.a(exp.o)
                0x000034b0                exp
 .text.avr-libc.fplib
                0x00003508       0x4a c:/program files (x86)/atmel/atmel toolchain/avr8 gcc/native/3.4.1061/avr8-gnu-toolchain/bin/../lib/gcc/avr/4.8.1/../../../../avr/lib/avr5\libm.a(fp_powser.o)
                0x00003508                __fp_powser
 .text.avr-libc.fplib
                0x00003552        0xe c:/program files (x86)/atmel/atmel toolchain/avr8 gcc/native/3.4.1061/avr8-gnu-toolchain/bin/../lib/gcc/avr/4.8.1/../../../../avr/lib/avr5\libm.a(inverse.o)
                0x00003552                inverse
 .text.avr-libc.fplib
                0x00003560       0x6c c:/program files (x86)/atmel/atmel toolchain/avr8 gcc/native/3.4.1061/avr8-gnu-toolchain/bin/../lib/gcc/avr/4.8.1/../../../../avr/lib/avr5\libm.a(ldexp.o)
                0x00003564                ldexp
 .text.avr-libc.fplib
                0x000035cc       0x8a c:/program files (x86)/atmel/atmel toolchain/avr8 gcc/native/3.4.1061/avr8-gnu-toolchain/bin/../lib/gcc/avr/4.8.1/../../../../avr/lib/avr5\libm.a(log.o)
                0x000035d6                log
 .text.avr-libc.fplib
                0x00003656       0x66 c:/program files (x86)/atmel/atmel toolchain/avr8 gcc/native/3.4.1061/avr8-gnu-toolchain/bin/../lib/gcc/avr/4.8.1/../../../../avr/lib/avr5\libm.a(modf.o)
                0x00003656                modf
                0x00003656                modff
 .text.avr-libc.fplib
                0x000036bc       0x1c c:/program files (x86)/atmel/atmel toolchain/avr8 gcc/native/3.4.1061/avr8-gnu-toolchain/bin/../lib/gcc/avr/4.8.1/../../../../avr/lib/avr5\libm.a(fp_mpack.o)
                0x000036bc                __fp_mpack
                0x000036c0                __fp_mpack_finite
 .text.libgcc.mul
                0x000036d8       0x20 c:/program files (x86)/atmel/atmel toolchain/avr8 gcc/native/3.4.1061/avr8-gnu-toolchain/bin/../lib/gcc/avr/4.8.1/avr5\libgcc.a(_mulsi3.o)
                0x000036d8                __mulsi3
 .text.libgcc.div
                0x000036f8       0x44 c:/program files (x86)/atmel/atmel toolchain/avr8 gcc/native/3.4.1061/avr8-gnu-toolchain/bin/../lib/gcc/avr/4.8.1/avr5\libgcc.a(_udivmodsi4.o)
                0x000036f8                __udivmodsi4
 .text.libgcc.mul
                0x0000373c       0x16 c:/program files (x86)/atmel/atmel toolchain/avr8 gcc/native/3.4.1061/avr8-gnu-toolchain/bin/../lib/gcc/avr/4.8.1/avr5\libgcc.a(_muluhisi3.o)
                0x0000373c                __muluhisi3
 .text.libgcc.mul
                0x00003752       0x1e c:/program files (x86)/atmel/atmel toolchain/avr8 gcc/native/3.4.1061/avr8-gnu-toolchain/bin/../lib/gcc/avr/4.8.1/avr5\libgcc.a(_umulhisi3.o)
                0x00003752                __umulhisi3
 .text.avr-libc
                0x00003770      0x24e c:/program files (x86)/atmel/atmel toolchain/avr8 gcc/native/3.4.1061/avr8-gnu-toolchain/bin/../lib/gcc/avr/4.8.1/../../../../avr/lib/avr5\libc.a(malloc.o)
                0x00003770                malloc
                0x000038a0                free
 .text.avr-libc
                0x000039be       0x28 c:/program files (x86)/atmel/atmel toolchain/avr8 gcc/native/3.4.1061/avr8-gnu-toolchain/bin/../lib/gcc/avr/4.8.1/../../../../avr/lib/avr5\libc.a(printf.o)
                0x000039be                printf
 .text.avr-libc
                0x000039e6      0x3a4 c:/program files (x86)/atmel/atmel toolchain/avr8 gcc/native/3.4.1061/avr8-gnu-toolchain/bin/../lib/gcc/avr/4.8.1/../../../../avr/lib/avr5\libc.a(vfprintf_std.o)
                0x000039e6                vfprintf
 .text.avr-libc
                0x00003d8a       0x16 c:/program files (x86)/atmel/atmel toolchain/avr8 gcc/native/3.4.1061/avr8-gnu-toolchain/bin/../lib/gcc/avr/4.8.1/../../../../avr/lib/avr5\libc.a(strnlen_P.o)
                0x00003d8a                strnlen_P
 .text.avr-libc
                0x00003da0       0x16 c:/program files (x86)/atmel/atmel toolchain/avr8 gcc/native/3.4.1061/avr8-gnu-toolchain/bin/../lib/gcc/avr/4.8.1/../../../../avr/lib/avr5\libc.a(strnlen.o)
                0x00003da0                strnlen
 .text.avr-libc
                0x00003db6       0x64 c:/program files (x86)/atmel/atmel toolchain/avr8 gcc/native/3.4.1061/avr8-gnu-toolchain/bin/../lib/gcc/avr/4.8.1/../../../../avr/lib/avr5\libc.a(fputc.o)
                0x00003db6                fputc
 .text.avr-libc
                0x00003e1a       0xbc c:/program files (x86)/atmel/atmel toolchain/avr8 gcc/native/3.4.1061/avr8-gnu-toolchain/bin/../lib/gcc/avr/4.8.1/../../../../avr/lib/avr5\libc.a(ultoa_invert.o)
                0x00003e1a                __ultoa_invert
 .text.libgcc.prologue
                0x00003ed6       0x38 c:/program files (x86)/atmel/atmel toolchain/avr8 gcc/native/3.4.1061/avr8-gnu-toolchain/bin/../lib/gcc/avr/4.8.1/avr5\libgcc.a(_prologue.o)
                0x00003ed6                __prologue_saves__
 .text.libgcc.prologue
                0x00003f0e       0x36 c:/program files (x86)/atmel/atmel toolchain/avr8 gcc/native/3.4.1061/avr8-gnu-toolchain/bin/../lib/gcc/avr/4.8.1/avr5\libgcc.a(_epilogue.o)
                0x00003f0e                __epilogue_restores__
                0x00003f44                . = ALIGN (0x2)
 *(.fini9)
 .fini9         0x00003f44        0x0 c:/program files (x86)/atmel/atmel toolchain/avr8 gcc/native/3.4.1061/avr8-gnu-toolchain/bin/../lib/gcc/avr/4.8.1/avr5\libgcc.a(_exit.o)
                0x00003f44                _exit
                0x00003f44                exit
 *(.fini9)
 *(.fini8)
 *(.fini8)
 *(.fini7)
 *(.fini7)
 *(.fini6)
 *(.fini6)
 *(.fini5)
 *(.fini5)
 *(.fini4)
 *(.fini4)
 *(.fini3)
 *(.fini3)
 *(.fini2)
 *(.fini2)
 *(.fini1)
 *(.fini1)
 *(.fini0)
 .fini0         0x00003f44        0x4 c:/program files (x86)/atmel/atmel toolchain/avr8 gcc/native/3.4.1061/avr8-gnu-toolchain/bin/../lib/gcc/avr/4.8.1/avr5\libgcc.a(_exit.o)
 *(.fini0)
                0x00003f48                _etext = .

.data           0x00800100       0x48 load address 0x00003f48
                0x00800100                PROVIDE (__data_start, .)
 *(.data)
 .data          0x00800100        0xe ../../../../../Programming/Libraries/capi324v221-v2.05.000R\libcapi324v221.a(LCD_globals.o)
                0x00800100                LCD_stdout
 .data          0x0080010e        0x9 ../../../../../Programming/Libraries/capi324v221-v2.05.000R\libcapi324v221.a(PSXC_globals.o)
                0x0080010e                psxc_poll_seq
 .data          0x00800117        0x8 ../../../../../Programming/Libraries/capi324v221-v2.05.000R\libcapi324v221.a(STEPPER_globals.o)
                0x00800117                Motor_L_LUT
                0x0080011b                Motor_R_LUT
 .data          0x0080011f        0x6 c:/program files (x86)/atmel/atmel toolchain/avr8 gcc/native/3.4.1061/avr8-gnu-toolchain/bin/../lib/gcc/avr/4.8.1/../../../../avr/lib/avr5\libc.a(malloc.o)
                0x0080011f                __malloc_heap_end
                0x00800121                __malloc_heap_start
                0x00800123                __malloc_margin
 *(.data*)
 *(.rodata)
 *(.rodata*)
 .rodata.str1.1
                0x00800125       0x22 GccApplication1.o
 *(.gnu.linkonce.d*)
                0x00800148                . = ALIGN (0x2)
 *fill*         0x00800147        0x1 
                0x00800148                _edata = .
                0x00800148                PROVIDE (__data_end, .)

.bss            0x00800148      0x11d
                0x00800148                PROVIDE (__bss_start, .)
 *(.bss)
 .bss           0x00800148        0x2 ../../../../../Programming/Libraries/capi324v221-v2.05.000R\libcapi324v221.a(STEPPER_step.o)
 .bss           0x0080014a        0x2 ../../../../../Programming/Libraries/capi324v221-v2.05.000R\libcapi324v221.a(STEPPER_step2.o)
 .bss           0x0080014c       0x40 ../../../../../Programming/Libraries/capi324v221-v2.05.000R\libcapi324v221.a(ISR_globals.o)
                0x0080014c                CBOT_ISR_vtable
 .bss           0x0080018c        0x9 ../../../../../Programming/Libraries/capi324v221-v2.05.000R\libcapi324v221.a(PSXC_globals.o)
                0x0080018c                psxc_response
 .bss           0x00800195       0x10 ../../../../../Programming/Libraries/capi324v221-v2.05.000R\libcapi324v221.a(SPI_globals.o)
                0x00800195                spi_config_func_LUT
 .bss           0x008001a5       0x10 ../../../../../Programming/Libraries/capi324v221-v2.05.000R\libcapi324v221.a(SPKR_globals.o)
                0x008001a5                tone_mode_active
                0x008001a6                beep_mode_active
                0x008001a7                spkr_accum32
                0x008001ab                spkr_freq
                0x008001af                beep_accum16
                0x008001b1                beep_freq
                0x008001b3                p_Freq_LUT
 .bss           0x008001b5        0x2 ../../../../../Programming/Libraries/capi324v221-v2.05.000R\libcapi324v221.a(TMRSRVC_globals.o)
                0x008001b5                timer_busy_status
                0x008001b6                timer_run_status
 .bss           0x008001b7        0x1 ../../../../../Programming/Libraries/capi324v221-v2.05.000R\libcapi324v221.a(STEPPER_process_run_mode.o)
 .bss           0x008001b8        0x4 ../../../../../Programming/Libraries/capi324v221-v2.05.000R\libcapi324v221.a(STEPPER_process_pwm.o)
 *(.bss*)
 *(COMMON)
 COMMON         0x008001bc       0x15 ../../../../../Programming/Libraries/capi324v221-v2.05.000R\libcapi324v221.a(SYS_globals.o)
                0x008001bc                CBOT_SYSTEM_refcount
 COMMON         0x008001d1       0x1c ../../../../../Programming/Libraries/capi324v221-v2.05.000R\libcapi324v221.a(UART_globals.o)
                0x008001d1                UART1_timeout_timer
                0x008001da                UART0_timeout_timer
                0x008001e3                UART_params
 COMMON         0x008001ed        0x5 ../../../../../Programming/Libraries/capi324v221-v2.05.000R\libcapi324v221.a(LCD_globals.o)
                0x008001ed                LCD_params
 COMMON         0x008001f2        0xe ../../../../../Programming/Libraries/capi324v221-v2.05.000R\libcapi324v221.a(PSXC_globals.o)
                0x008001f2                PSXC_params
                0x008001f7                psxc_test_timer
 COMMON         0x00800200        0x1 ../../../../../Programming/Libraries/capi324v221-v2.05.000R\libcapi324v221.a(SPI_globals.o)
                0x00800200                curr_spi_addr
 COMMON         0x00800201       0x39 ../../../../../Programming/Libraries/capi324v221-v2.05.000R\libcapi324v221.a(STEPPER_globals.o)
                0x00800201                STEPPER_params
                0x00800238                step_done
 COMMON         0x0080023a       0x1e ../../../../../Programming/Libraries/capi324v221-v2.05.000R\libcapi324v221.a(ATTINY_globals.o)
                0x0080023a                ATTINY_params
 COMMON         0x00800258        0x3 ../../../../../Programming/Libraries/capi324v221-v2.05.000R\libcapi324v221.a(TMRSRVC_globals.o)
                0x00800258                tmrNodes
 COMMON         0x0080025b        0x4 c:/program files (x86)/atmel/atmel toolchain/avr8 gcc/native/3.4.1061/avr8-gnu-toolchain/bin/../lib/gcc/avr/4.8.1/../../../../avr/lib/avr5\libc.a(malloc.o)
                0x0080025b                __brkval
                0x0080025d                __flp
 COMMON         0x0080025f        0x6 c:/program files (x86)/atmel/atmel toolchain/avr8 gcc/native/3.4.1061/avr8-gnu-toolchain/bin/../lib/gcc/avr/4.8.1/../../../../avr/lib/avr5\libc.a(iob.o)
                0x0080025f                __iob
                0x00800265                PROVIDE (__bss_end, .)
                0x00003f48                __data_load_start = LOADADDR (.data)
                0x00003f90                __data_load_end = (__data_load_start + SIZEOF (.data))

.noinit         0x00800265        0x0
                0x00800265                PROVIDE (__noinit_start, .)
 *(.noinit*)
                0x00800265                PROVIDE (__noinit_end, .)
                0x00800265                _end = .
                0x00800265                PROVIDE (__heap_start, .)

.eeprom         0x00810000        0x0
 *(.eeprom*)
                0x00810000                __eeprom_end = .

.fuse
 *(.fuse)
 *(.lfuse)
 *(.hfuse)
 *(.efuse)

.lock
 *(.lock*)

.signature
 *(.signature*)

.user_signatures
 *(.user_signatures*)

.stab
 *(.stab)

.stabstr
 *(.stabstr)

.stab.excl
 *(.stab.excl)

.stab.exclstr
 *(.stab.exclstr)

.stab.index
 *(.stab.index)

.stab.indexstr
 *(.stab.indexstr)

.comment        0x00000000       0x5c
 *(.comment)
 .comment       0x00000000       0x30 GccApplication1.o
                                 0x31 (size before relaxing)
 .comment       0x00000000       0x31 c:/program files (x86)/atmel/atmel toolchain/avr8 gcc/native/3.4.1061/avr8-gnu-toolchain/bin/../lib/gcc/avr/4.8.1/../../../../avr/lib/avr5\libc.a(malloc.o)
 .comment       0x00000000       0x31 c:/program files (x86)/atmel/atmel toolchain/avr8 gcc/native/3.4.1061/avr8-gnu-toolchain/bin/../lib/gcc/avr/4.8.1/../../../../avr/lib/avr5\libc.a(iob.o)
 .comment       0x00000000       0x31 c:/program files (x86)/atmel/atmel toolchain/avr8 gcc/native/3.4.1061/avr8-gnu-toolchain/bin/../lib/gcc/avr/4.8.1/../../../../avr/lib/avr5\libc.a(printf.o)
 .comment       0x00000030       0x2c c:/program files (x86)/atmel/atmel toolchain/avr8 gcc/native/3.4.1061/avr8-gnu-toolchain/bin/../lib/gcc/avr/4.8.1/../../../../avr/lib/avr5\libc.a(vfprintf_std.o)
                                 0x2d (size before relaxing)
 .comment       0x00000000       0x31 c:/program files (x86)/atmel/atmel toolchain/avr8 gcc/native/3.4.1061/avr8-gnu-toolchain/bin/../lib/gcc/avr/4.8.1/../../../../avr/lib/avr5\libc.a(fputc.o)

.note.gnu.build-id
 *(.note.gnu.build-id)

.debug
 *(.debug)

.line
 *(.line)

.debug_srcinfo
 *(.debug_srcinfo)

.debug_sfnames
 *(.debug_sfnames)

.debug_aranges  0x00000000       0x20
 *(.debug_aranges)
 .debug_aranges
                0x00000000       0x20 GccApplication1.o

.debug_pubnames
 *(.debug_pubnames)

.debug_info     0x00000000      0x795
 *(.debug_info .gnu.linkonce.wi.*)
 .debug_info    0x00000000      0x795 GccApplication1.o

.debug_abbrev   0x00000000      0x216
 *(.debug_abbrev)
 .debug_abbrev  0x00000000      0x216 GccApplication1.o

.debug_line     0x00000000      0x222
 *(.debug_line .debug_line.* .debug_line_end)
 .debug_line    0x00000000      0x222 GccApplication1.o

.debug_frame    0x00000000       0x34
 *(.debug_frame)
 .debug_frame   0x00000000       0x34 GccApplication1.o

.debug_str      0x00000000      0x6bc
 *(.debug_str)
 .debug_str     0x00000000      0x6bc GccApplication1.o
                                0x6fb (size before relaxing)

.debug_loc      0x00000000      0x1ff
 *(.debug_loc)
 .debug_loc     0x00000000      0x1ff GccApplication1.o

.debug_macinfo
 *(.debug_macinfo)

.debug_weaknames
 *(.debug_weaknames)

.debug_funcnames
 *(.debug_funcnames)

.debug_typenames
 *(.debug_typenames)

.debug_varnames
 *(.debug_varnames)

.debug_pubtypes
 *(.debug_pubtypes)

.debug_ranges   0x00000000       0x28
 *(.debug_ranges)
 .debug_ranges  0x00000000       0x28 GccApplication1.o

.debug_macro
 *(.debug_macro)
OUTPUT(UART Configuration.elf elf32-avr)
LOAD linker stubs
