Archive member included because of file (symbol)

../../../../../Programming/Libraries/capi324v221-v2.05.000R\libcapi324v221.a(CBOT_main.o)
                              c:/program files (x86)/atmel/atmel toolchain/avr8 gcc/native/3.4.1061/avr8-gnu-toolchain/bin/../lib/gcc/avr/4.8.1/../../../../avr/lib/avr5/crtm324p.o (main)
../../../../../Programming/Libraries/capi324v221-v2.05.000R\libcapi324v221.a(PSXC_open.o)
                              GccApplication1.o (PSXC_open)
../../../../../Programming/Libraries/capi324v221-v2.05.000R\libcapi324v221.a(PSXC_read.o)
                              GccApplication1.o (PSXC_read)
../../../../../Programming/Libraries/capi324v221-v2.05.000R\libcapi324v221.a(SPI_open.o)
                              ../../../../../Programming/Libraries/capi324v221-v2.05.000R\libcapi324v221.a(PSXC_open.o) (SPI_open)
../../../../../Programming/Libraries/capi324v221-v2.05.000R\libcapi324v221.a(SPI_receive.o)
                              ../../../../../Programming/Libraries/capi324v221-v2.05.000R\libcapi324v221.a(PSXC_read.o) (SPI_receive)
../../../../../Programming/Libraries/capi324v221-v2.05.000R\libcapi324v221.a(SPI_set_config_func.o)
                              ../../../../../Programming/Libraries/capi324v221-v2.05.000R\libcapi324v221.a(SPI_open.o) (SPI_set_config_func)
../../../../../Programming/Libraries/capi324v221-v2.05.000R\libcapi324v221.a(SPI_set_slave_addr.o)
                              ../../../../../Programming/Libraries/capi324v221-v2.05.000R\libcapi324v221.a(PSXC_read.o) (SPI_set_slave_addr)
../../../../../Programming/Libraries/capi324v221-v2.05.000R\libcapi324v221.a(__SPI_init.o)
                              ../../../../../Programming/Libraries/capi324v221-v2.05.000R\libcapi324v221.a(SPI_open.o) (__SPI_init)
../../../../../Programming/Libraries/capi324v221-v2.05.000R\libcapi324v221.a(SYS_decrement_refcount.o)
                              ../../../../../Programming/Libraries/capi324v221-v2.05.000R\libcapi324v221.a(PSXC_open.o) (SYS_decrement_refcount)
../../../../../Programming/Libraries/capi324v221-v2.05.000R\libcapi324v221.a(SYS_globals.o)
                              ../../../../../Programming/Libraries/capi324v221-v2.05.000R\libcapi324v221.a(SYS_decrement_refcount.o) (CBOT_SYSTEM_refcount)
../../../../../Programming/Libraries/capi324v221-v2.05.000R\libcapi324v221.a(SYS_increment_refcount.o)
                              ../../../../../Programming/Libraries/capi324v221-v2.05.000R\libcapi324v221.a(PSXC_open.o) (SYS_increment_refcount)
../../../../../Programming/Libraries/capi324v221-v2.05.000R\libcapi324v221.a(SYS_isOpen.o)
                              ../../../../../Programming/Libraries/capi324v221-v2.05.000R\libcapi324v221.a(PSXC_read.o) (SYS_isOpen)
../../../../../Programming/Libraries/capi324v221-v2.05.000R\libcapi324v221.a(CBOT_init.o)
                              ../../../../../Programming/Libraries/capi324v221-v2.05.000R\libcapi324v221.a(CBOT_main.o) (CBOT_init)
../../../../../Programming/Libraries/capi324v221-v2.05.000R\libcapi324v221.a(CBOT_isr.o)
                              ../../../../../Programming/Libraries/capi324v221-v2.05.000R\libcapi324v221.a(CBOT_main.o) (CBOT_ISR_init)
../../../../../Programming/Libraries/capi324v221-v2.05.000R\libcapi324v221.a(ISR_globals.o)
                              ../../../../../Programming/Libraries/capi324v221-v2.05.000R\libcapi324v221.a(CBOT_isr.o) (CBOT_ISR_vtable)
../../../../../Programming/Libraries/capi324v221-v2.05.000R\libcapi324v221.a(ISR_open.o)
                              ../../../../../Programming/Libraries/capi324v221-v2.05.000R\libcapi324v221.a(CBOT_init.o) (ISR_open)
../../../../../Programming/Libraries/capi324v221-v2.05.000R\libcapi324v221.a(ATMEGA_open.o)
                              ../../../../../Programming/Libraries/capi324v221-v2.05.000R\libcapi324v221.a(CBOT_init.o) (ATMEGA_open)
../../../../../Programming/Libraries/capi324v221-v2.05.000R\libcapi324v221.a(ATMEGA_set_clk_mode.o)
                              ../../../../../Programming/Libraries/capi324v221-v2.05.000R\libcapi324v221.a(ATMEGA_open.o) (ATMEGA_set_clk_mode)
../../../../../Programming/Libraries/capi324v221-v2.05.000R\libcapi324v221.a(__ATMEGA_init.o)
                              ../../../../../Programming/Libraries/capi324v221-v2.05.000R\libcapi324v221.a(ATMEGA_open.o) (__ATMEGA_init)
../../../../../Programming/Libraries/capi324v221-v2.05.000R\libcapi324v221.a(PSXC_globals.o)
                              ../../../../../Programming/Libraries/capi324v221-v2.05.000R\libcapi324v221.a(PSXC_read.o) (psxc_poll_seq)
../../../../../Programming/Libraries/capi324v221-v2.05.000R\libcapi324v221.a(SPI_cfgrs.o)
                              ../../../../../Programming/Libraries/capi324v221-v2.05.000R\libcapi324v221.a(SPI_open.o) (SPI_FLASH_config)
../../../../../Programming/Libraries/capi324v221-v2.05.000R\libcapi324v221.a(SPI_globals.o)
                              ../../../../../Programming/Libraries/capi324v221-v2.05.000R\libcapi324v221.a(SPI_set_config_func.o) (spi_config_func_LUT)
../../../../../Programming/Libraries/capi324v221-v2.05.000R\libcapi324v221.a(SYS_init.o)
                              ../../../../../Programming/Libraries/capi324v221-v2.05.000R\libcapi324v221.a(CBOT_init.o) (SYS_init)
../../../../../Programming/Libraries/capi324v221-v2.05.000R\libcapi324v221.a(SYS_set_refcount.o)
                              ../../../../../Programming/Libraries/capi324v221-v2.05.000R\libcapi324v221.a(SYS_init.o) (SYS_set_refcount)
../../../../../Programming/Libraries/capi324v221-v2.05.000R\libcapi324v221.a(ATTINY_open.o)
                              ../../../../../Programming/Libraries/capi324v221-v2.05.000R\libcapi324v221.a(CBOT_init.o) (ATTINY_open)
../../../../../Programming/Libraries/capi324v221-v2.05.000R\libcapi324v221.a(__ATTINY_initialize_params.o)
                              ../../../../../Programming/Libraries/capi324v221-v2.05.000R\libcapi324v221.a(ATTINY_open.o) (__ATTINY_initialize_params)
../../../../../Programming/Libraries/capi324v221-v2.05.000R\libcapi324v221.a(TMRSRVC_open.o)
                              ../../../../../Programming/Libraries/capi324v221-v2.05.000R\libcapi324v221.a(CBOT_init.o) (TMRSRVC_open)
../../../../../Programming/Libraries/capi324v221-v2.05.000R\libcapi324v221.a(__TMRSRVC_init.o)
                              ../../../../../Programming/Libraries/capi324v221-v2.05.000R\libcapi324v221.a(TMRSRVC_open.o) (__TMRSRVC_init)
../../../../../Programming/Libraries/capi324v221-v2.05.000R\libcapi324v221.a(__TMRSRVC_start.o)
                              ../../../../../Programming/Libraries/capi324v221-v2.05.000R\libcapi324v221.a(TMRSRVC_open.o) (__TMRSRVC_start)
../../../../../Programming/Libraries/capi324v221-v2.05.000R\libcapi324v221.a(__ISR_attach.o)
                              ../../../../../Programming/Libraries/capi324v221-v2.05.000R\libcapi324v221.a(TMRSRVC_open.o) (__ISR_attach)
../../../../../Programming/Libraries/capi324v221-v2.05.000R\libcapi324v221.a(ATTINY_get_firm_rev.o)
                              ../../../../../Programming/Libraries/capi324v221-v2.05.000R\libcapi324v221.a(ATTINY_open.o) (ATTINY_get_firm_rev)
../../../../../Programming/Libraries/capi324v221-v2.05.000R\libcapi324v221.a(ATTINY_globals.o)
                              ../../../../../Programming/Libraries/capi324v221-v2.05.000R\libcapi324v221.a(__ATTINY_initialize_params.o) (ATTINY_params)
../../../../../Programming/Libraries/capi324v221-v2.05.000R\libcapi324v221.a(ISR__TIMER0_COMPA_vect.o)
                              ../../../../../Programming/Libraries/capi324v221-v2.05.000R\libcapi324v221.a(TMRSRVC_open.o) (__TIMER0_COMPA_vect)
../../../../../Programming/Libraries/capi324v221-v2.05.000R\libcapi324v221.a(TMRSRVC_globals.o)
                              ../../../../../Programming/Libraries/capi324v221-v2.05.000R\libcapi324v221.a(TMRSRVC_open.o) (timer_busy_status)
../../../../../Programming/Libraries/capi324v221-v2.05.000R\libcapi324v221.a(TMRSRVC_tick.o)
                              ../../../../../Programming/Libraries/capi324v221-v2.05.000R\libcapi324v221.a(ISR__TIMER0_COMPA_vect.o) (TMRSRVC_tick)
../../../../../Programming/Libraries/capi324v221-v2.05.000R\libcapi324v221.a(SPI_transmit.o)
                              ../../../../../Programming/Libraries/capi324v221-v2.05.000R\libcapi324v221.a(ATTINY_get_firm_rev.o) (SPI_transmit)
../../../../../Programming/Libraries/capi324v221-v2.05.000R\libcapi324v221.a(SPKR_beep_clk.o)
                              ../../../../../Programming/Libraries/capi324v221-v2.05.000R\libcapi324v221.a(ISR__TIMER0_COMPA_vect.o) (SPKR_beep_clk)
../../../../../Programming/Libraries/capi324v221-v2.05.000R\libcapi324v221.a(SPKR_globals.o)
                              ../../../../../Programming/Libraries/capi324v221-v2.05.000R\libcapi324v221.a(SPKR_beep_clk.o) (beep_mode_active)
../../../../../Programming/Libraries/capi324v221-v2.05.000R\libcapi324v221.a(STEPPER_clk.o)
                              ../../../../../Programming/Libraries/capi324v221-v2.05.000R\libcapi324v221.a(ISR__TIMER0_COMPA_vect.o) (STEPPER_clk)
../../../../../Programming/Libraries/capi324v221-v2.05.000R\libcapi324v221.a(STEPPER_globals.o)
                              ../../../../../Programming/Libraries/capi324v221-v2.05.000R\libcapi324v221.a(STEPPER_clk.o) (STEPPER_params)
../../../../../Programming/Libraries/capi324v221-v2.05.000R\libcapi324v221.a(STEPPER_process_accel.o)
                              ../../../../../Programming/Libraries/capi324v221-v2.05.000R\libcapi324v221.a(STEPPER_clk.o) (STEPPER_process_accel)
../../../../../Programming/Libraries/capi324v221-v2.05.000R\libcapi324v221.a(STEPPER_process_run_mode.o)
                              ../../../../../Programming/Libraries/capi324v221-v2.05.000R\libcapi324v221.a(STEPPER_clk.o) (STEPPER_process_run_mode)
../../../../../Programming/Libraries/capi324v221-v2.05.000R\libcapi324v221.a(STEPPER_process_step_mode.o)
                              ../../../../../Programming/Libraries/capi324v221-v2.05.000R\libcapi324v221.a(STEPPER_process_run_mode.o) (STEPPER_process_step_mode)
../../../../../Programming/Libraries/capi324v221-v2.05.000R\libcapi324v221.a(STEPPER_set_speed.o)
                              ../../../../../Programming/Libraries/capi324v221-v2.05.000R\libcapi324v221.a(STEPPER_process_step_mode.o) (STEPPER_set_speed)
../../../../../Programming/Libraries/capi324v221-v2.05.000R\libcapi324v221.a(STEPPER_stop.o)
                              ../../../../../Programming/Libraries/capi324v221-v2.05.000R\libcapi324v221.a(STEPPER_process_run_mode.o) (STEPPER_stop)
../../../../../Programming/Libraries/capi324v221-v2.05.000R\libcapi324v221.a(TMRSRVC_process.o)
                              ../../../../../Programming/Libraries/capi324v221-v2.05.000R\libcapi324v221.a(TMRSRVC_tick.o) (TMRSRVC_process)
../../../../../Programming/Libraries/capi324v221-v2.05.000R\libcapi324v221.a(TMRSRVC_stop.o)
                              ../../../../../Programming/Libraries/capi324v221-v2.05.000R\libcapi324v221.a(TMRSRVC_process.o) (TMRSRVC_stop)
../../../../../Programming/Libraries/capi324v221-v2.05.000R\libcapi324v221.a(__TMRSRVC_insert.o)
                              ../../../../../Programming/Libraries/capi324v221-v2.05.000R\libcapi324v221.a(TMRSRVC_process.o) (TMRSRVC_insert)
../../../../../Programming/Libraries/capi324v221-v2.05.000R\libcapi324v221.a(STEPPER_process_pwm.o)
                              ../../../../../Programming/Libraries/capi324v221-v2.05.000R\libcapi324v221.a(STEPPER_process_run_mode.o) (STEPPER_process_pwm)
../../../../../Programming/Libraries/capi324v221-v2.05.000R\libcapi324v221.a(STEPPER_set_steps.o)
                              ../../../../../Programming/Libraries/capi324v221-v2.05.000R\libcapi324v221.a(STEPPER_stop.o) (STEPPER_set_steps)
../../../../../Programming/Libraries/capi324v221-v2.05.000R\libcapi324v221.a(TMRSRVC_start.o)
                              ../../../../../Programming/Libraries/capi324v221-v2.05.000R\libcapi324v221.a(__TMRSRVC_insert.o) (TMRSRVC_start)
c:/program files (x86)/atmel/atmel toolchain/avr8 gcc/native/3.4.1061/avr8-gnu-toolchain/bin/../lib/gcc/avr/4.8.1/avr5\libgcc.a(_exit.o)
                              c:/program files (x86)/atmel/atmel toolchain/avr8 gcc/native/3.4.1061/avr8-gnu-toolchain/bin/../lib/gcc/avr/4.8.1/../../../../avr/lib/avr5/crtm324p.o (exit)
c:/program files (x86)/atmel/atmel toolchain/avr8 gcc/native/3.4.1061/avr8-gnu-toolchain/bin/../lib/gcc/avr/4.8.1/avr5\libgcc.a(_copy_data.o)
                              ../../../../../Programming/Libraries/capi324v221-v2.05.000R\libcapi324v221.a(CBOT_main.o) (__do_copy_data)
c:/program files (x86)/atmel/atmel toolchain/avr8 gcc/native/3.4.1061/avr8-gnu-toolchain/bin/../lib/gcc/avr/4.8.1/avr5\libgcc.a(_clear_bss.o)
                              GccApplication1.o (__do_clear_bss)
c:/program files (x86)/atmel/atmel toolchain/avr8 gcc/native/3.4.1061/avr8-gnu-toolchain/bin/../lib/gcc/avr/4.8.1/../../../../avr/lib/avr5\libc.a(malloc.o)
                              ../../../../../Programming/Libraries/capi324v221-v2.05.000R\libcapi324v221.a(TMRSRVC_process.o) (free)
c:/program files (x86)/atmel/atmel toolchain/avr8 gcc/native/3.4.1061/avr8-gnu-toolchain/bin/../lib/gcc/avr/4.8.1/../../../../avr/lib/avr5\libc.a(vfprintf_std.o)
                              (vfprintf)
c:/program files (x86)/atmel/atmel toolchain/avr8 gcc/native/3.4.1061/avr8-gnu-toolchain/bin/../lib/gcc/avr/4.8.1/../../../../avr/lib/avr5\libc.a(strnlen_P.o)
                              c:/program files (x86)/atmel/atmel toolchain/avr8 gcc/native/3.4.1061/avr8-gnu-toolchain/bin/../lib/gcc/avr/4.8.1/../../../../avr/lib/avr5\libc.a(vfprintf_std.o) (strnlen_P)
c:/program files (x86)/atmel/atmel toolchain/avr8 gcc/native/3.4.1061/avr8-gnu-toolchain/bin/../lib/gcc/avr/4.8.1/../../../../avr/lib/avr5\libc.a(strnlen.o)
                              c:/program files (x86)/atmel/atmel toolchain/avr8 gcc/native/3.4.1061/avr8-gnu-toolchain/bin/../lib/gcc/avr/4.8.1/../../../../avr/lib/avr5\libc.a(vfprintf_std.o) (strnlen)
c:/program files (x86)/atmel/atmel toolchain/avr8 gcc/native/3.4.1061/avr8-gnu-toolchain/bin/../lib/gcc/avr/4.8.1/../../../../avr/lib/avr5\libc.a(fputc.o)
                              c:/program files (x86)/atmel/atmel toolchain/avr8 gcc/native/3.4.1061/avr8-gnu-toolchain/bin/../lib/gcc/avr/4.8.1/../../../../avr/lib/avr5\libc.a(vfprintf_std.o) (fputc)
c:/program files (x86)/atmel/atmel toolchain/avr8 gcc/native/3.4.1061/avr8-gnu-toolchain/bin/../lib/gcc/avr/4.8.1/../../../../avr/lib/avr5\libc.a(ultoa_invert.o)
                              c:/program files (x86)/atmel/atmel toolchain/avr8 gcc/native/3.4.1061/avr8-gnu-toolchain/bin/../lib/gcc/avr/4.8.1/../../../../avr/lib/avr5\libc.a(vfprintf_std.o) (__ultoa_invert)
c:/program files (x86)/atmel/atmel toolchain/avr8 gcc/native/3.4.1061/avr8-gnu-toolchain/bin/../lib/gcc/avr/4.8.1/avr5\libgcc.a(_prologue.o)
                              c:/program files (x86)/atmel/atmel toolchain/avr8 gcc/native/3.4.1061/avr8-gnu-toolchain/bin/../lib/gcc/avr/4.8.1/../../../../avr/lib/avr5\libc.a(vfprintf_std.o) (__prologue_saves__)
c:/program files (x86)/atmel/atmel toolchain/avr8 gcc/native/3.4.1061/avr8-gnu-toolchain/bin/../lib/gcc/avr/4.8.1/avr5\libgcc.a(_epilogue.o)
                              c:/program files (x86)/atmel/atmel toolchain/avr8 gcc/native/3.4.1061/avr8-gnu-toolchain/bin/../lib/gcc/avr/4.8.1/../../../../avr/lib/avr5\libc.a(vfprintf_std.o) (__epilogue_restores__)

Allocating common symbols
Common symbol       size              file

CBOT_SYSTEM_refcount
                    0x15              ../../../../../Programming/Libraries/capi324v221-v2.05.000R\libcapi324v221.a(SYS_globals.o)
__brkval            0x2               c:/program files (x86)/atmel/atmel toolchain/avr8 gcc/native/3.4.1061/avr8-gnu-toolchain/bin/../lib/gcc/avr/4.8.1/../../../../avr/lib/avr5\libc.a(malloc.o)
PSXC_params         0x5               ../../../../../Programming/Libraries/capi324v221-v2.05.000R\libcapi324v221.a(PSXC_globals.o)
ATTINY_params       0x1e              ../../../../../Programming/Libraries/capi324v221-v2.05.000R\libcapi324v221.a(ATTINY_globals.o)
tmrNodes            0x3               ../../../../../Programming/Libraries/capi324v221-v2.05.000R\libcapi324v221.a(TMRSRVC_globals.o)
STEPPER_params      0x37              ../../../../../Programming/Libraries/capi324v221-v2.05.000R\libcapi324v221.a(STEPPER_globals.o)
curr_spi_addr       0x1               ../../../../../Programming/Libraries/capi324v221-v2.05.000R\libcapi324v221.a(SPI_globals.o)
psxc_data           0x7               GccApplication1.o
__flp               0x2               c:/program files (x86)/atmel/atmel toolchain/avr8 gcc/native/3.4.1061/avr8-gnu-toolchain/bin/../lib/gcc/avr/4.8.1/../../../../avr/lib/avr5\libc.a(malloc.o)
psxc_test_timer     0x9               ../../../../../Programming/Libraries/capi324v221-v2.05.000R\libcapi324v221.a(PSXC_globals.o)
step_done           0x2               ../../../../../Programming/Libraries/capi324v221-v2.05.000R\libcapi324v221.a(STEPPER_globals.o)

Discarded input sections

 .data          0x00000000        0x0 c:/program files (x86)/atmel/atmel toolchain/avr8 gcc/native/3.4.1061/avr8-gnu-toolchain/bin/../lib/gcc/avr/4.8.1/../../../../avr/lib/avr5/crtm324p.o
 .bss           0x00000000        0x0 c:/program files (x86)/atmel/atmel toolchain/avr8 gcc/native/3.4.1061/avr8-gnu-toolchain/bin/../lib/gcc/avr/4.8.1/../../../../avr/lib/avr5/crtm324p.o
 .text          0x00000000        0x0 GccApplication1.o
 .data          0x00000000        0x0 GccApplication1.o
 .bss           0x00000000        0x0 GccApplication1.o
 .data          0x00000000        0x0 ../../../../../Programming/Libraries/capi324v221-v2.05.000R\libcapi324v221.a(CBOT_main.o)
 .bss           0x00000000        0x0 ../../../../../Programming/Libraries/capi324v221-v2.05.000R\libcapi324v221.a(CBOT_main.o)
 .data          0x00000000        0x0 ../../../../../Programming/Libraries/capi324v221-v2.05.000R\libcapi324v221.a(PSXC_open.o)
 .bss           0x00000000        0x0 ../../../../../Programming/Libraries/capi324v221-v2.05.000R\libcapi324v221.a(PSXC_open.o)
 .data          0x00000000        0x0 ../../../../../Programming/Libraries/capi324v221-v2.05.000R\libcapi324v221.a(PSXC_read.o)
 .bss           0x00000000        0x0 ../../../../../Programming/Libraries/capi324v221-v2.05.000R\libcapi324v221.a(PSXC_read.o)
 .data          0x00000000        0x0 ../../../../../Programming/Libraries/capi324v221-v2.05.000R\libcapi324v221.a(SPI_open.o)
 .bss           0x00000000        0x0 ../../../../../Programming/Libraries/capi324v221-v2.05.000R\libcapi324v221.a(SPI_open.o)
 .data          0x00000000        0x0 ../../../../../Programming/Libraries/capi324v221-v2.05.000R\libcapi324v221.a(SPI_receive.o)
 .bss           0x00000000        0x0 ../../../../../Programming/Libraries/capi324v221-v2.05.000R\libcapi324v221.a(SPI_receive.o)
 .data          0x00000000        0x0 ../../../../../Programming/Libraries/capi324v221-v2.05.000R\libcapi324v221.a(SPI_set_config_func.o)
 .bss           0x00000000        0x0 ../../../../../Programming/Libraries/capi324v221-v2.05.000R\libcapi324v221.a(SPI_set_config_func.o)
 .data          0x00000000        0x0 ../../../../../Programming/Libraries/capi324v221-v2.05.000R\libcapi324v221.a(SPI_set_slave_addr.o)
 .bss           0x00000000        0x0 ../../../../../Programming/Libraries/capi324v221-v2.05.000R\libcapi324v221.a(SPI_set_slave_addr.o)
 .data          0x00000000        0x0 ../../../../../Programming/Libraries/capi324v221-v2.05.000R\libcapi324v221.a(__SPI_init.o)
 .bss           0x00000000        0x0 ../../../../../Programming/Libraries/capi324v221-v2.05.000R\libcapi324v221.a(__SPI_init.o)
 .data          0x00000000        0x0 ../../../../../Programming/Libraries/capi324v221-v2.05.000R\libcapi324v221.a(SYS_decrement_refcount.o)
 .bss           0x00000000        0x0 ../../../../../Programming/Libraries/capi324v221-v2.05.000R\libcapi324v221.a(SYS_decrement_refcount.o)
 .text          0x00000000        0x0 ../../../../../Programming/Libraries/capi324v221-v2.05.000R\libcapi324v221.a(SYS_globals.o)
 .data          0x00000000        0x0 ../../../../../Programming/Libraries/capi324v221-v2.05.000R\libcapi324v221.a(SYS_globals.o)
 .bss           0x00000000        0x0 ../../../../../Programming/Libraries/capi324v221-v2.05.000R\libcapi324v221.a(SYS_globals.o)
 .data          0x00000000        0x0 ../../../../../Programming/Libraries/capi324v221-v2.05.000R\libcapi324v221.a(SYS_increment_refcount.o)
 .bss           0x00000000        0x0 ../../../../../Programming/Libraries/capi324v221-v2.05.000R\libcapi324v221.a(SYS_increment_refcount.o)
 .data          0x00000000        0x0 ../../../../../Programming/Libraries/capi324v221-v2.05.000R\libcapi324v221.a(SYS_isOpen.o)
 .bss           0x00000000        0x0 ../../../../../Programming/Libraries/capi324v221-v2.05.000R\libcapi324v221.a(SYS_isOpen.o)
 .data          0x00000000        0x0 ../../../../../Programming/Libraries/capi324v221-v2.05.000R\libcapi324v221.a(CBOT_init.o)
 .bss           0x00000000        0x0 ../../../../../Programming/Libraries/capi324v221-v2.05.000R\libcapi324v221.a(CBOT_init.o)
 .data          0x00000000        0x0 ../../../../../Programming/Libraries/capi324v221-v2.05.000R\libcapi324v221.a(CBOT_isr.o)
 .bss           0x00000000        0x0 ../../../../../Programming/Libraries/capi324v221-v2.05.000R\libcapi324v221.a(CBOT_isr.o)
 .text          0x00000000        0x0 ../../../../../Programming/Libraries/capi324v221-v2.05.000R\libcapi324v221.a(ISR_globals.o)
 .data          0x00000000        0x0 ../../../../../Programming/Libraries/capi324v221-v2.05.000R\libcapi324v221.a(ISR_globals.o)
 .data          0x00000000        0x0 ../../../../../Programming/Libraries/capi324v221-v2.05.000R\libcapi324v221.a(ISR_open.o)
 .bss           0x00000000        0x0 ../../../../../Programming/Libraries/capi324v221-v2.05.000R\libcapi324v221.a(ISR_open.o)
 .data          0x00000000        0x0 ../../../../../Programming/Libraries/capi324v221-v2.05.000R\libcapi324v221.a(ATMEGA_open.o)
 .bss           0x00000000        0x0 ../../../../../Programming/Libraries/capi324v221-v2.05.000R\libcapi324v221.a(ATMEGA_open.o)
 .data          0x00000000        0x0 ../../../../../Programming/Libraries/capi324v221-v2.05.000R\libcapi324v221.a(ATMEGA_set_clk_mode.o)
 .bss           0x00000000        0x0 ../../../../../Programming/Libraries/capi324v221-v2.05.000R\libcapi324v221.a(ATMEGA_set_clk_mode.o)
 .data          0x00000000        0x0 ../../../../../Programming/Libraries/capi324v221-v2.05.000R\libcapi324v221.a(__ATMEGA_init.o)
 .bss           0x00000000        0x0 ../../../../../Programming/Libraries/capi324v221-v2.05.000R\libcapi324v221.a(__ATMEGA_init.o)
 .text          0x00000000        0x0 ../../../../../Programming/Libraries/capi324v221-v2.05.000R\libcapi324v221.a(PSXC_globals.o)
 .data          0x00000000        0x0 ../../../../../Programming/Libraries/capi324v221-v2.05.000R\libcapi324v221.a(SPI_cfgrs.o)
 .bss           0x00000000        0x0 ../../../../../Programming/Libraries/capi324v221-v2.05.000R\libcapi324v221.a(SPI_cfgrs.o)
 .text          0x00000000        0x0 ../../../../../Programming/Libraries/capi324v221-v2.05.000R\libcapi324v221.a(SPI_globals.o)
 .data          0x00000000        0x0 ../../../../../Programming/Libraries/capi324v221-v2.05.000R\libcapi324v221.a(SPI_globals.o)
 .data          0x00000000        0x0 ../../../../../Programming/Libraries/capi324v221-v2.05.000R\libcapi324v221.a(SYS_init.o)
 .bss           0x00000000        0x0 ../../../../../Programming/Libraries/capi324v221-v2.05.000R\libcapi324v221.a(SYS_init.o)
 .data          0x00000000        0x0 ../../../../../Programming/Libraries/capi324v221-v2.05.000R\libcapi324v221.a(SYS_set_refcount.o)
 .bss           0x00000000        0x0 ../../../../../Programming/Libraries/capi324v221-v2.05.000R\libcapi324v221.a(SYS_set_refcount.o)
 .data          0x00000000        0x0 ../../../../../Programming/Libraries/capi324v221-v2.05.000R\libcapi324v221.a(ATTINY_open.o)
 .bss           0x00000000        0x0 ../../../../../Programming/Libraries/capi324v221-v2.05.000R\libcapi324v221.a(ATTINY_open.o)
 .data          0x00000000        0x0 ../../../../../Programming/Libraries/capi324v221-v2.05.000R\libcapi324v221.a(__ATTINY_initialize_params.o)
 .bss           0x00000000        0x0 ../../../../../Programming/Libraries/capi324v221-v2.05.000R\libcapi324v221.a(__ATTINY_initialize_params.o)
 .data          0x00000000        0x0 ../../../../../Programming/Libraries/capi324v221-v2.05.000R\libcapi324v221.a(TMRSRVC_open.o)
 .bss           0x00000000        0x0 ../../../../../Programming/Libraries/capi324v221-v2.05.000R\libcapi324v221.a(TMRSRVC_open.o)
 .data          0x00000000        0x0 ../../../../../Programming/Libraries/capi324v221-v2.05.000R\libcapi324v221.a(__TMRSRVC_init.o)
 .bss           0x00000000        0x0 ../../../../../Programming/Libraries/capi324v221-v2.05.000R\libcapi324v221.a(__TMRSRVC_init.o)
 .data          0x00000000        0x0 ../../../../../Programming/Libraries/capi324v221-v2.05.000R\libcapi324v221.a(__TMRSRVC_start.o)
 .bss           0x00000000        0x0 ../../../../../Programming/Libraries/capi324v221-v2.05.000R\libcapi324v221.a(__TMRSRVC_start.o)
 .data          0x00000000        0x0 ../../../../../Programming/Libraries/capi324v221-v2.05.000R\libcapi324v221.a(__ISR_attach.o)
 .bss           0x00000000        0x0 ../../../../../Programming/Libraries/capi324v221-v2.05.000R\libcapi324v221.a(__ISR_attach.o)
 .data          0x00000000        0x0 ../../../../../Programming/Libraries/capi324v221-v2.05.000R\libcapi324v221.a(ATTINY_get_firm_rev.o)
 .bss           0x00000000        0x0 ../../../../../Programming/Libraries/capi324v221-v2.05.000R\libcapi324v221.a(ATTINY_get_firm_rev.o)
 .text          0x00000000        0x0 ../../../../../Programming/Libraries/capi324v221-v2.05.000R\libcapi324v221.a(ATTINY_globals.o)
 .data          0x00000000        0x0 ../../../../../Programming/Libraries/capi324v221-v2.05.000R\libcapi324v221.a(ATTINY_globals.o)
 .bss           0x00000000        0x0 ../../../../../Programming/Libraries/capi324v221-v2.05.000R\libcapi324v221.a(ATTINY_globals.o)
 .data          0x00000000        0x0 ../../../../../Programming/Libraries/capi324v221-v2.05.000R\libcapi324v221.a(ISR__TIMER0_COMPA_vect.o)
 .bss           0x00000000        0x0 ../../../../../Programming/Libraries/capi324v221-v2.05.000R\libcapi324v221.a(ISR__TIMER0_COMPA_vect.o)
 .text          0x00000000        0x0 ../../../../../Programming/Libraries/capi324v221-v2.05.000R\libcapi324v221.a(TMRSRVC_globals.o)
 .data          0x00000000        0x0 ../../../../../Programming/Libraries/capi324v221-v2.05.000R\libcapi324v221.a(TMRSRVC_globals.o)
 .data          0x00000000        0x0 ../../../../../Programming/Libraries/capi324v221-v2.05.000R\libcapi324v221.a(TMRSRVC_tick.o)
 .bss           0x00000000        0x0 ../../../../../Programming/Libraries/capi324v221-v2.05.000R\libcapi324v221.a(TMRSRVC_tick.o)
 .data          0x00000000        0x0 ../../../../../Programming/Libraries/capi324v221-v2.05.000R\libcapi324v221.a(SPI_transmit.o)
 .bss           0x00000000        0x0 ../../../../../Programming/Libraries/capi324v221-v2.05.000R\libcapi324v221.a(SPI_transmit.o)
 .data          0x00000000        0x0 ../../../../../Programming/Libraries/capi324v221-v2.05.000R\libcapi324v221.a(SPKR_beep_clk.o)
 .bss           0x00000000        0x0 ../../../../../Programming/Libraries/capi324v221-v2.05.000R\libcapi324v221.a(SPKR_beep_clk.o)
 .text          0x00000000        0x0 ../../../../../Programming/Libraries/capi324v221-v2.05.000R\libcapi324v221.a(SPKR_globals.o)
 .data          0x00000000       0x38 ../../../../../Programming/Libraries/capi324v221-v2.05.000R\libcapi324v221.a(SPKR_globals.o)
 .data          0x00000000        0x0 ../../../../../Programming/Libraries/capi324v221-v2.05.000R\libcapi324v221.a(STEPPER_clk.o)
 .bss           0x00000000        0x0 ../../../../../Programming/Libraries/capi324v221-v2.05.000R\libcapi324v221.a(STEPPER_clk.o)
 .text          0x00000000        0x0 ../../../../../Programming/Libraries/capi324v221-v2.05.000R\libcapi324v221.a(STEPPER_globals.o)
 .bss           0x00000000        0x0 ../../../../../Programming/Libraries/capi324v221-v2.05.000R\libcapi324v221.a(STEPPER_globals.o)
 .data          0x00000000        0x0 ../../../../../Programming/Libraries/capi324v221-v2.05.000R\libcapi324v221.a(STEPPER_process_accel.o)
 .bss           0x00000000        0x0 ../../../../../Programming/Libraries/capi324v221-v2.05.000R\libcapi324v221.a(STEPPER_process_accel.o)
 .data          0x00000000        0x0 ../../../../../Programming/Libraries/capi324v221-v2.05.000R\libcapi324v221.a(STEPPER_process_run_mode.o)
 .data          0x00000000        0x0 ../../../../../Programming/Libraries/capi324v221-v2.05.000R\libcapi324v221.a(STEPPER_process_step_mode.o)
 .bss           0x00000000        0x0 ../../../../../Programming/Libraries/capi324v221-v2.05.000R\libcapi324v221.a(STEPPER_process_step_mode.o)
 .data          0x00000000        0x0 ../../../../../Programming/Libraries/capi324v221-v2.05.000R\libcapi324v221.a(STEPPER_set_speed.o)
 .bss           0x00000000        0x0 ../../../../../Programming/Libraries/capi324v221-v2.05.000R\libcapi324v221.a(STEPPER_set_speed.o)
 .data          0x00000000        0x0 ../../../../../Programming/Libraries/capi324v221-v2.05.000R\libcapi324v221.a(STEPPER_stop.o)
 .bss           0x00000000        0x0 ../../../../../Programming/Libraries/capi324v221-v2.05.000R\libcapi324v221.a(STEPPER_stop.o)
 .data          0x00000000        0x0 ../../../../../Programming/Libraries/capi324v221-v2.05.000R\libcapi324v221.a(TMRSRVC_process.o)
 .bss           0x00000000        0x0 ../../../../../Programming/Libraries/capi324v221-v2.05.000R\libcapi324v221.a(TMRSRVC_process.o)
 .data          0x00000000        0x0 ../../../../../Programming/Libraries/capi324v221-v2.05.000R\libcapi324v221.a(TMRSRVC_stop.o)
 .bss           0x00000000        0x0 ../../../../../Programming/Libraries/capi324v221-v2.05.000R\libcapi324v221.a(TMRSRVC_stop.o)
 .data          0x00000000        0x0 ../../../../../Programming/Libraries/capi324v221-v2.05.000R\libcapi324v221.a(__TMRSRVC_insert.o)
 .bss           0x00000000        0x0 ../../../../../Programming/Libraries/capi324v221-v2.05.000R\libcapi324v221.a(__TMRSRVC_insert.o)
 .data          0x00000000        0x0 ../../../../../Programming/Libraries/capi324v221-v2.05.000R\libcapi324v221.a(STEPPER_process_pwm.o)
 .data          0x00000000        0x0 ../../../../../Programming/Libraries/capi324v221-v2.05.000R\libcapi324v221.a(STEPPER_set_steps.o)
 .bss           0x00000000        0x0 ../../../../../Programming/Libraries/capi324v221-v2.05.000R\libcapi324v221.a(STEPPER_set_steps.o)
 .data          0x00000000        0x0 ../../../../../Programming/Libraries/capi324v221-v2.05.000R\libcapi324v221.a(TMRSRVC_start.o)
 .bss           0x00000000        0x0 ../../../../../Programming/Libraries/capi324v221-v2.05.000R\libcapi324v221.a(TMRSRVC_start.o)
 .text          0x00000000        0x0 c:/program files (x86)/atmel/atmel toolchain/avr8 gcc/native/3.4.1061/avr8-gnu-toolchain/bin/../lib/gcc/avr/4.8.1/avr5\libgcc.a(_exit.o)
 .data          0x00000000        0x0 c:/program files (x86)/atmel/atmel toolchain/avr8 gcc/native/3.4.1061/avr8-gnu-toolchain/bin/../lib/gcc/avr/4.8.1/avr5\libgcc.a(_exit.o)
 .bss           0x00000000        0x0 c:/program files (x86)/atmel/atmel toolchain/avr8 gcc/native/3.4.1061/avr8-gnu-toolchain/bin/../lib/gcc/avr/4.8.1/avr5\libgcc.a(_exit.o)
 .text.libgcc.mul
                0x00000000        0x0 c:/program files (x86)/atmel/atmel toolchain/avr8 gcc/native/3.4.1061/avr8-gnu-toolchain/bin/../lib/gcc/avr/4.8.1/avr5\libgcc.a(_exit.o)
 .text.libgcc.div
                0x00000000        0x0 c:/program files (x86)/atmel/atmel toolchain/avr8 gcc/native/3.4.1061/avr8-gnu-toolchain/bin/../lib/gcc/avr/4.8.1/avr5\libgcc.a(_exit.o)
 .text.libgcc   0x00000000        0x0 c:/program files (x86)/atmel/atmel toolchain/avr8 gcc/native/3.4.1061/avr8-gnu-toolchain/bin/../lib/gcc/avr/4.8.1/avr5\libgcc.a(_exit.o)
 .text.libgcc.prologue
                0x00000000        0x0 c:/program files (x86)/atmel/atmel toolchain/avr8 gcc/native/3.4.1061/avr8-gnu-toolchain/bin/../lib/gcc/avr/4.8.1/avr5\libgcc.a(_exit.o)
 .text.libgcc.builtins
                0x00000000        0x0 c:/program files (x86)/atmel/atmel toolchain/avr8 gcc/native/3.4.1061/avr8-gnu-toolchain/bin/../lib/gcc/avr/4.8.1/avr5\libgcc.a(_exit.o)
 .text.libgcc.fmul
                0x00000000        0x0 c:/program files (x86)/atmel/atmel toolchain/avr8 gcc/native/3.4.1061/avr8-gnu-toolchain/bin/../lib/gcc/avr/4.8.1/avr5\libgcc.a(_exit.o)
 .text.libgcc.fixed
                0x00000000        0x0 c:/program files (x86)/atmel/atmel toolchain/avr8 gcc/native/3.4.1061/avr8-gnu-toolchain/bin/../lib/gcc/avr/4.8.1/avr5\libgcc.a(_exit.o)
 .text          0x00000000        0x0 c:/program files (x86)/atmel/atmel toolchain/avr8 gcc/native/3.4.1061/avr8-gnu-toolchain/bin/../lib/gcc/avr/4.8.1/avr5\libgcc.a(_copy_data.o)
 .data          0x00000000        0x0 c:/program files (x86)/atmel/atmel toolchain/avr8 gcc/native/3.4.1061/avr8-gnu-toolchain/bin/../lib/gcc/avr/4.8.1/avr5\libgcc.a(_copy_data.o)
 .bss           0x00000000        0x0 c:/program files (x86)/atmel/atmel toolchain/avr8 gcc/native/3.4.1061/avr8-gnu-toolchain/bin/../lib/gcc/avr/4.8.1/avr5\libgcc.a(_copy_data.o)
 .text.libgcc.mul
                0x00000000        0x0 c:/program files (x86)/atmel/atmel toolchain/avr8 gcc/native/3.4.1061/avr8-gnu-toolchain/bin/../lib/gcc/avr/4.8.1/avr5\libgcc.a(_copy_data.o)
 .text.libgcc.div
                0x00000000        0x0 c:/program files (x86)/atmel/atmel toolchain/avr8 gcc/native/3.4.1061/avr8-gnu-toolchain/bin/../lib/gcc/avr/4.8.1/avr5\libgcc.a(_copy_data.o)
 .text.libgcc   0x00000000        0x0 c:/program files (x86)/atmel/atmel toolchain/avr8 gcc/native/3.4.1061/avr8-gnu-toolchain/bin/../lib/gcc/avr/4.8.1/avr5\libgcc.a(_copy_data.o)
 .text.libgcc.prologue
                0x00000000        0x0 c:/program files (x86)/atmel/atmel toolchain/avr8 gcc/native/3.4.1061/avr8-gnu-toolchain/bin/../lib/gcc/avr/4.8.1/avr5\libgcc.a(_copy_data.o)
 .text.libgcc.builtins
                0x00000000        0x0 c:/program files (x86)/atmel/atmel toolchain/avr8 gcc/native/3.4.1061/avr8-gnu-toolchain/bin/../lib/gcc/avr/4.8.1/avr5\libgcc.a(_copy_data.o)
 .text.libgcc.fmul
                0x00000000        0x0 c:/program files (x86)/atmel/atmel toolchain/avr8 gcc/native/3.4.1061/avr8-gnu-toolchain/bin/../lib/gcc/avr/4.8.1/avr5\libgcc.a(_copy_data.o)
 .text.libgcc.fixed
                0x00000000        0x0 c:/program files (x86)/atmel/atmel toolchain/avr8 gcc/native/3.4.1061/avr8-gnu-toolchain/bin/../lib/gcc/avr/4.8.1/avr5\libgcc.a(_copy_data.o)
 .text          0x00000000        0x0 c:/program files (x86)/atmel/atmel toolchain/avr8 gcc/native/3.4.1061/avr8-gnu-toolchain/bin/../lib/gcc/avr/4.8.1/avr5\libgcc.a(_clear_bss.o)
 .data          0x00000000        0x0 c:/program files (x86)/atmel/atmel toolchain/avr8 gcc/native/3.4.1061/avr8-gnu-toolchain/bin/../lib/gcc/avr/4.8.1/avr5\libgcc.a(_clear_bss.o)
 .bss           0x00000000        0x0 c:/program files (x86)/atmel/atmel toolchain/avr8 gcc/native/3.4.1061/avr8-gnu-toolchain/bin/../lib/gcc/avr/4.8.1/avr5\libgcc.a(_clear_bss.o)
 .text.libgcc.mul
                0x00000000        0x0 c:/program files (x86)/atmel/atmel toolchain/avr8 gcc/native/3.4.1061/avr8-gnu-toolchain/bin/../lib/gcc/avr/4.8.1/avr5\libgcc.a(_clear_bss.o)
 .text.libgcc.div
                0x00000000        0x0 c:/program files (x86)/atmel/atmel toolchain/avr8 gcc/native/3.4.1061/avr8-gnu-toolchain/bin/../lib/gcc/avr/4.8.1/avr5\libgcc.a(_clear_bss.o)
 .text.libgcc   0x00000000        0x0 c:/program files (x86)/atmel/atmel toolchain/avr8 gcc/native/3.4.1061/avr8-gnu-toolchain/bin/../lib/gcc/avr/4.8.1/avr5\libgcc.a(_clear_bss.o)
 .text.libgcc.prologue
                0x00000000        0x0 c:/program files (x86)/atmel/atmel toolchain/avr8 gcc/native/3.4.1061/avr8-gnu-toolchain/bin/../lib/gcc/avr/4.8.1/avr5\libgcc.a(_clear_bss.o)
 .text.libgcc.builtins
                0x00000000        0x0 c:/program files (x86)/atmel/atmel toolchain/avr8 gcc/native/3.4.1061/avr8-gnu-toolchain/bin/../lib/gcc/avr/4.8.1/avr5\libgcc.a(_clear_bss.o)
 .text.libgcc.fmul
                0x00000000        0x0 c:/program files (x86)/atmel/atmel toolchain/avr8 gcc/native/3.4.1061/avr8-gnu-toolchain/bin/../lib/gcc/avr/4.8.1/avr5\libgcc.a(_clear_bss.o)
 .text.libgcc.fixed
                0x00000000        0x0 c:/program files (x86)/atmel/atmel toolchain/avr8 gcc/native/3.4.1061/avr8-gnu-toolchain/bin/../lib/gcc/avr/4.8.1/avr5\libgcc.a(_clear_bss.o)
 .text          0x00000000        0x0 c:/program files (x86)/atmel/atmel toolchain/avr8 gcc/native/3.4.1061/avr8-gnu-toolchain/bin/../lib/gcc/avr/4.8.1/../../../../avr/lib/avr5\libc.a(malloc.o)
 .bss           0x00000000        0x0 c:/program files (x86)/atmel/atmel toolchain/avr8 gcc/native/3.4.1061/avr8-gnu-toolchain/bin/../lib/gcc/avr/4.8.1/../../../../avr/lib/avr5\libc.a(malloc.o)
 .text          0x00000000        0x0 c:/program files (x86)/atmel/atmel toolchain/avr8 gcc/native/3.4.1061/avr8-gnu-toolchain/bin/../lib/gcc/avr/4.8.1/../../../../avr/lib/avr5\libc.a(vfprintf_std.o)
 .data          0x00000000        0x0 c:/program files (x86)/atmel/atmel toolchain/avr8 gcc/native/3.4.1061/avr8-gnu-toolchain/bin/../lib/gcc/avr/4.8.1/../../../../avr/lib/avr5\libc.a(vfprintf_std.o)
 .bss           0x00000000        0x0 c:/program files (x86)/atmel/atmel toolchain/avr8 gcc/native/3.4.1061/avr8-gnu-toolchain/bin/../lib/gcc/avr/4.8.1/../../../../avr/lib/avr5\libc.a(vfprintf_std.o)
 .text          0x00000000        0x0 c:/program files (x86)/atmel/atmel toolchain/avr8 gcc/native/3.4.1061/avr8-gnu-toolchain/bin/../lib/gcc/avr/4.8.1/../../../../avr/lib/avr5\libc.a(strnlen_P.o)
 .data          0x00000000        0x0 c:/program files (x86)/atmel/atmel toolchain/avr8 gcc/native/3.4.1061/avr8-gnu-toolchain/bin/../lib/gcc/avr/4.8.1/../../../../avr/lib/avr5\libc.a(strnlen_P.o)
 .bss           0x00000000        0x0 c:/program files (x86)/atmel/atmel toolchain/avr8 gcc/native/3.4.1061/avr8-gnu-toolchain/bin/../lib/gcc/avr/4.8.1/../../../../avr/lib/avr5\libc.a(strnlen_P.o)
 .text          0x00000000        0x0 c:/program files (x86)/atmel/atmel toolchain/avr8 gcc/native/3.4.1061/avr8-gnu-toolchain/bin/../lib/gcc/avr/4.8.1/../../../../avr/lib/avr5\libc.a(strnlen.o)
 .data          0x00000000        0x0 c:/program files (x86)/atmel/atmel toolchain/avr8 gcc/native/3.4.1061/avr8-gnu-toolchain/bin/../lib/gcc/avr/4.8.1/../../../../avr/lib/avr5\libc.a(strnlen.o)
 .bss           0x00000000        0x0 c:/program files (x86)/atmel/atmel toolchain/avr8 gcc/native/3.4.1061/avr8-gnu-toolchain/bin/../lib/gcc/avr/4.8.1/../../../../avr/lib/avr5\libc.a(strnlen.o)
 .text          0x00000000        0x0 c:/program files (x86)/atmel/atmel toolchain/avr8 gcc/native/3.4.1061/avr8-gnu-toolchain/bin/../lib/gcc/avr/4.8.1/../../../../avr/lib/avr5\libc.a(fputc.o)
 .data          0x00000000        0x0 c:/program files (x86)/atmel/atmel toolchain/avr8 gcc/native/3.4.1061/avr8-gnu-toolchain/bin/../lib/gcc/avr/4.8.1/../../../../avr/lib/avr5\libc.a(fputc.o)
 .bss           0x00000000        0x0 c:/program files (x86)/atmel/atmel toolchain/avr8 gcc/native/3.4.1061/avr8-gnu-toolchain/bin/../lib/gcc/avr/4.8.1/../../../../avr/lib/avr5\libc.a(fputc.o)
 .text          0x00000000        0x0 c:/program files (x86)/atmel/atmel toolchain/avr8 gcc/native/3.4.1061/avr8-gnu-toolchain/bin/../lib/gcc/avr/4.8.1/../../../../avr/lib/avr5\libc.a(ultoa_invert.o)
 .data          0x00000000        0x0 c:/program files (x86)/atmel/atmel toolchain/avr8 gcc/native/3.4.1061/avr8-gnu-toolchain/bin/../lib/gcc/avr/4.8.1/../../../../avr/lib/avr5\libc.a(ultoa_invert.o)
 .bss           0x00000000        0x0 c:/program files (x86)/atmel/atmel toolchain/avr8 gcc/native/3.4.1061/avr8-gnu-toolchain/bin/../lib/gcc/avr/4.8.1/../../../../avr/lib/avr5\libc.a(ultoa_invert.o)
 .text          0x00000000        0x0 c:/program files (x86)/atmel/atmel toolchain/avr8 gcc/native/3.4.1061/avr8-gnu-toolchain/bin/../lib/gcc/avr/4.8.1/avr5\libgcc.a(_prologue.o)
 .data          0x00000000        0x0 c:/program files (x86)/atmel/atmel toolchain/avr8 gcc/native/3.4.1061/avr8-gnu-toolchain/bin/../lib/gcc/avr/4.8.1/avr5\libgcc.a(_prologue.o)
 .bss           0x00000000        0x0 c:/program files (x86)/atmel/atmel toolchain/avr8 gcc/native/3.4.1061/avr8-gnu-toolchain/bin/../lib/gcc/avr/4.8.1/avr5\libgcc.a(_prologue.o)
 .text.libgcc.mul
                0x00000000        0x0 c:/program files (x86)/atmel/atmel toolchain/avr8 gcc/native/3.4.1061/avr8-gnu-toolchain/bin/../lib/gcc/avr/4.8.1/avr5\libgcc.a(_prologue.o)
 .text.libgcc.div
                0x00000000        0x0 c:/program files (x86)/atmel/atmel toolchain/avr8 gcc/native/3.4.1061/avr8-gnu-toolchain/bin/../lib/gcc/avr/4.8.1/avr5\libgcc.a(_prologue.o)
 .text.libgcc   0x00000000        0x0 c:/program files (x86)/atmel/atmel toolchain/avr8 gcc/native/3.4.1061/avr8-gnu-toolchain/bin/../lib/gcc/avr/4.8.1/avr5\libgcc.a(_prologue.o)
 .text.libgcc.builtins
                0x00000000        0x0 c:/program files (x86)/atmel/atmel toolchain/avr8 gcc/native/3.4.1061/avr8-gnu-toolchain/bin/../lib/gcc/avr/4.8.1/avr5\libgcc.a(_prologue.o)
 .text.libgcc.fmul
                0x00000000        0x0 c:/program files (x86)/atmel/atmel toolchain/avr8 gcc/native/3.4.1061/avr8-gnu-toolchain/bin/../lib/gcc/avr/4.8.1/avr5\libgcc.a(_prologue.o)
 .text.libgcc.fixed
                0x00000000        0x0 c:/program files (x86)/atmel/atmel toolchain/avr8 gcc/native/3.4.1061/avr8-gnu-toolchain/bin/../lib/gcc/avr/4.8.1/avr5\libgcc.a(_prologue.o)
 .text          0x00000000        0x0 c:/program files (x86)/atmel/atmel toolchain/avr8 gcc/native/3.4.1061/avr8-gnu-toolchain/bin/../lib/gcc/avr/4.8.1/avr5\libgcc.a(_epilogue.o)
 .data          0x00000000        0x0 c:/program files (x86)/atmel/atmel toolchain/avr8 gcc/native/3.4.1061/avr8-gnu-toolchain/bin/../lib/gcc/avr/4.8.1/avr5\libgcc.a(_epilogue.o)
 .bss           0x00000000        0x0 c:/program files (x86)/atmel/atmel toolchain/avr8 gcc/native/3.4.1061/avr8-gnu-toolchain/bin/../lib/gcc/avr/4.8.1/avr5\libgcc.a(_epilogue.o)
 .text.libgcc.mul
                0x00000000        0x0 c:/program files (x86)/atmel/atmel toolchain/avr8 gcc/native/3.4.1061/avr8-gnu-toolchain/bin/../lib/gcc/avr/4.8.1/avr5\libgcc.a(_epilogue.o)
 .text.libgcc.div
                0x00000000        0x0 c:/program files (x86)/atmel/atmel toolchain/avr8 gcc/native/3.4.1061/avr8-gnu-toolchain/bin/../lib/gcc/avr/4.8.1/avr5\libgcc.a(_epilogue.o)
 .text.libgcc   0x00000000        0x0 c:/program files (x86)/atmel/atmel toolchain/avr8 gcc/native/3.4.1061/avr8-gnu-toolchain/bin/../lib/gcc/avr/4.8.1/avr5\libgcc.a(_epilogue.o)
 .text.libgcc.builtins
                0x00000000        0x0 c:/program files (x86)/atmel/atmel toolchain/avr8 gcc/native/3.4.1061/avr8-gnu-toolchain/bin/../lib/gcc/avr/4.8.1/avr5\libgcc.a(_epilogue.o)
 .text.libgcc.fmul
                0x00000000        0x0 c:/program files (x86)/atmel/atmel toolchain/avr8 gcc/native/3.4.1061/avr8-gnu-toolchain/bin/../lib/gcc/avr/4.8.1/avr5\libgcc.a(_epilogue.o)
 .text.libgcc.fixed
                0x00000000        0x0 c:/program files (x86)/atmel/atmel toolchain/avr8 gcc/native/3.4.1061/avr8-gnu-toolchain/bin/../lib/gcc/avr/4.8.1/avr5\libgcc.a(_epilogue.o)

Memory Configuration

Name             Origin             Length             Attributes
text             0x00000000         0x00020000         xr
data             0x00800060         0x0000ffa0         rw !x
eeprom           0x00810000         0x00010000         rw !x
fuse             0x00820000         0x00000400         rw !x
lock             0x00830000         0x00000400         rw !x
signature        0x00840000         0x00000400         rw !x
user_signatures  0x00850000         0x00000400         rw !x
*default*        0x00000000         0xffffffff

Linker script and memory map

Address of section .data set to 0x800100
LOAD c:/program files (x86)/atmel/atmel toolchain/avr8 gcc/native/3.4.1061/avr8-gnu-toolchain/bin/../lib/gcc/avr/4.8.1/../../../../avr/lib/avr5/crtm324p.o
LOAD GccApplication1.o
START GROUP
LOAD c:/program files (x86)/atmel/atmel toolchain/avr8 gcc/native/3.4.1061/avr8-gnu-toolchain/bin/../lib/gcc/avr/4.8.1/../../../../avr/lib/avr5\libm.a
LOAD ../../../../../Programming/Libraries/capi324v221-v2.05.000R\libcapi324v221.a
END GROUP
START GROUP
LOAD c:/program files (x86)/atmel/atmel toolchain/avr8 gcc/native/3.4.1061/avr8-gnu-toolchain/bin/../lib/gcc/avr/4.8.1/avr5\libgcc.a
LOAD c:/program files (x86)/atmel/atmel toolchain/avr8 gcc/native/3.4.1061/avr8-gnu-toolchain/bin/../lib/gcc/avr/4.8.1/../../../../avr/lib/avr5\libm.a
LOAD c:/program files (x86)/atmel/atmel toolchain/avr8 gcc/native/3.4.1061/avr8-gnu-toolchain/bin/../lib/gcc/avr/4.8.1/../../../../avr/lib/avr5\libc.a
END GROUP

.hash
 *(.hash)

.dynsym
 *(.dynsym)

.dynstr
 *(.dynstr)

.gnu.version
 *(.gnu.version)

.gnu.version_d
 *(.gnu.version_d)

.gnu.version_r
 *(.gnu.version_r)

.rel.init
 *(.rel.init)

.rela.init
 *(.rela.init)

.rel.text
 *(.rel.text)
 *(.rel.text.*)
 *(.rel.gnu.linkonce.t*)

.rela.text
 *(.rela.text)
 *(.rela.text.*)
 *(.rela.gnu.linkonce.t*)

.rel.fini
 *(.rel.fini)

.rela.fini
 *(.rela.fini)

.rel.rodata
 *(.rel.rodata)
 *(.rel.rodata.*)
 *(.rel.gnu.linkonce.r*)

.rela.rodata
 *(.rela.rodata)
 *(.rela.rodata.*)
 *(.rela.gnu.linkonce.r*)

.rel.data
 *(.rel.data)
 *(.rel.data.*)
 *(.rel.gnu.linkonce.d*)

.rela.data
 *(.rela.data)
 *(.rela.data.*)
 *(.rela.gnu.linkonce.d*)

.rel.ctors
 *(.rel.ctors)

.rela.ctors
 *(.rela.ctors)

.rel.dtors
 *(.rel.dtors)

.rela.dtors
 *(.rela.dtors)

.rel.got
 *(.rel.got)

.rela.got
 *(.rela.got)

.rel.bss
 *(.rel.bss)

.rela.bss
 *(.rela.bss)

.rel.plt
 *(.rel.plt)

.rela.plt
 *(.rela.plt)

.text           0x00000000     0x1d20
 *(.vectors)
 .vectors       0x00000000       0x7c c:/program files (x86)/atmel/atmel toolchain/avr8 gcc/native/3.4.1061/avr8-gnu-toolchain/bin/../lib/gcc/avr/4.8.1/../../../../avr/lib/avr5/crtm324p.o
                0x00000000                __vector_default
                0x00000000                __vectors
 *(.vectors)
 *(.progmem.gcc*)
                0x0000007c                . = ALIGN (0x2)
                0x0000007c                __trampolines_start = .
 *(.trampolines)
 .trampolines   0x0000007c        0x0 linker stubs
 *(.trampolines*)
                0x0000007c                __trampolines_end = .
 *(.progmem*)
                0x0000007c                . = ALIGN (0x2)
 *(.jumptables)
 *(.jumptables*)
 *(.lowtext)
 *(.lowtext*)
                0x0000007c                __ctors_start = .
 *(.ctors)
                0x0000007c                __ctors_end = .
                0x0000007c                __dtors_start = .
 *(.dtors)
                0x0000007c                __dtors_end = .
 SORT(*)(.ctors)
 SORT(*)(.dtors)
 *(.init0)
 .init0         0x0000007c        0x0 c:/program files (x86)/atmel/atmel toolchain/avr8 gcc/native/3.4.1061/avr8-gnu-toolchain/bin/../lib/gcc/avr/4.8.1/../../../../avr/lib/avr5/crtm324p.o
                0x0000007c                __init
 *(.init0)
 *(.init1)
 *(.init1)
 *(.init2)
 .init2         0x0000007c        0xc c:/program files (x86)/atmel/atmel toolchain/avr8 gcc/native/3.4.1061/avr8-gnu-toolchain/bin/../lib/gcc/avr/4.8.1/../../../../avr/lib/avr5/crtm324p.o
 *(.init2)
 *(.init3)
 *(.init3)
 *(.init4)
 .init4         0x00000088       0x16 c:/program files (x86)/atmel/atmel toolchain/avr8 gcc/native/3.4.1061/avr8-gnu-toolchain/bin/../lib/gcc/avr/4.8.1/avr5\libgcc.a(_copy_data.o)
                0x00000088                __do_copy_data
 .init4         0x0000009e       0x10 c:/program files (x86)/atmel/atmel toolchain/avr8 gcc/native/3.4.1061/avr8-gnu-toolchain/bin/../lib/gcc/avr/4.8.1/avr5\libgcc.a(_clear_bss.o)
                0x0000009e                __do_clear_bss
 *(.init4)
 *(.init5)
 *(.init5)
 *(.init6)
 *(.init6)
 *(.init7)
 *(.init7)
 *(.init8)
 *(.init8)
 *(.init9)
 .init9         0x000000ae        0x8 c:/program files (x86)/atmel/atmel toolchain/avr8 gcc/native/3.4.1061/avr8-gnu-toolchain/bin/../lib/gcc/avr/4.8.1/../../../../avr/lib/avr5/crtm324p.o
 *(.init9)
 *(.text)
 .text          0x000000b6        0x4 c:/program files (x86)/atmel/atmel toolchain/avr8 gcc/native/3.4.1061/avr8-gnu-toolchain/bin/../lib/gcc/avr/4.8.1/../../../../avr/lib/avr5/crtm324p.o
                0x000000b6                __vector_22
                0x000000b6                __vector_28
                0x000000b6                __vector_1
                0x000000b6                __vector_24
                0x000000b6                __bad_interrupt
                0x000000b6                __vector_3
                0x000000b6                __vector_23
                0x000000b6                __vector_30
                0x000000b6                __vector_25
                0x000000b6                __vector_19
                0x000000b6                __vector_27
                0x000000b6                __vector_2
                0x000000b6                __vector_21
                0x000000b6                __vector_29
                0x000000b6                __vector_8
                0x000000b6                __vector_26
                0x000000b6                __vector_20
 .text          0x000000ba       0x12 ../../../../../Programming/Libraries/capi324v221-v2.05.000R\libcapi324v221.a(CBOT_main.o)
                0x000000ba                main
 .text          0x000000cc       0x3e ../../../../../Programming/Libraries/capi324v221-v2.05.000R\libcapi324v221.a(PSXC_open.o)
                0x000000cc                PSXC_open
 .text          0x0000010a      0x140 ../../../../../Programming/Libraries/capi324v221-v2.05.000R\libcapi324v221.a(PSXC_read.o)
                0x0000010a                PSXC_read
 .text          0x0000024a       0x74 ../../../../../Programming/Libraries/capi324v221-v2.05.000R\libcapi324v221.a(SPI_open.o)
                0x0000024a                SPI_open
 .text          0x000002be       0x22 ../../../../../Programming/Libraries/capi324v221-v2.05.000R\libcapi324v221.a(SPI_receive.o)
                0x000002be                SPI_receive
 .text          0x000002e0       0x12 ../../../../../Programming/Libraries/capi324v221-v2.05.000R\libcapi324v221.a(SPI_set_config_func.o)
                0x000002e0                SPI_set_config_func
 .text          0x000002f2       0xbe ../../../../../Programming/Libraries/capi324v221-v2.05.000R\libcapi324v221.a(SPI_set_slave_addr.o)
                0x000002f2                SPI_set_slave_addr
 .text          0x000003b0        0xe ../../../../../Programming/Libraries/capi324v221-v2.05.000R\libcapi324v221.a(__SPI_init.o)
                0x000003b0                __SPI_init
 .text          0x000003be       0x22 ../../../../../Programming/Libraries/capi324v221-v2.05.000R\libcapi324v221.a(SYS_decrement_refcount.o)
                0x000003be                SYS_decrement_refcount
 .text          0x000003e0       0x1c ../../../../../Programming/Libraries/capi324v221-v2.05.000R\libcapi324v221.a(SYS_increment_refcount.o)
                0x000003e0                SYS_increment_refcount
 .text          0x000003fc       0x1a ../../../../../Programming/Libraries/capi324v221-v2.05.000R\libcapi324v221.a(SYS_isOpen.o)
                0x000003fc                SYS_isOpen
 .text          0x00000416       0x1c ../../../../../Programming/Libraries/capi324v221-v2.05.000R\libcapi324v221.a(CBOT_init.o)
                0x00000416                CBOT_init
 .text          0x00000432      0x480 ../../../../../Programming/Libraries/capi324v221-v2.05.000R\libcapi324v221.a(CBOT_isr.o)
                0x00000432                CBOT_ISR_init
                0x00000436                __vector_16
                0x00000488                __vector_17
                0x000004da                __vector_18
                0x0000052c                __vector_9
                0x0000057e                __vector_10
                0x000005d0                __vector_11
                0x00000622                __vector_13
                0x00000674                __vector_14
                0x000006c6                __vector_12
                0x00000718                __vector_15
                0x0000076a                __vector_4
                0x000007bc                __vector_5
                0x0000080e                __vector_6
                0x00000860                __vector_7
 .text          0x000008b2       0x24 ../../../../../Programming/Libraries/capi324v221-v2.05.000R\libcapi324v221.a(ISR_open.o)
                0x000008b2                ISR_open
 .text          0x000008d6       0x12 ../../../../../Programming/Libraries/capi324v221-v2.05.000R\libcapi324v221.a(ATMEGA_open.o)
                0x000008d6                ATMEGA_open
 .text          0x000008e8       0xac ../../../../../Programming/Libraries/capi324v221-v2.05.000R\libcapi324v221.a(ATMEGA_set_clk_mode.o)
                0x000008e8                ATMEGA_set_clk_mode
 .text          0x00000994        0x6 ../../../../../Programming/Libraries/capi324v221-v2.05.000R\libcapi324v221.a(__ATMEGA_init.o)
                0x00000994                __ATMEGA_init
 .text          0x0000099a       0x52 ../../../../../Programming/Libraries/capi324v221-v2.05.000R\libcapi324v221.a(SPI_cfgrs.o)
                0x0000099a                SPI_FLASH_config
                0x000009ac                SPI_default_config
                0x000009bc                SPI_ATtiny0_config
                0x000009cc                SPI_PSXC_config
                0x000009dc                SPI_LCD_config
 .text          0x000009ec       0x1e ../../../../../Programming/Libraries/capi324v221-v2.05.000R\libcapi324v221.a(SYS_init.o)
                0x000009ec                SYS_init
 .text          0x00000a0a       0x10 ../../../../../Programming/Libraries/capi324v221-v2.05.000R\libcapi324v221.a(SYS_set_refcount.o)
                0x00000a0a                SYS_set_refcount
 .text          0x00000a1a       0x58 ../../../../../Programming/Libraries/capi324v221-v2.05.000R\libcapi324v221.a(ATTINY_open.o)
                0x00000a1a                ATTINY_open
 .text          0x00000a72       0x82 ../../../../../Programming/Libraries/capi324v221-v2.05.000R\libcapi324v221.a(__ATTINY_initialize_params.o)
                0x00000a72                __ATTINY_initialize_params
 .text          0x00000af4       0x3a ../../../../../Programming/Libraries/capi324v221-v2.05.000R\libcapi324v221.a(TMRSRVC_open.o)
                0x00000af4                TMRSRVC_open
 .text          0x00000b2e       0x12 ../../../../../Programming/Libraries/capi324v221-v2.05.000R\libcapi324v221.a(__TMRSRVC_init.o)
                0x00000b2e                __TMRSRVC_init
 .text          0x00000b40        0xc ../../../../../Programming/Libraries/capi324v221-v2.05.000R\libcapi324v221.a(__TMRSRVC_start.o)
                0x00000b40                __TMRSRVC_start
 .text          0x00000b4c       0x20 ../../../../../Programming/Libraries/capi324v221-v2.05.000R\libcapi324v221.a(__ISR_attach.o)
                0x00000b4c                __ISR_attach
 .text          0x00000b6c       0x7a ../../../../../Programming/Libraries/capi324v221-v2.05.000R\libcapi324v221.a(ATTINY_get_firm_rev.o)
                0x00000b6c                ATTINY_get_firm_rev
 .text          0x00000be6        0xe ../../../../../Programming/Libraries/capi324v221-v2.05.000R\libcapi324v221.a(ISR__TIMER0_COMPA_vect.o)
                0x00000be6                __TIMER0_COMPA_vect
 .text          0x00000bf4       0x34 ../../../../../Programming/Libraries/capi324v221-v2.05.000R\libcapi324v221.a(TMRSRVC_tick.o)
                0x00000bf4                TMRSRVC_tick
 .text          0x00000c28       0x1e ../../../../../Programming/Libraries/capi324v221-v2.05.000R\libcapi324v221.a(SPI_transmit.o)
                0x00000c28                SPI_transmit
 .text          0x00000c46       0x4e ../../../../../Programming/Libraries/capi324v221-v2.05.000R\libcapi324v221.a(SPKR_beep_clk.o)
                0x00000c46                SPKR_beep_clk
 .text          0x00000c94      0x162 ../../../../../Programming/Libraries/capi324v221-v2.05.000R\libcapi324v221.a(STEPPER_clk.o)
                0x00000c94                STEPPER_clk
 .text          0x00000df6       0x8a ../../../../../Programming/Libraries/capi324v221-v2.05.000R\libcapi324v221.a(STEPPER_process_accel.o)
                0x00000df6                STEPPER_process_accel
 .text          0x00000e80      0x1fe ../../../../../Programming/Libraries/capi324v221-v2.05.000R\libcapi324v221.a(STEPPER_process_run_mode.o)
                0x00000e80                STEPPER_process_run_mode
 .text          0x0000107e       0xac ../../../../../Programming/Libraries/capi324v221-v2.05.000R\libcapi324v221.a(STEPPER_process_step_mode.o)
                0x0000107e                STEPPER_process_step_mode
 .text          0x0000112a       0x58 ../../../../../Programming/Libraries/capi324v221-v2.05.000R\libcapi324v221.a(STEPPER_set_speed.o)
                0x0000112a                STEPPER_set_speed
 .text          0x00001182       0x4a ../../../../../Programming/Libraries/capi324v221-v2.05.000R\libcapi324v221.a(STEPPER_stop.o)
                0x00001182                STEPPER_stop
 .text          0x000011cc       0xd8 ../../../../../Programming/Libraries/capi324v221-v2.05.000R\libcapi324v221.a(TMRSRVC_process.o)
                0x000011cc                TMRSRVC_process
 .text          0x000012a4        0x6 ../../../../../Programming/Libraries/capi324v221-v2.05.000R\libcapi324v221.a(TMRSRVC_stop.o)
                0x000012a4                TMRSRVC_stop
 .text          0x000012aa       0xd2 ../../../../../Programming/Libraries/capi324v221-v2.05.000R\libcapi324v221.a(__TMRSRVC_insert.o)
                0x000012aa                TMRSRVC_insert
 .text          0x0000137c      0x130 ../../../../../Programming/Libraries/capi324v221-v2.05.000R\libcapi324v221.a(STEPPER_process_pwm.o)
                0x0000137c                STEPPER_process_pwm
 .text          0x000014ac       0x36 ../../../../../Programming/Libraries/capi324v221-v2.05.000R\libcapi324v221.a(STEPPER_set_steps.o)
                0x000014ac                STEPPER_set_steps
 .text          0x000014e2        0x8 ../../../../../Programming/Libraries/capi324v221-v2.05.000R\libcapi324v221.a(TMRSRVC_start.o)
                0x000014e2                TMRSRVC_start
                0x000014ea                . = ALIGN (0x2)
 *(.text.*)
 .text.controller_input
                0x000014ea       0x4e GccApplication1.o
                0x000014ea                controller_input
 .text.CBOT_main
                0x00001538       0x38 GccApplication1.o
                0x00001538                CBOT_main
 .text.avr-libc
                0x00001570      0x24e c:/program files (x86)/atmel/atmel toolchain/avr8 gcc/native/3.4.1061/avr8-gnu-toolchain/bin/../lib/gcc/avr/4.8.1/../../../../avr/lib/avr5\libc.a(malloc.o)
                0x00001570                malloc
                0x000016a0                free
 .text.avr-libc
                0x000017be      0x3a4 c:/program files (x86)/atmel/atmel toolchain/avr8 gcc/native/3.4.1061/avr8-gnu-toolchain/bin/../lib/gcc/avr/4.8.1/../../../../avr/lib/avr5\libc.a(vfprintf_std.o)
                0x000017be                vfprintf
 .text.avr-libc
                0x00001b62       0x16 c:/program files (x86)/atmel/atmel toolchain/avr8 gcc/native/3.4.1061/avr8-gnu-toolchain/bin/../lib/gcc/avr/4.8.1/../../../../avr/lib/avr5\libc.a(strnlen_P.o)
                0x00001b62                strnlen_P
 .text.avr-libc
                0x00001b78       0x16 c:/program files (x86)/atmel/atmel toolchain/avr8 gcc/native/3.4.1061/avr8-gnu-toolchain/bin/../lib/gcc/avr/4.8.1/../../../../avr/lib/avr5\libc.a(strnlen.o)
                0x00001b78                strnlen
 .text.avr-libc
                0x00001b8e       0x64 c:/program files (x86)/atmel/atmel toolchain/avr8 gcc/native/3.4.1061/avr8-gnu-toolchain/bin/../lib/gcc/avr/4.8.1/../../../../avr/lib/avr5\libc.a(fputc.o)
                0x00001b8e                fputc
 .text.avr-libc
                0x00001bf2       0xbc c:/program files (x86)/atmel/atmel toolchain/avr8 gcc/native/3.4.1061/avr8-gnu-toolchain/bin/../lib/gcc/avr/4.8.1/../../../../avr/lib/avr5\libc.a(ultoa_invert.o)
                0x00001bf2                __ultoa_invert
 .text.libgcc.prologue
                0x00001cae       0x38 c:/program files (x86)/atmel/atmel toolchain/avr8 gcc/native/3.4.1061/avr8-gnu-toolchain/bin/../lib/gcc/avr/4.8.1/avr5\libgcc.a(_prologue.o)
                0x00001cae                __prologue_saves__
 .text.libgcc.prologue
                0x00001ce6       0x36 c:/program files (x86)/atmel/atmel toolchain/avr8 gcc/native/3.4.1061/avr8-gnu-toolchain/bin/../lib/gcc/avr/4.8.1/avr5\libgcc.a(_epilogue.o)
                0x00001ce6                __epilogue_restores__
                0x00001d1c                . = ALIGN (0x2)
 *(.fini9)
 .fini9         0x00001d1c        0x0 c:/program files (x86)/atmel/atmel toolchain/avr8 gcc/native/3.4.1061/avr8-gnu-toolchain/bin/../lib/gcc/avr/4.8.1/avr5\libgcc.a(_exit.o)
                0x00001d1c                _exit
                0x00001d1c                exit
 *(.fini9)
 *(.fini8)
 *(.fini8)
 *(.fini7)
 *(.fini7)
 *(.fini6)
 *(.fini6)
 *(.fini5)
 *(.fini5)
 *(.fini4)
 *(.fini4)
 *(.fini3)
 *(.fini3)
 *(.fini2)
 *(.fini2)
 *(.fini1)
 *(.fini1)
 *(.fini0)
 .fini0         0x00001d1c        0x4 c:/program files (x86)/atmel/atmel toolchain/avr8 gcc/native/3.4.1061/avr8-gnu-toolchain/bin/../lib/gcc/avr/4.8.1/avr5\libgcc.a(_exit.o)
 *(.fini0)
                0x00001d20                _etext = .

.data           0x00800100       0x18 load address 0x00001d20
                0x00800100                PROVIDE (__data_start, .)
 *(.data)
 .data          0x00800100        0x9 ../../../../../Programming/Libraries/capi324v221-v2.05.000R\libcapi324v221.a(PSXC_globals.o)
                0x00800100                psxc_poll_seq
 .data          0x00800109        0x8 ../../../../../Programming/Libraries/capi324v221-v2.05.000R\libcapi324v221.a(STEPPER_globals.o)
                0x00800109                Motor_L_LUT
                0x0080010d                Motor_R_LUT
 .data          0x00800111        0x6 c:/program files (x86)/atmel/atmel toolchain/avr8 gcc/native/3.4.1061/avr8-gnu-toolchain/bin/../lib/gcc/avr/4.8.1/../../../../avr/lib/avr5\libc.a(malloc.o)
                0x00800111                __malloc_heap_end
                0x00800113                __malloc_heap_start
                0x00800115                __malloc_margin
 *(.data*)
 *(.rodata)
 *(.rodata*)
 *(.gnu.linkonce.d*)
                0x00800118                . = ALIGN (0x2)
 *fill*         0x00800117        0x1 
                0x00800118                _edata = .
                0x00800118                PROVIDE (__data_end, .)

.bss            0x00800118       0xfb
                0x00800118                PROVIDE (__bss_start, .)
 *(.bss)
 .bss           0x00800118       0x40 ../../../../../Programming/Libraries/capi324v221-v2.05.000R\libcapi324v221.a(ISR_globals.o)
                0x00800118                CBOT_ISR_vtable
 .bss           0x00800158        0x9 ../../../../../Programming/Libraries/capi324v221-v2.05.000R\libcapi324v221.a(PSXC_globals.o)
                0x00800158                psxc_response
 .bss           0x00800161       0x10 ../../../../../Programming/Libraries/capi324v221-v2.05.000R\libcapi324v221.a(SPI_globals.o)
                0x00800161                spi_config_func_LUT
 .bss           0x00800171        0x2 ../../../../../Programming/Libraries/capi324v221-v2.05.000R\libcapi324v221.a(TMRSRVC_globals.o)
                0x00800171                timer_busy_status
                0x00800172                timer_run_status
 .bss           0x00800173       0x10 ../../../../../Programming/Libraries/capi324v221-v2.05.000R\libcapi324v221.a(SPKR_globals.o)
                0x00800173                tone_mode_active
                0x00800174                beep_mode_active
                0x00800175                spkr_accum32
                0x00800179                spkr_freq
                0x0080017d                beep_accum16
                0x0080017f                beep_freq
                0x00800181                p_Freq_LUT
 .bss           0x00800183        0x1 ../../../../../Programming/Libraries/capi324v221-v2.05.000R\libcapi324v221.a(STEPPER_process_run_mode.o)
 .bss           0x00800184        0x4 ../../../../../Programming/Libraries/capi324v221-v2.05.000R\libcapi324v221.a(STEPPER_process_pwm.o)
 *(.bss*)
 .bss.pwm       0x00800188        0x2 GccApplication1.o
                0x00800188                pwm
 *(COMMON)
 COMMON         0x0080018a        0x7 GccApplication1.o
                0x0080018a                psxc_data
 COMMON         0x00800191       0x15 ../../../../../Programming/Libraries/capi324v221-v2.05.000R\libcapi324v221.a(SYS_globals.o)
                0x00800191                CBOT_SYSTEM_refcount
 COMMON         0x008001a6        0xe ../../../../../Programming/Libraries/capi324v221-v2.05.000R\libcapi324v221.a(PSXC_globals.o)
                0x008001a6                PSXC_params
                0x008001ab                psxc_test_timer
 COMMON         0x008001b4        0x1 ../../../../../Programming/Libraries/capi324v221-v2.05.000R\libcapi324v221.a(SPI_globals.o)
                0x008001b4                curr_spi_addr
 COMMON         0x008001b5       0x1e ../../../../../Programming/Libraries/capi324v221-v2.05.000R\libcapi324v221.a(ATTINY_globals.o)
                0x008001b5                ATTINY_params
 COMMON         0x008001d3        0x3 ../../../../../Programming/Libraries/capi324v221-v2.05.000R\libcapi324v221.a(TMRSRVC_globals.o)
                0x008001d3                tmrNodes
 COMMON         0x008001d6       0x39 ../../../../../Programming/Libraries/capi324v221-v2.05.000R\libcapi324v221.a(STEPPER_globals.o)
                0x008001d6                STEPPER_params
                0x0080020d                step_done
 COMMON         0x0080020f        0x4 c:/program files (x86)/atmel/atmel toolchain/avr8 gcc/native/3.4.1061/avr8-gnu-toolchain/bin/../lib/gcc/avr/4.8.1/../../../../avr/lib/avr5\libc.a(malloc.o)
                0x0080020f                __brkval
                0x00800211                __flp
                0x00800213                PROVIDE (__bss_end, .)
                0x00001d20                __data_load_start = LOADADDR (.data)
                0x00001d38                __data_load_end = (__data_load_start + SIZEOF (.data))

.noinit         0x00800213        0x0
                0x00800213                PROVIDE (__noinit_start, .)
 *(.noinit*)
                0x00800213                PROVIDE (__noinit_end, .)
                0x00800213                _end = .
                0x00800213                PROVIDE (__heap_start, .)

.eeprom         0x00810000        0x0
 *(.eeprom*)
                0x00810000                __eeprom_end = .

.fuse
 *(.fuse)
 *(.lfuse)
 *(.hfuse)
 *(.efuse)

.lock
 *(.lock*)

.signature
 *(.signature*)

.user_signatures
 *(.user_signatures*)

.stab
 *(.stab)

.stabstr
 *(.stabstr)

.stab.excl
 *(.stab.excl)

.stab.exclstr
 *(.stab.exclstr)

.stab.index
 *(.stab.index)

.stab.indexstr
 *(.stab.indexstr)

.comment        0x00000000       0x5c
 *(.comment)
 .comment       0x00000000       0x30 GccApplication1.o
                                 0x31 (size before relaxing)
 .comment       0x00000000       0x31 c:/program files (x86)/atmel/atmel toolchain/avr8 gcc/native/3.4.1061/avr8-gnu-toolchain/bin/../lib/gcc/avr/4.8.1/../../../../avr/lib/avr5\libc.a(malloc.o)
 .comment       0x00000030       0x2c c:/program files (x86)/atmel/atmel toolchain/avr8 gcc/native/3.4.1061/avr8-gnu-toolchain/bin/../lib/gcc/avr/4.8.1/../../../../avr/lib/avr5\libc.a(vfprintf_std.o)
                                 0x2d (size before relaxing)
 .comment       0x00000000       0x31 c:/program files (x86)/atmel/atmel toolchain/avr8 gcc/native/3.4.1061/avr8-gnu-toolchain/bin/../lib/gcc/avr/4.8.1/../../../../avr/lib/avr5\libc.a(fputc.o)

.note.gnu.build-id
 *(.note.gnu.build-id)

.debug
 *(.debug)

.line
 *(.line)

.debug_srcinfo
 *(.debug_srcinfo)

.debug_sfnames
 *(.debug_sfnames)

.debug_aranges  0x00000000       0x28
 *(.debug_aranges)
 .debug_aranges
                0x00000000       0x28 GccApplication1.o

.debug_pubnames
 *(.debug_pubnames)

.debug_info     0x00000000      0x290
 *(.debug_info .gnu.linkonce.wi.*)
 .debug_info    0x00000000      0x290 GccApplication1.o

.debug_abbrev   0x00000000      0x13d
 *(.debug_abbrev)
 .debug_abbrev  0x00000000      0x13d GccApplication1.o

.debug_line     0x00000000      0x154
 *(.debug_line .debug_line.* .debug_line_end)
 .debug_line    0x00000000      0x154 GccApplication1.o

.debug_frame    0x00000000       0x34
 *(.debug_frame)
 .debug_frame   0x00000000       0x34 GccApplication1.o

.debug_str      0x00000000      0x31b
 *(.debug_str)
 .debug_str     0x00000000      0x31b GccApplication1.o
                                0x354 (size before relaxing)

.debug_loc      0x00000000       0x1e
 *(.debug_loc)
 .debug_loc     0x00000000       0x1e GccApplication1.o

.debug_macinfo
 *(.debug_macinfo)

.debug_weaknames
 *(.debug_weaknames)

.debug_funcnames
 *(.debug_funcnames)

.debug_typenames
 *(.debug_typenames)

.debug_varnames
 *(.debug_varnames)

.debug_pubtypes
 *(.debug_pubtypes)

.debug_ranges   0x00000000       0x18
 *(.debug_ranges)
 .debug_ranges  0x00000000       0x18 GccApplication1.o

.debug_macro
 *(.debug_macro)
OUTPUT(Bit-Bang PWM.elf elf32-avr)
LOAD linker stubs
