Archive member included because of file (symbol)

../../../../../Programming/Libraries/capi324v221-v2.05.000R\libcapi324v221.a(CBOT_main.o)
                              c:/program files (x86)/atmel/atmel toolchain/avr8 gcc/native/3.4.1061/avr8-gnu-toolchain/bin/../lib/gcc/avr/4.8.1/../../../../avr/lib/avr5/crtm324p.o (main)
../../../../../Programming/Libraries/capi324v221-v2.05.000R\libcapi324v221.a(LCD_open.o)
                              GccApplication1.o (LCD_open)
../../../../../Programming/Libraries/capi324v221-v2.05.000R\libcapi324v221.a(LCD_set_PGC_addr.o)
                              ../../../../../Programming/Libraries/capi324v221-v2.05.000R\libcapi324v221.a(LCD_open.o) (LCD_set_PGC_addr)
../../../../../Programming/Libraries/capi324v221-v2.05.000R\libcapi324v221.a(LCD_set_backlight.o)
                              ../../../../../Programming/Libraries/capi324v221-v2.05.000R\libcapi324v221.a(LCD_open.o) (LCD_set_backlight)
../../../../../Programming/Libraries/capi324v221-v2.05.000R\libcapi324v221.a(LCD_set_next_PGC.o)
                              ../../../../../Programming/Libraries/capi324v221-v2.05.000R\libcapi324v221.a(LCD_open.o) (LCD_set_next_PGC)
../../../../../Programming/Libraries/capi324v221-v2.05.000R\libcapi324v221.a(LCD_write.o)
                              ../../../../../Programming/Libraries/capi324v221-v2.05.000R\libcapi324v221.a(LCD_open.o) (LCD_write)
../../../../../Programming/Libraries/capi324v221-v2.05.000R\libcapi324v221.a(__LCD_init.o)
                              ../../../../../Programming/Libraries/capi324v221-v2.05.000R\libcapi324v221.a(LCD_open.o) (__LCD_init)
../../../../../Programming/Libraries/capi324v221-v2.05.000R\libcapi324v221.a(SPI_open.o)
                              ../../../../../Programming/Libraries/capi324v221-v2.05.000R\libcapi324v221.a(LCD_open.o) (SPI_open)
../../../../../Programming/Libraries/capi324v221-v2.05.000R\libcapi324v221.a(SPI_set_config_func.o)
                              ../../../../../Programming/Libraries/capi324v221-v2.05.000R\libcapi324v221.a(SPI_open.o) (SPI_set_config_func)
../../../../../Programming/Libraries/capi324v221-v2.05.000R\libcapi324v221.a(SPI_set_slave_addr.o)
                              ../../../../../Programming/Libraries/capi324v221-v2.05.000R\libcapi324v221.a(LCD_set_backlight.o) (SPI_set_slave_addr)
../../../../../Programming/Libraries/capi324v221-v2.05.000R\libcapi324v221.a(SPI_transmit.o)
                              ../../../../../Programming/Libraries/capi324v221-v2.05.000R\libcapi324v221.a(LCD_set_backlight.o) (SPI_transmit)
../../../../../Programming/Libraries/capi324v221-v2.05.000R\libcapi324v221.a(__SPI_init.o)
                              ../../../../../Programming/Libraries/capi324v221-v2.05.000R\libcapi324v221.a(SPI_open.o) (__SPI_init)
../../../../../Programming/Libraries/capi324v221-v2.05.000R\libcapi324v221.a(STEPPER_move.o)
                              GccApplication1.o (STEPPER_move)
../../../../../Programming/Libraries/capi324v221-v2.05.000R\libcapi324v221.a(STEPPER_run.o)
                              ../../../../../Programming/Libraries/capi324v221-v2.05.000R\libcapi324v221.a(STEPPER_move.o) (STEPPER_run)
../../../../../Programming/Libraries/capi324v221-v2.05.000R\libcapi324v221.a(STEPPER_run2.o)
                              ../../../../../Programming/Libraries/capi324v221-v2.05.000R\libcapi324v221.a(STEPPER_move.o) (STEPPER_run2)
../../../../../Programming/Libraries/capi324v221-v2.05.000R\libcapi324v221.a(STEPPER_set_accel.o)
                              ../../../../../Programming/Libraries/capi324v221-v2.05.000R\libcapi324v221.a(STEPPER_move.o) (STEPPER_set_accel)
../../../../../Programming/Libraries/capi324v221-v2.05.000R\libcapi324v221.a(STEPPER_set_accel2.o)
                              ../../../../../Programming/Libraries/capi324v221-v2.05.000R\libcapi324v221.a(STEPPER_move.o) (STEPPER_set_accel2)
../../../../../Programming/Libraries/capi324v221-v2.05.000R\libcapi324v221.a(STEPPER_set_dir.o)
                              ../../../../../Programming/Libraries/capi324v221-v2.05.000R\libcapi324v221.a(STEPPER_run.o) (STEPPER_set_dir)
../../../../../Programming/Libraries/capi324v221-v2.05.000R\libcapi324v221.a(STEPPER_set_dir2.o)
                              ../../../../../Programming/Libraries/capi324v221-v2.05.000R\libcapi324v221.a(STEPPER_run2.o) (STEPPER_set_dir2)
../../../../../Programming/Libraries/capi324v221-v2.05.000R\libcapi324v221.a(STEPPER_set_mode.o)
                              ../../../../../Programming/Libraries/capi324v221-v2.05.000R\libcapi324v221.a(STEPPER_run.o) (STEPPER_set_mode)
../../../../../Programming/Libraries/capi324v221-v2.05.000R\libcapi324v221.a(STEPPER_set_speed.o)
                              ../../../../../Programming/Libraries/capi324v221-v2.05.000R\libcapi324v221.a(STEPPER_run.o) (STEPPER_set_speed)
../../../../../Programming/Libraries/capi324v221-v2.05.000R\libcapi324v221.a(STEPPER_set_speed2.o)
[...]
Memory Configuration

Name             Origin             Length             Attributes
text             0x00000000         0x00020000         xr
data             0x00800060         0x0000ffa0         rw !x
eeprom           0x00810000         0x00010000         rw !x
fuse             0x00820000         0x00000400         rw !x
lock             0x00830000         0x00000400         rw !x
signature        0x00840000         0x00000400         rw !x
user_signatures  0x00850000         0x00000400         rw !x
*default*        0x00000000         0xffffffff

Linker script and memory map

Address of section .data set to 0x800100
LOAD c:/program files (x86)/atmel/atmel toolchain/avr8 gcc/native/3.4.1061/avr8-gnu-toolchain/bin/../lib/gcc/avr/4.8.1/../../../../avr/lib/avr5/crtm324p.o
LOAD GccApplication1.o
START GROUP
LOAD c:/program files (x86)/atmel/atmel toolchain/avr8 gcc/native/3.4.1061/avr8-gnu-toolchain/bin/../lib/gcc/avr/4.8.1/../../../../avr/lib/avr5\libm.a
LOAD ../../../../../Programming/Libraries/capi324v221-v2.05.000R\libcapi324v221.a
END GROUP
START GROUP
LOAD c:/program files (x86)/atmel/atmel toolchain/avr8 gcc/native/3.4.1061/avr8-gnu-toolchain/bin/../lib/gcc/avr/4.8.1/avr5\libgcc.a
LOAD c:/program files (x86)/atmel/atmel toolchain/avr8 gcc/native/3.4.1061/avr8-gnu-toolchain/bin/../lib/gcc/avr/4.8.1/../../../../avr/lib/avr5\libm.a
LOAD c:/program files (x86)/atmel/atmel toolchain/avr8 gcc/native/3.4.1061/avr8-gnu-toolchain/bin/../lib/gcc/avr/4.8.1/../../../../avr/lib/avr5\libc.a
END GROUP

.hash
 *(.hash)

.dynsym
 *(.dynsym)

.dynstr
 *(.dynstr)

.gnu.version
 *(.gnu.version)

.gnu.version_d
 *(.gnu.version_d)

.gnu.version_r
 *(.gnu.version_r)

.rel.init
 *(.rel.init)

.rela.init
 *(.rela.init)

.rel.text
 *(.rel.text)
 *(.rel.text.*)
 *(.rel.gnu.linkonce.t*)

.rela.text
 *(.rela.text)
 *(.rela.text.*)
 *(.rela.gnu.linkonce.t*)

.rel.fini
 *(.rel.fini)

.rela.fini
 *(.rela.fini)

.rel.rodata
 *(.rel.rodata)
 *(.rel.rodata.*)
 *(.rel.gnu.linkonce.r*)

.rela.rodata
 *(.rela.rodata)
 *(.rela.rodata.*)
 *(.rela.gnu.linkonce.r*)

.rel.data
 *(.rel.data)
 *(.rel.data.*)
 *(.rel.gnu.linkonce.d*)

.rela.data
 *(.rela.data)
 *(.rela.data.*)
 *(.rela.gnu.linkonce.d*)

.rel.ctors
 *(.rel.ctors)

.rela.ctors
 *(.rela.ctors)

.rel.dtors
 *(.rel.dtors)

.rela.dtors
 *(.rela.dtors)

.rel.got
 *(.rel.got)

.rela.got
 *(.rela.got)

.rel.bss
 *(.rel.bss)

.rela.bss
 *(.rela.bss)

.rel.plt
 *(.rel.plt)

.rela.plt
 *(.rela.plt)

.text           0x00000000     0x3d76
 *(.vectors)
 .vectors       0x00000000       0x7c c:/program files (x86)/atmel/atmel toolchain/avr8 gcc/native/3.4.1061/avr8-gnu-toolchain/bin/../lib/gcc/avr/4.8.1/../../../../avr/lib/avr5/crtm324p.o
                0x00000000                __vector_default
                0x00000000                __vectors
 *(.vectors)
 *(.progmem.gcc*)
 .progmem.gcc_fplib
                0x0000007c       0x28 c:/program files (x86)/atmel/atmel toolchain/avr8 gcc/native/3.4.1061/avr8-gnu-toolchain/bin/../lib/gcc/avr/4.8.1/../../../../avr/lib/avr5\libm.a(exp.o)
 .progmem.gcc_fplib
                0x000000a4       0x5a c:/program files (x86)/atmel/atmel toolchain/avr8 gcc/native/3.4.1061/avr8-gnu-toolchain/bin/../lib/gcc/avr/4.8.1/../../../../avr/lib/avr5\libm.a(log.o)
                0x000000fe                . = ALIGN (0x2)
                0x000000fe                __trampolines_start = .
 *(.trampolines)
 .trampolines   0x000000fe        0x0 linker stubs
 *(.trampolines*)
                0x000000fe                __trampolines_end = .
 *(.progmem*)
 .progmem.data  0x000000fe      0x415 ../../../../../Programming/Libraries/capi324v221-v2.05.000R\libcapi324v221.a(LCD_globals.o)
                0x000000fe                char_bitmap
                0x00000313                CEENBoT_Inc_logo_bitmap
                0x00000514                . = ALIGN (0x2)
 *fill*         0x00000513        0x1 
 *(.jumptables)
 *(.jumptables*)
 *(.lowtext)
 *(.lowtext*)
                0x00000514                __ctors_start = .
 *(.ctors)
                0x00000514                __ctors_end = .
                0x00000514                __dtors_start = .
 *(.dtors)
                0x00000514                __dtors_end = .
 SORT(*)(.ctors)
 SORT(*)(.dtors)
 *(.init0)
 .init0         0x00000514        0x0 c:/program files (x86)/atmel/atmel toolchain/avr8 gcc/native/3.4.1061/avr8-gnu-toolchain/bin/../lib/gcc/avr/4.8.1/../../../../avr/lib/avr5/crtm324p.o
                0x00000514                __init
 *(.init0)
 *(.init1)
 *(.init1)
 *(.init2)
 .init2         0x00000514        0xc c:/program files (x86)/atmel/atmel toolchain/avr8 gcc/native/3.4.1061/avr8-gnu-toolchain/bin/../lib/gcc/avr/4.8.1/../../../../avr/lib/avr5/crtm324p.o
 *(.init2)
 *(.init3)
 *(.init3)
 *(.init4)
 .init4         0x00000520       0x16 c:/program files (x86)/atmel/atmel toolchain/avr8 gcc/native/3.4.1061/avr8-gnu-toolchain/bin/../lib/gcc/avr/4.8.1/avr5\libgcc.a(_copy_data.o)
                0x00000520                __do_copy_data
 .init4         0x00000536       0x10 c:/program files (x86)/atmel/atmel toolchain/avr8 gcc/native/3.4.1061/avr8-gnu-toolchain/bin/../lib/gcc/avr/4.8.1/avr5\libgcc.a(_clear_bss.o)
                0x00000536                __do_clear_bss
 *(.init4)
 *(.init5)
 *(.init5)
 *(.init6)
 *(.init6)
 *(.init7)
 *(.init7)
 *(.init8)
 *(.init8)
 *(.init9)
 .init9         0x00000546        0x8 c:/program files (x86)/atmel/atmel toolchain/avr8 gcc/native/3.4.1061/avr8-gnu-toolchain/bin/../lib/gcc/avr/4.8.1/../../../../avr/lib/avr5/crtm324p.o
 *(.init9)
 *(.text)
 .text          0x0000054e        0x4 c:/program files (x86)/atmel/atmel toolchain/avr8 gcc/native/3.4.1061/avr8-gnu-toolchain/bin/../lib/gcc/avr/4.8.1/../../../../avr/lib/avr5/crtm324p.o
                0x0000054e                __vector_22
                0x0000054e                __vector_28
                0x0000054e                __vector_1
                0x0000054e                __vector_24
                0x0000054e                __bad_interrupt
                0x0000054e                __vector_3
                0x0000054e                __vector_23
                0x0000054e                __vector_30
                0x0000054e                __vector_25
                0x0000054e                __vector_19
                0x0000054e                __vector_27
                0x0000054e                __vector_2
                0x0000054e                __vector_21
                0x0000054e                __vector_29
                0x0000054e                __vector_8
                0x0000054e                __vector_26
                0x0000054e                __vector_20
 .text          0x00000552       0x12 ../../../../../Programming/Libraries/capi324v221-v2.05.000R\libcapi324v221.a(CBOT_main.o)
                0x00000552                main
 .text          0x00000564      0x110 ../../../../../Programming/Libraries/capi324v221-v2.05.000R\libcapi324v221.a(LCD_open.o)
                0x00000564                LCD_open
 .text          0x00000674       0x44 ../../../../../Programming/Libraries/capi324v221-v2.05.000R\libcapi324v221.a(LCD_set_PGC_addr.o)
                0x00000674                LCD_set_PGC_addr
 .text          0x000006b8       0x42 ../../../../../Programming/Libraries/capi324v221-v2.05.000R\libcapi324v221.a(LCD_set_backlight.o)
                0x000006b8                LCD_set_backlight
 .text          0x000006fa       0x24 ../../../../../Programming/Libraries/capi324v221-v2.05.000R\libcapi324v221.a(LCD_set_next_PGC.o)
                0x000006fa                LCD_set_next_PGC
 .text          0x0000071e       0x36 ../../../../../Programming/Libraries/capi324v221-v2.05.000R\libcapi324v221.a(LCD_write.o)
                0x0000071e                LCD_write
 .text          0x00000754        0x4 ../../../../../Programming/Libraries/capi324v221-v2.05.000R\libcapi324v221.a(__LCD_init.o)
                0x00000754                __LCD_init
 .text          0x00000758       0x74 ../../../../../Programming/Libraries/capi324v221-v2.05.000R\libcapi324v221.a(SPI_open.o)
                0x00000758                SPI_open
 .text          0x000007cc       0x12 ../../../../../Programming/Libraries/capi324v221-v2.05.000R\libcapi324v221.a(SPI_set_config_func.o)
                0x000007cc                SPI_set_config_func
 .text          0x000007de       0xbe ../../../../../Programming/Libraries/capi324v221-v2.05.000R\libcapi324v221.a(SPI_set_slave_addr.o)
                0x000007de                SPI_set_slave_addr
 .text          0x0000089c       0x1e ../../../../../Programming/Libraries/capi324v221-v2.05.000R\libcapi324v221.a(SPI_transmit.o)
                0x0000089c                SPI_transmit
 .text          0x000008ba        0xe ../../../../../Programming/Libraries/capi324v221-v2.05.000R\libcapi324v221.a(__SPI_init.o)
                0x000008ba                __SPI_init
 .text          0x000008c8      0x244 ../../../../../Programming/Libraries/capi324v221-v2.05.000R\libcapi324v221.a(STEPPER_move.o)
                0x00000a1c                STEPPER_move
 .text          0x00000b0c       0x2e ../../../../../Programming/Libraries/capi324v221-v2.05.000R\libcapi324v221.a(STEPPER_run.o)
                0x00000b0c                STEPPER_run
 .text          0x00000b3a       0x3a ../../../../../Programming/Libraries/capi324v221-v2.05.000R\libcapi324v221.a(STEPPER_run2.o)
                0x00000b3a                STEPPER_run2
 .text          0x00000b74       0x42 ../../../../../Programming/Libraries/capi324v221-v2.05.000R\libcapi324v221.a(STEPPER_set_accel.o)
                0x00000b74                STEPPER_set_accel
 .text          0x00000bb6       0x38 ../../../../../Programming/Libraries/capi324v221-v2.05.000R\libcapi324v221.a(STEPPER_set_accel2.o)
                0x00000bb6                STEPPER_set_accel2
 .text          0x00000bee       0x2a ../../../../../Programming/Libraries/capi324v221-v2.05.000R\libcapi324v221.a(STEPPER_set_dir.o)
                0x00000bee                STEPPER_set_dir
 .text          0x00000c18       0x14 ../../../../../Programming/Libraries/capi324v221-v2.05.000R\libcapi324v221.a(STEPPER_set_dir2.o)
                0x00000c18                STEPPER_set_dir2
 .text          0x00000c2c       0x2a ../../../../../Programming/Libraries/capi324v221-v2.05.000R\libcapi324v221.a(STEPPER_set_mode.o)
                0x00000c2c                STEPPER_set_mode
 .text          0x00000c56       0x58 ../../../../../Programming/Libraries/capi324v221-v2.05.000R\libcapi324v221.a(STEPPER_set_speed.o)
                0x00000c56                STEPPER_set_speed
 .text          0x00000cae       0x3c ../../../../../Programming/Libraries/capi324v221-v2.05.000R\libcapi324v221.a(STEPPER_set_speed2.o)
                0x00000cae                STEPPER_set_speed2
 .text          0x00000cea      0x124 ../../../../../Programming/Libraries/capi324v221-v2.05.000R\libcapi324v221.a(STEPPER_step.o)
                0x00000cea                STEPPER_step
 .text          0x00000e0e      0x10a ../../../../../Programming/Libraries/capi324v221-v2.05.000R\libcapi324v221.a(STEPPER_step2.o)
                0x00000e0e                STEPPER_step2
 .text          0x00000f18       0xde ../../../../../Programming/Libraries/capi324v221-v2.05.000R\libcapi324v221.a(STEPPER_wait_and_then.o)
                0x00000f18                STEPPER_wait_and_then
 .text          0x00000ff6       0x22 ../../../../../Programming/Libraries/capi324v221-v2.05.000R\libcapi324v221.a(SYS_decrement_refcount.o)
                0x00000ff6                SYS_decrement_refcount
 .text          0x00001018       0x1c ../../../../../Programming/Libraries/capi324v221-v2.05.000R\libcapi324v221.a(SYS_increment_refcount.o)
                0x00001018                SYS_increment_refcount
 .text          0x00001034       0x1a ../../../../../Programming/Libraries/capi324v221-v2.05.000R\libcapi324v221.a(SYS_isOpen.o)
                0x00001034                SYS_isOpen
 .text          0x0000104e       0x58 ../../../../../Programming/Libraries/capi324v221-v2.05.000R\libcapi324v221.a(ATTINY_open.o)
                0x0000104e                ATTINY_open
 .text          0x000010a6       0x82 ../../../../../Programming/Libraries/capi324v221-v2.05.000R\libcapi324v221.a(__ATTINY_initialize_params.o)
                0x000010a6                __ATTINY_initialize_params
 .text          0x00001128      0x20c ../../../../../Programming/Libraries/capi324v221-v2.05.000R\libcapi324v221.a(UART_configure.o)
                0x000011ee                UART_configure
 .text          0x00001334       0x36 ../../../../../Programming/Libraries/capi324v221-v2.05.000R\libcapi324v221.a(UART_has_data.o)
                0x00001334                UART_has_data
 .text          0x0000136a       0x7e ../../../../../Programming/Libraries/capi324v221-v2.05.000R\libcapi324v221.a(UART_open.o)
                0x0000136a                UART_open
 .text          0x000013e8       0xa6 ../../../../../Programming/Libraries/capi324v221-v2.05.000R\libcapi324v221.a(UART_receive.o)
                0x000013e8                UART_receive
 .text          0x0000148e       0x96 ../../../../../Programming/Libraries/capi324v221-v2.05.000R\libcapi324v221.a(UART_set_RX_state.o)
                0x0000148e                UART_set_RX_state
 .text          0x00001524       0x32 ../../../../../Programming/Libraries/capi324v221-v2.05.000R\libcapi324v221.a(UART_set_timeout.o)
                0x00001524                UART_set_timeout
 .text          0x00001556       0x1a ../../../../../Programming/Libraries/capi324v221-v2.05.000R\libcapi324v221.a(__UART_init.o)
                0x00001556                __UART_init
 .text          0x00001570       0x1c ../../../../../Programming/Libraries/capi324v221-v2.05.000R\libcapi324v221.a(CBOT_init.o)
                0x00001570                CBOT_init
 .text          0x0000158c      0x480 ../../../../../Programming/Libraries/capi324v221-v2.05.000R\libcapi324v221.a(CBOT_isr.o)
                0x0000158c                CBOT_ISR_init
                0x00001590                __vector_16
                0x000015e2                __vector_17
                0x00001634                __vector_18
                0x00001686                __vector_9
                0x000016d8                __vector_10
                0x0000172a                __vector_11
                0x0000177c                __vector_13
                0x000017ce                __vector_14
                0x00001820                __vector_12
                0x00001872                __vector_15
                0x000018c4                __vector_4
                0x00001916                __vector_5
                0x00001968                __vector_6
                0x000019ba                __vector_7
 .text          0x00001a0c       0x24 ../../../../../Programming/Libraries/capi324v221-v2.05.000R\libcapi324v221.a(ISR_open.o)
                0x00001a0c                ISR_open
 .text          0x00001a30       0x4c ../../../../../Programming/Libraries/capi324v221-v2.05.000R\libcapi324v221.a(LCD_clear.o)
                0x00001a30                LCD_clear
 .text          0x00001a7c      0x168 ../../../../../Programming/Libraries/capi324v221-v2.05.000R\libcapi324v221.a(__LCD_putchar.o)
                0x00001a7c                __LCD_putchar
 .text          0x00001be4       0x12 ../../../../../Programming/Libraries/capi324v221-v2.05.000R\libcapi324v221.a(ATMEGA_open.o)
                0x00001be4                ATMEGA_open
 .text          0x00001bf6       0xac ../../../../../Programming/Libraries/capi324v221-v2.05.000R\libcapi324v221.a(ATMEGA_set_clk_mode.o)
                0x00001bf6                ATMEGA_set_clk_mode
 .text          0x00001ca2        0x6 ../../../../../Programming/Libraries/capi324v221-v2.05.000R\libcapi324v221.a(__ATMEGA_init.o)
                0x00001ca2                __ATMEGA_init
 .text          0x00001ca8       0x52 ../../../../../Programming/Libraries/capi324v221-v2.05.000R\libcapi324v221.a(SPI_cfgrs.o)
                0x00001ca8                SPI_FLASH_config
                0x00001cba                SPI_default_config
                0x00001cca                SPI_ATtiny0_config
                0x00001cda                SPI_PSXC_config
                0x00001cea                SPI_LCD_config
 .text          0x00001cfa       0x64 ../../../../../Programming/Libraries/capi324v221-v2.05.000R\libcapi324v221.a(SPKR_close.o)
                0x00001cfa                __SPKR_close_beep_mode
                0x00001d10                __SPKR_close_tone_mode
                0x00001d4a                SPKR_close
 .text          0x00001d5e      0x164 ../../../../../Programming/Libraries/capi324v221-v2.05.000R\libcapi324v221.a(SPKR_open.o)
                0x00001d5e                __SPKR_set_up_freq_LUT
                0x00001e24                __SPKR_open_beep_mode
                0x00001e4a                __SPKR_open_tone_mode
                0x00001ea8                SPKR_open
 .text          0x00001ec2       0xac ../../../../../Programming/Libraries/capi324v221-v2.05.000R\libcapi324v221.a(SPKR_play_beep.o)
                0x00001ec2                SPKR_play_beep
 .text          0x00001f6e       0x38 ../../../../../Programming/Libraries/capi324v221-v2.05.000R\libcapi324v221.a(__SPKR_close.o)
                0x00001f6e                __SPKR_close
 .text          0x00001fa6       0x54 ../../../../../Programming/Libraries/capi324v221-v2.05.000R\libcapi324v221.a(__SPKR_init.o)
                0x00001fa6                __SPKR_init
 .text          0x00001ffa        0xc ../../../../../Programming/Libraries/capi324v221-v2.05.000R\libcapi324v221.a(__SPKR_stop.o)
                0x00001ffa                __SPKR_stop
 .text          0x00002006       0x2a ../../../../../Programming/Libraries/capi324v221-v2.05.000R\libcapi324v221.a(STEPPER_go.o)
                0x00002006                STEPPER_go
 .text          0x00002030       0x36 ../../../../../Programming/Libraries/capi324v221-v2.05.000R\libcapi324v221.a(STEPPER_set_steps.o)
                0x00002030                STEPPER_set_steps
 .text          0x00002066       0x1c ../../../../../Programming/Libraries/capi324v221-v2.05.000R\libcapi324v221.a(STEPPER_set_steps2.o)
                0x00002066                STEPPER_set_steps2
 .text          0x00002082       0x2a ../../../../../Programming/Libraries/capi324v221-v2.05.000R\libcapi324v221.a(STEPPER_set_stop_mode.o)
                0x00002082                STEPPER_set_stop_mode
 .text          0x000020ac       0x7a ../../../../../Programming/Libraries/capi324v221-v2.05.000R\libcapi324v221.a(STEPPER_setup_decels.o)
                0x000020ac                STEPPER_setup_decels
 .text          0x00002126       0x1e ../../../../../Programming/Libraries/capi324v221-v2.05.000R\libcapi324v221.a(SYS_init.o)
                0x00002126                SYS_init
 .text          0x00002144       0x10 ../../../../../Programming/Libraries/capi324v221-v2.05.000R\libcapi324v221.a(SYS_set_refcount.o)
                0x00002144                SYS_set_refcount
 .text          0x00002154       0x7a ../../../../../Programming/Libraries/capi324v221-v2.05.000R\libcapi324v221.a(ATTINY_get_firm_rev.o)
                0x00002154                ATTINY_get_firm_rev
 .text          0x000021ce       0x5c ../../../../../Programming/Libraries/capi324v221-v2.05.000R\libcapi324v221.a(TMRSRVC_delay.o)
                0x000021ce                TMRSRVC_delay
 .text          0x0000222a       0x7e ../../../../../Programming/Libraries/capi324v221-v2.05.000R\libcapi324v221.a(TMRSRVC_new.o)
                0x0000222a                TMRSRVC_new
 .text          0x000022a8       0x3a ../../../../../Programming/Libraries/capi324v221-v2.05.000R\libcapi324v221.a(TMRSRVC_open.o)
                0x000022a8                TMRSRVC_open
 .text          0x000022e2       0x12 ../../../../../Programming/Libraries/capi324v221-v2.05.000R\libcapi324v221.a(__TMRSRVC_init.o)
                0x000022e2                __TMRSRVC_init
 .text          0x000022f4       0xd2 ../../../../../Programming/Libraries/capi324v221-v2.05.000R\libcapi324v221.a(__TMRSRVC_insert.o)
                0x000022f4                TMRSRVC_insert
 .text          0x000023c6        0xc ../../../../../Programming/Libraries/capi324v221-v2.05.000R\libcapi324v221.a(__TMRSRVC_start.o)
                0x000023c6                __TMRSRVC_start
 .text          0x000023d2       0x26 ../../../../../Programming/Libraries/capi324v221-v2.05.000R\libcapi324v221.a(ISR_attach.o)
                0x000023d2                ISR_attach
 .text          0x000023f8       0x20 ../../../../../Programming/Libraries/capi324v221-v2.05.000R\libcapi324v221.a(__ISR_attach.o)
                0x000023f8                __ISR_attach
 .text          0x00002418       0x22 ../../../../../Programming/Libraries/capi324v221-v2.05.000R\libcapi324v221.a(SPI_receive.o)
                0x00002418                SPI_receive
 .text          0x0000243a        0x6 ../../../../../Programming/Libraries/capi324v221-v2.05.000R\libcapi324v221.a(ISR__SPKR__TIMER1_COMPA_vect.o)
                0x0000243a                __SPKR_TIMER1_COMPA_vect
 .text          0x00002440       0x48 ../../../../../Programming/Libraries/capi324v221-v2.05.000R\libcapi324v221.a(SPKR_beep.o)
                0x00002440                SPKR_beep
 .text          0x00002488       0x82 ../../../../../Programming/Libraries/capi324v221-v2.05.000R\libcapi324v221.a(SPKR_clk.o)
                0x00002488                SPKR_clk
 .text          0x0000250a       0xd6 ../../../../../Programming/Libraries/capi324v221-v2.05.000R\libcapi324v221.a(STEPPER_set_decel_step_values.o)
                0x0000250a                STEPPER_set_decel_step_values
 .text          0x000025e0        0xe ../../../../../Programming/Libraries/capi324v221-v2.05.000R\libcapi324v221.a(ISR__TIMER0_COMPA_vect.o)
                0x000025e0                __TIMER0_COMPA_vect
 .text          0x000025ee        0x8 ../../../../../Programming/Libraries/capi324v221-v2.05.000R\libcapi324v221.a(TMRSRVC_start.o)
                0x000025ee                TMRSRVC_start
 .text          0x000025f6       0x34 ../../../../../Programming/Libraries/capi324v221-v2.05.000R\libcapi324v221.a(TMRSRVC_tick.o)
                0x000025f6                TMRSRVC_tick
 .text          0x0000262a       0x4e ../../../../../Programming/Libraries/capi324v221-v2.05.000R\libcapi324v221.a(SPKR_beep_clk.o)
                0x0000262a                SPKR_beep_clk
 .text          0x00002678      0x162 ../../../../../Programming/Libraries/capi324v221-v2.05.000R\libcapi324v221.a(STEPPER_clk.o)
                0x00002678                STEPPER_clk
 .text          0x000027da       0x8a ../../../../../Programming/Libraries/capi324v221-v2.05.000R\libcapi324v221.a(STEPPER_process_accel.o)
                0x000027da                STEPPER_process_accel
 .text          0x00002864      0x1fe ../../../../../Programming/Libraries/capi324v221-v2.05.000R\libcapi324v221.a(STEPPER_process_run_mode.o)
                0x00002864                STEPPER_process_run_mode
 .text          0x00002a62       0xac ../../../../../Programming/Libraries/capi324v221-v2.05.000R\libcapi324v221.a(STEPPER_process_step_mode.o)
                0x00002a62                STEPPER_process_step_mode
 .text          0x00002b0e       0x4a ../../../../../Programming/Libraries/capi324v221-v2.05.000R\libcapi324v221.a(STEPPER_stop.o)
                0x00002b0e                STEPPER_stop
 .text          0x00002b58       0xd8 ../../../../../Programming/Libraries/capi324v221-v2.05.000R\libcapi324v221.a(TMRSRVC_process.o)
                0x00002b58                TMRSRVC_process
 .text          0x00002c30        0x6 ../../../../../Programming/Libraries/capi324v221-v2.05.000R\libcapi324v221.a(TMRSRVC_stop.o)
                0x00002c30                TMRSRVC_stop
 .text          0x00002c36      0x130 ../../../../../Programming/Libraries/capi324v221-v2.05.000R\libcapi324v221.a(STEPPER_process_pwm.o)
                0x00002c36                STEPPER_process_pwm
                0x00002d66                . = ALIGN (0x2)
 *(.text.*)
 .text.CBOT_main
                0x00002d66       0xe6 GccApplication1.o
                0x00002d66                CBOT_main
 .text.avr-libc.fplib
                0x00002e4c        0xa c:/program files (x86)/atmel/atmel toolchain/avr8 gcc/native/3.4.1061/avr8-gnu-toolchain/bin/../lib/gcc/avr/4.8.1/../../../../avr/lib/avr5\libm.a(addsf3.o)
                0x00002e4c                __subsf3
                0x00002e4e                __addsf3
 .text.avr-libc.fplib
                0x00002e56       0xc0 c:/program files (x86)/atmel/atmel toolchain/avr8 gcc/native/3.4.1061/avr8-gnu-toolchain/bin/../lib/gcc/avr/4.8.1/../../../../avr/lib/avr5\libm.a(addsf3x.o)
                0x00002e70                __addsf3x
 .text.avr-libc.fplib
                0x00002f16        0x4 c:/program files (x86)/atmel/atmel toolchain/avr8 gcc/native/3.4.1061/avr8-gnu-toolchain/bin/../lib/gcc/avr/4.8.1/../../../../avr/lib/avr5\libm.a(divsf3.o)
                0x00002f16                __divsf3
 .text.avr-libc.fplib
                0x00002f1a       0xcc c:/program files (x86)/atmel/atmel toolchain/avr8 gcc/native/3.4.1061/avr8-gnu-toolchain/bin/../lib/gcc/avr/4.8.1/../../../../avr/lib/avr5\libm.a(divsf3x.o)
                0x00002f30                __divsf3x
                0x00002f34                __divsf3_pse
 .text.avr-libc.fplib
                0x00002fe6       0x7a c:/program files (x86)/atmel/atmel toolchain/avr8 gcc/native/3.4.1061/avr8-gnu-toolchain/bin/../lib/gcc/avr/4.8.1/../../../../avr/lib/avr5\libm.a(floatsisf.o)
                0x00002fe6                __floatunsisf
                0x00002fea                __floatsisf
 .text.avr-libc.fplib
                0x00003060        0xc c:/program files (x86)/atmel/atmel toolchain/avr8 gcc/native/3.4.1061/avr8-gnu-toolchain/bin/../lib/gcc/avr/4.8.1/../../../../avr/lib/avr5\libm.a(fp_inf.o)
                0x00003060                __fp_inf
 .text.avr-libc.fplib
                0x0000306c        0x6 c:/program files (x86)/atmel/atmel toolchain/avr8 gcc/native/3.4.1061/avr8-gnu-toolchain/bin/../lib/gcc/avr/4.8.1/../../../../avr/lib/avr5\libm.a(fp_nan.o)
                0x0000306c                __fp_nan
 .text.avr-libc.fplib
                0x00003072        0xe c:/program files (x86)/atmel/atmel toolchain/avr8 gcc/native/3.4.1061/avr8-gnu-toolchain/bin/../lib/gcc/avr/4.8.1/../../../../avr/lib/avr5\libm.a(fp_pscA.o)
                0x00003072                __fp_pscA
 .text.avr-libc.fplib
                0x00003080        0xe c:/program files (x86)/atmel/atmel toolchain/avr8 gcc/native/3.4.1061/avr8-gnu-toolchain/bin/../lib/gcc/avr/4.8.1/../../../../avr/lib/avr5\libm.a(fp_pscB.o)
                0x00003080                __fp_pscB
 .text.avr-libc.fplib
                0x0000308e       0x22 c:/program files (x86)/atmel/atmel toolchain/avr8 gcc/native/3.4.1061/avr8-gnu-toolchain/bin/../lib/gcc/avr/4.8.1/../../../../avr/lib/avr5\libm.a(fp_round.o)
                0x0000308e                __fp_round
 .text.avr-libc.fplib
                0x000030b0       0x44 c:/program files (x86)/atmel/atmel toolchain/avr8 gcc/native/3.4.1061/avr8-gnu-toolchain/bin/../lib/gcc/avr/4.8.1/../../../../avr/lib/avr5\libm.a(fp_split3.o)
                0x000030b0                __fp_split3
                0x000030c0                __fp_splitA
 .text.avr-libc.fplib
                0x000030f4        0xe c:/program files (x86)/atmel/atmel toolchain/avr8 gcc/native/3.4.1061/avr8-gnu-toolchain/bin/../lib/gcc/avr/4.8.1/../../../../avr/lib/avr5\libm.a(fp_zero.o)
                0x000030f4                __fp_zero
                0x000030f6                __fp_szero
 .text.avr-libc.fplib
                0x00003102       0x74 c:/program files (x86)/atmel/atmel toolchain/avr8 gcc/native/3.4.1061/avr8-gnu-toolchain/bin/../lib/gcc/avr/4.8.1/../../../../avr/lib/avr5\libm.a(lrint.o)
                0x00003102                lrint
 .text.avr-libc.fplib
                0x00003176        0x4 c:/program files (x86)/atmel/atmel toolchain/avr8 gcc/native/3.4.1061/avr8-gnu-toolchain/bin/../lib/gcc/avr/4.8.1/../../../../avr/lib/avr5\libm.a(mulsf3.o)
                0x00003176                __mulsf3
 .text.avr-libc.fplib
                0x0000317a       0xc2 c:/program files (x86)/atmel/atmel toolchain/avr8 gcc/native/3.4.1061/avr8-gnu-toolchain/bin/../lib/gcc/avr/4.8.1/../../../../avr/lib/avr5\libm.a(mulsf3x.o)
                0x0000318e                __mulsf3x
                0x00003192                __mulsf3_pse
 .text.avr-libc.fplib
                0x0000323c       0x98 c:/program files (x86)/atmel/atmel toolchain/avr8 gcc/native/3.4.1061/avr8-gnu-toolchain/bin/../lib/gcc/avr/4.8.1/../../../../avr/lib/avr5\libm.a(pow.o)
                0x0000323c                pow
 .text.avr-libc.fplib
                0x000032d4       0x62 c:/program files (x86)/atmel/atmel toolchain/avr8 gcc/native/3.4.1061/avr8-gnu-toolchain/bin/../lib/gcc/avr/4.8.1/../../../../avr/lib/avr5\libm.a(exp.o)
                0x000032de                exp
 .text.avr-libc.fplib
                0x00003336       0x4a c:/program files (x86)/atmel/atmel toolchain/avr8 gcc/native/3.4.1061/avr8-gnu-toolchain/bin/../lib/gcc/avr/4.8.1/../../../../avr/lib/avr5\libm.a(fp_powser.o)
                0x00003336                __fp_powser
 .text.avr-libc.fplib
                0x00003380        0xe c:/program files (x86)/atmel/atmel toolchain/avr8 gcc/native/3.4.1061/avr8-gnu-toolchain/bin/../lib/gcc/avr/4.8.1/../../../../avr/lib/avr5\libm.a(inverse.o)
                0x00003380                inverse
 .text.avr-libc.fplib
                0x0000338e       0x6c c:/program files (x86)/atmel/atmel toolchain/avr8 gcc/native/3.4.1061/avr8-gnu-toolchain/bin/../lib/gcc/avr/4.8.1/../../../../avr/lib/avr5\libm.a(ldexp.o)
                0x00003392                ldexp
 .text.avr-libc.fplib
                0x000033fa       0x8a c:/program files (x86)/atmel/atmel toolchain/avr8 gcc/native/3.4.1061/avr8-gnu-toolchain/bin/../lib/gcc/avr/4.8.1/../../../../avr/lib/avr5\libm.a(log.o)
                0x00003404                log
 .text.avr-libc.fplib
                0x00003484       0x66 c:/program files (x86)/atmel/atmel toolchain/avr8 gcc/native/3.4.1061/avr8-gnu-toolchain/bin/../lib/gcc/avr/4.8.1/../../../../avr/lib/avr5\libm.a(modf.o)
                0x00003484                modf
                0x00003484                modff
 .text.avr-libc.fplib
                0x000034ea       0x1c c:/program files (x86)/atmel/atmel toolchain/avr8 gcc/native/3.4.1061/avr8-gnu-toolchain/bin/../lib/gcc/avr/4.8.1/../../../../avr/lib/avr5\libm.a(fp_mpack.o)
                0x000034ea                __fp_mpack
                0x000034ee                __fp_mpack_finite
 .text.libgcc.mul
                0x00003506       0x20 c:/program files (x86)/atmel/atmel toolchain/avr8 gcc/native/3.4.1061/avr8-gnu-toolchain/bin/../lib/gcc/avr/4.8.1/avr5\libgcc.a(_mulsi3.o)
                0x00003506                __mulsi3
 .text.libgcc.div
                0x00003526       0x44 c:/program files (x86)/atmel/atmel toolchain/avr8 gcc/native/3.4.1061/avr8-gnu-toolchain/bin/../lib/gcc/avr/4.8.1/avr5\libgcc.a(_udivmodsi4.o)
                0x00003526                __udivmodsi4
 .text.libgcc.mul
                0x0000356a       0x16 c:/program files (x86)/atmel/atmel toolchain/avr8 gcc/native/3.4.1061/avr8-gnu-toolchain/bin/../lib/gcc/avr/4.8.1/avr5\libgcc.a(_muluhisi3.o)
                0x0000356a                __muluhisi3
 .text.libgcc.mul
                0x00003580       0x1e c:/program files (x86)/atmel/atmel toolchain/avr8 gcc/native/3.4.1061/avr8-gnu-toolchain/bin/../lib/gcc/avr/4.8.1/avr5\libgcc.a(_umulhisi3.o)
                0x00003580                __umulhisi3
 .text.avr-libc
                0x0000359e      0x24e c:/program files (x86)/atmel/atmel toolchain/avr8 gcc/native/3.4.1061/avr8-gnu-toolchain/bin/../lib/gcc/avr/4.8.1/../../../../avr/lib/avr5\libc.a(malloc.o)
                0x0000359e                malloc
                0x000036ce                free
 .text.avr-libc
                0x000037ec       0x28 c:/program files (x86)/atmel/atmel toolchain/avr8 gcc/native/3.4.1061/avr8-gnu-toolchain/bin/../lib/gcc/avr/4.8.1/../../../../avr/lib/avr5\libc.a(printf.o)
                0x000037ec                printf
 .text.avr-libc
                0x00003814      0x3a4 c:/program files (x86)/atmel/atmel toolchain/avr8 gcc/native/3.4.1061/avr8-gnu-toolchain/bin/../lib/gcc/avr/4.8.1/../../../../avr/lib/avr5\libc.a(vfprintf_std.o)
                0x00003814                vfprintf
 .text.avr-libc
                0x00003bb8       0x16 c:/program files (x86)/atmel/atmel toolchain/avr8 gcc/native/3.4.1061/avr8-gnu-toolchain/bin/../lib/gcc/avr/4.8.1/../../../../avr/lib/avr5\libc.a(strnlen_P.o)
                0x00003bb8                strnlen_P
 .text.avr-libc
                0x00003bce       0x16 c:/program files (x86)/atmel/atmel toolchain/avr8 gcc/native/3.4.1061/avr8-gnu-toolchain/bin/../lib/gcc/avr/4.8.1/../../../../avr/lib/avr5\libc.a(strnlen.o)
                0x00003bce                strnlen
 .text.avr-libc
                0x00003be4       0x64 c:/program files (x86)/atmel/atmel toolchain/avr8 gcc/native/3.4.1061/avr8-gnu-toolchain/bin/../lib/gcc/avr/4.8.1/../../../../avr/lib/avr5\libc.a(fputc.o)
                0x00003be4                fputc
 .text.avr-libc
                0x00003c48       0xbc c:/program files (x86)/atmel/atmel toolchain/avr8 gcc/native/3.4.1061/avr8-gnu-toolchain/bin/../lib/gcc/avr/4.8.1/../../../../avr/lib/avr5\libc.a(ultoa_invert.o)
                0x00003c48                __ultoa_invert
 .text.libgcc.prologue
                0x00003d04       0x38 c:/program files (x86)/atmel/atmel toolchain/avr8 gcc/native/3.4.1061/avr8-gnu-toolchain/bin/../lib/gcc/avr/4.8.1/avr5\libgcc.a(_prologue.o)
                0x00003d04                __prologue_saves__
 .text.libgcc.prologue
                0x00003d3c       0x36 c:/program files (x86)/atmel/atmel toolchain/avr8 gcc/native/3.4.1061/avr8-gnu-toolchain/bin/../lib/gcc/avr/4.8.1/avr5\libgcc.a(_epilogue.o)
                0x00003d3c                __epilogue_restores__
                0x00003d72                . = ALIGN (0x2)
 *(.fini9)
 .fini9         0x00003d72        0x0 c:/program files (x86)/atmel/atmel toolchain/avr8 gcc/native/3.4.1061/avr8-gnu-toolchain/bin/../lib/gcc/avr/4.8.1/avr5\libgcc.a(_exit.o)
                0x00003d72                _exit
                0x00003d72                exit
 *(.fini9)
 *(.fini8)
 *(.fini8)
 *(.fini7)
 *(.fini7)
 *(.fini6)
 *(.fini6)
 *(.fini5)
 *(.fini5)
 *(.fini4)
 *(.fini4)
 *(.fini3)
 *(.fini3)
 *(.fini2)
 *(.fini2)
 *(.fini1)
 *(.fini1)
 *(.fini0)
 .fini0         0x00003d72        0x4 c:/program files (x86)/atmel/atmel toolchain/avr8 gcc/native/3.4.1061/avr8-gnu-toolchain/bin/../lib/gcc/avr/4.8.1/avr5\libgcc.a(_exit.o)
 *(.fini0)
                0x00003d76                _etext = .

.data           0x00800100       0x28 load address 0x00003d76
                0x00800100                PROVIDE (__data_start, .)
 *(.data)
 .data          0x00800100        0xe ../../../../../Programming/Libraries/capi324v221-v2.05.000R\libcapi324v221.a(LCD_globals.o)
                0x00800100                LCD_stdout
 .data          0x0080010e        0x8 ../../../../../Programming/Libraries/capi324v221-v2.05.000R\libcapi324v221.a(STEPPER_globals.o)
                0x0080010e                Motor_L_LUT
                0x00800112                Motor_R_LUT
 .data          0x00800116        0x6 c:/program files (x86)/atmel/atmel toolchain/avr8 gcc/native/3.4.1061/avr8-gnu-toolchain/bin/../lib/gcc/avr/4.8.1/../../../../avr/lib/avr5\libc.a(malloc.o)
                0x00800116                __malloc_heap_end
                0x00800118                __malloc_heap_start
                0x0080011a                __malloc_margin
 *(.data*)
 *(.rodata)
 *(.rodata*)
 .rodata.str1.1
                0x0080011c        0xb GccApplication1.o
 *(.gnu.linkonce.d*)
                0x00800128                . = ALIGN (0x2)
 *fill*         0x00800127        0x1 
                0x00800128                _edata = .
                0x00800128                PROVIDE (__data_end, .)

.bss            0x00800128      0x106
                0x00800128                PROVIDE (__bss_start, .)
 *(.bss)
 .bss           0x00800128        0x2 ../../../../../Programming/Libraries/capi324v221-v2.05.000R\libcapi324v221.a(STEPPER_step.o)
 .bss           0x0080012a        0x2 ../../../../../Programming/Libraries/capi324v221-v2.05.000R\libcapi324v221.a(STEPPER_step2.o)
 .bss           0x0080012c       0x40 ../../../../../Programming/Libraries/capi324v221-v2.05.000R\libcapi324v221.a(ISR_globals.o)
                0x0080012c                CBOT_ISR_vtable
 .bss           0x0080016c       0x10 ../../../../../Programming/Libraries/capi324v221-v2.05.000R\libcapi324v221.a(SPI_globals.o)
                0x0080016c                spi_config_func_LUT
 .bss           0x0080017c       0x10 ../../../../../Programming/Libraries/capi324v221-v2.05.000R\libcapi324v221.a(SPKR_globals.o)
                0x0080017c                tone_mode_active
                0x0080017d                beep_mode_active
                0x0080017e                spkr_accum32
                0x00800182                spkr_freq
                0x00800186                beep_accum16
                0x00800188                beep_freq
                0x0080018a                p_Freq_LUT
 .bss           0x0080018c        0x2 ../../../../../Programming/Libraries/capi324v221-v2.05.000R\libcapi324v221.a(TMRSRVC_globals.o)
                0x0080018c                timer_busy_status
                0x0080018d                timer_run_status
 .bss           0x0080018e        0x1 ../../../../../Programming/Libraries/capi324v221-v2.05.000R\libcapi324v221.a(STEPPER_process_run_mode.o)
 .bss           0x0080018f        0x4 ../../../../../Programming/Libraries/capi324v221-v2.05.000R\libcapi324v221.a(STEPPER_process_pwm.o)
 *(.bss*)
 *(COMMON)
 COMMON         0x00800193       0x15 ../../../../../Programming/Libraries/capi324v221-v2.05.000R\libcapi324v221.a(SYS_globals.o)
                0x00800193                CBOT_SYSTEM_refcount
 COMMON         0x008001a8       0x1c ../../../../../Programming/Libraries/capi324v221-v2.05.000R\libcapi324v221.a(UART_globals.o)
                0x008001a8                UART1_timeout_timer
                0x008001b1                UART0_timeout_timer
                0x008001ba                UART_params
 COMMON         0x008001c4        0x5 ../../../../../Programming/Libraries/capi324v221-v2.05.000R\libcapi324v221.a(LCD_globals.o)
                0x008001c4                LCD_params
 COMMON         0x008001c9        0x1 ../../../../../Programming/Libraries/capi324v221-v2.05.000R\libcapi324v221.a(SPI_globals.o)
                0x008001c9                curr_spi_addr
 COMMON         0x008001ca       0x39 ../../../../../Programming/Libraries/capi324v221-v2.05.000R\libcapi324v221.a(STEPPER_globals.o)
                0x008001ca                STEPPER_params
                0x00800201                step_done
 COMMON         0x00800203       0x1e ../../../../../Programming/Libraries/capi324v221-v2.05.000R\libcapi324v221.a(ATTINY_globals.o)
                0x00800203                ATTINY_params
 COMMON         0x00800221        0x3 ../../../../../Programming/Libraries/capi324v221-v2.05.000R\libcapi324v221.a(TMRSRVC_globals.o)
                0x00800221                tmrNodes
 COMMON         0x00800224        0x4 c:/program files (x86)/atmel/atmel toolchain/avr8 gcc/native/3.4.1061/avr8-gnu-toolchain/bin/../lib/gcc/avr/4.8.1/../../../../avr/lib/avr5\libc.a(malloc.o)
                0x00800224                __brkval
                0x00800226                __flp
 COMMON         0x00800228        0x6 c:/program files (x86)/atmel/atmel toolchain/avr8 gcc/native/3.4.1061/avr8-gnu-toolchain/bin/../lib/gcc/avr/4.8.1/../../../../avr/lib/avr5\libc.a(iob.o)
                0x00800228                __iob
                0x0080022e                PROVIDE (__bss_end, .)
                0x00003d76                __data_load_start = LOADADDR (.data)
                0x00003d9e                __data_load_end = (__data_load_start + SIZEOF (.data))

.noinit         0x0080022e        0x0
                0x0080022e                PROVIDE (__noinit_start, .)
 *(.noinit*)
                0x0080022e                PROVIDE (__noinit_end, .)
                0x0080022e                _end = .
                0x0080022e                PROVIDE (__heap_start, .)

.eeprom         0x00810000        0x0
 *(.eeprom*)
                0x00810000                __eeprom_end = .

.fuse
 *(.fuse)
 *(.lfuse)
 *(.hfuse)
 *(.efuse)

.lock
 *(.lock*)

.signature
 *(.signature*)

.user_signatures
 *(.user_signatures*)

.stab
 *(.stab)

.stabstr
 *(.stabstr)

.stab.excl
 *(.stab.excl)

.stab.exclstr
 *(.stab.exclstr)

.stab.index
 *(.stab.index)

.stab.indexstr
 *(.stab.indexstr)

.comment        0x00000000       0x5c
 *(.comment)
 .comment       0x00000000       0x30 GccApplication1.o
                                 0x31 (size before relaxing)
 .comment       0x00000000       0x31 c:/program files (x86)/atmel/atmel toolchain/avr8 gcc/native/3.4.1061/avr8-gnu-toolchain/bin/../lib/gcc/avr/4.8.1/../../../../avr/lib/avr5\libc.a(malloc.o)
 .comment       0x00000000       0x31 c:/program files (x86)/atmel/atmel toolchain/avr8 gcc/native/3.4.1061/avr8-gnu-toolchain/bin/../lib/gcc/avr/4.8.1/../../../../avr/lib/avr5\libc.a(iob.o)
 .comment       0x00000000       0x31 c:/program files (x86)/atmel/atmel toolchain/avr8 gcc/native/3.4.1061/avr8-gnu-toolchain/bin/../lib/gcc/avr/4.8.1/../../../../avr/lib/avr5\libc.a(printf.o)
 .comment       0x00000030       0x2c c:/program files (x86)/atmel/atmel toolchain/avr8 gcc/native/3.4.1061/avr8-gnu-toolchain/bin/../lib/gcc/avr/4.8.1/../../../../avr/lib/avr5\libc.a(vfprintf_std.o)
                                 0x2d (size before relaxing)
 .comment       0x00000000       0x31 c:/program files (x86)/atmel/atmel toolchain/avr8 gcc/native/3.4.1061/avr8-gnu-toolchain/bin/../lib/gcc/avr/4.8.1/../../../../avr/lib/avr5\libc.a(fputc.o)

.note.gnu.build-id
 *(.note.gnu.build-id)

.debug
 *(.debug)

.line
 *(.line)

.debug_srcinfo
 *(.debug_srcinfo)

.debug_sfnames
 *(.debug_sfnames)

.debug_aranges  0x00000000       0x20
 *(.debug_aranges)
 .debug_aranges
                0x00000000       0x20 GccApplication1.o

.debug_pubnames
 *(.debug_pubnames)

.debug_info     0x00000000      0x5e7
 *(.debug_info .gnu.linkonce.wi.*)
 .debug_info    0x00000000      0x5e7 GccApplication1.o

.debug_abbrev   0x00000000      0x1e8
 *(.debug_abbrev)
 .debug_abbrev  0x00000000      0x1e8 GccApplication1.o

.debug_line     0x00000000      0x1f4
 *(.debug_line .debug_line.* .debug_line_end)
 .debug_line    0x00000000      0x1f4 GccApplication1.o

.debug_frame    0x00000000       0x34
 *(.debug_frame)
 .debug_frame   0x00000000       0x34 GccApplication1.o

.debug_str      0x00000000      0x60d
 *(.debug_str)
 .debug_str     0x00000000      0x60d GccApplication1.o
                                0x646 (size before relaxing)

.debug_loc      0x00000000       0xf5
 *(.debug_loc)
 .debug_loc     0x00000000       0xf5 GccApplication1.o

.debug_macinfo
 *(.debug_macinfo)

.debug_weaknames
 *(.debug_weaknames)

.debug_funcnames
 *(.debug_funcnames)

.debug_typenames
 *(.debug_typenames)

.debug_varnames
 *(.debug_varnames)

.debug_pubtypes
 *(.debug_pubtypes)

.debug_ranges   0x00000000       0x10
 *(.debug_ranges)
 .debug_ranges  0x00000000       0x10 GccApplication1.o

.debug_macro
 *(.debug_macro)
OUTPUT(UART Configuration for 'Slave'.elf elf32-avr)
LOAD linker stubs
